Component: ARM Compiler 5.06 update 6 (build 750) Tool: armlink [4d35ed]

==============================================================================

Section Cross References

    main.o(i.TIM2_IRQHandler) refers to _printf_percent.o(.ARM.Collect$$_printf_percent$$00000000) for _printf_percent
    main.o(i.TIM2_IRQHandler) refers to _printf_f.o(.ARM.Collect$$_printf_percent$$00000003) for _printf_f
    main.o(i.TIM2_IRQHandler) refers to printf1.o(x$fpl$printf1) for _printf_fp_dec
    main.o(i.TIM2_IRQHandler) refers to ds18b20.o(i.OneWire_Init) for OneWire_Init
    main.o(i.TIM2_IRQHandler) refers to ds18b20.o(i.OneWire_Print) for OneWire_Print
    main.o(i.TIM2_IRQHandler) refers to f2d.o(x$fpl$f2d) for __aeabi_f2d
    main.o(i.TIM2_IRQHandler) refers to noretval__2sprintf.o(.text) for __2sprintf
    main.o(i.TIM2_IRQHandler) refers to main.o(.data) for buffer_ROM
    main.o(i.TIM3_IRQHandler) refers to esp8266.o(i.esp8266TcpStatus) for esp8266TcpStatus
    main.o(i.TIM3_IRQHandler) refers to usart.o(i.usartSendArrar) for usartSendArrar
    main.o(i.TIM3_IRQHandler) refers to esp8266.o(i.esp8266TcpSend_packet) for esp8266TcpSend_packet
    main.o(i.TIM3_IRQHandler) refers to main.o(.data) for current_status
    main.o(i.main) refers to _printf_pad.o(.text) for _printf_pre_padding
    main.o(i.main) refers to _printf_percent.o(.ARM.Collect$$_printf_percent$$00000000) for _printf_percent
    main.o(i.main) refers to _printf_x.o(.ARM.Collect$$_printf_percent$$0000000C) for _printf_x
    main.o(i.main) refers to _printf_hex_int.o(.text) for _printf_longlong_hex
    main.o(i.main) refers to main.o(i.rcc_init) for rcc_init
    main.o(i.main) refers to usart.o(i.usart1_init) for usart1_init
    main.o(i.main) refers to usart.o(i.usart2_init) for usart2_init
    main.o(i.main) refers to led.o(i.led_init) for led_init
    main.o(i.main) refers to delay_tim1.o(i.delay_tim1_init) for delay_tim1_init
    main.o(i.main) refers to ds18b20.o(i.OneWire_Init) for OneWire_Init
    main.o(i.main) refers to ds18b20.o(i.OneWire_Read_ROM) for OneWire_Read_ROM
    main.o(i.main) refers to noretval__2sprintf.o(.text) for __2sprintf
    main.o(i.main) refers to usart.o(i.usart_send_string) for usart_send_string
    main.o(i.main) refers to esp8266.o(i.esp8266Begin) for esp8266Begin
    main.o(i.main) refers to usart.o(i.usartSendArrar) for usartSendArrar
    main.o(i.main) refers to delay_tim1.o(i.delay_ms) for delay_ms
    main.o(i.main) refers to esp8266.o(i.esp8266Connect) for esp8266Connect
    main.o(i.main) refers to timer.o(i.timer2_init) for timer2_init
    main.o(i.main) refers to timer.o(i.timer4_init) for timer4_init
    main.o(i.main) refers to timer.o(i.timer3_init) for timer3_init
    main.o(i.main) refers to main.o(.data) for buffer_ROM
    main.o(i.main) refers to main.o(.bss) for text
    main.o(.data) refers to main.o(.conststring) for .conststring
    timer.o(i.timer2_init) refers to timer.o(i.NVIC_SetPriority) for NVIC_SetPriority
    timer.o(i.timer2_init) refers to timer.o(i.NVIC_EnableIRQ) for NVIC_EnableIRQ
    timer.o(i.timer3_init) refers to timer.o(i.NVIC_SetPriority) for NVIC_SetPriority
    timer.o(i.timer3_init) refers to timer.o(i.NVIC_EnableIRQ) for NVIC_EnableIRQ
    timer.o(i.timer4_init) refers to timer.o(i.NVIC_SetPriority) for NVIC_SetPriority
    timer.o(i.timer4_init) refers to timer.o(i.NVIC_EnableIRQ) for NVIC_EnableIRQ
    usart.o(i.usart1_init) refers to usart.o(i.NVIC_EnableIRQ) for NVIC_EnableIRQ
    usart.o(i.usart2_init) refers to usart.o(i.NVIC_EnableIRQ) for NVIC_EnableIRQ
    usart.o(i.usartSendArrar) refers to strlen.o(.text) for strlen
    usart.o(i.usartSendArrar) refers to usart.o(i.usart_send_data) for usart_send_data
    usart.o(i.usart_send_string) refers to usart.o(i.usart_send_data) for usart_send_data
    delay_tim1.o(i.delay_ms) refers to delay_tim1.o(.data) for prescaler_ms
    delay_tim1.o(i.delay_tim1_init) refers to system_stm32f10x.o(.data) for SystemCoreClock
    delay_tim1.o(i.delay_tim1_init) refers to delay_tim1.o(.data) for prescaler_ms
    delay_tim1.o(i.delay_us) refers to delay_tim1.o(.data) for prescaler_us
    ds18b20.o(i.OneWire_Init) refers to ds18b20.o(i.SetPinAsOutput) for SetPinAsOutput
    ds18b20.o(i.OneWire_Init) refers to delay_tim1.o(i.delay_us) for delay_us
    ds18b20.o(i.OneWire_Init) refers to ds18b20.o(i.SetPinAsInput) for SetPinAsInput
    ds18b20.o(i.OneWire_Init) refers to ds18b20.o(.data) for OK_Flag
    ds18b20.o(i.OneWire_Match_ROM) refers to ds18b20.o(i.OneWire_Init) for OneWire_Init
    ds18b20.o(i.OneWire_Match_ROM) refers to ds18b20.o(i.OneWire_Write) for OneWire_Write
    ds18b20.o(i.OneWire_Print) refers to ds18b20.o(i.OneWire_Init) for OneWire_Init
    ds18b20.o(i.OneWire_Print) refers to ds18b20.o(i.OneWire_Match_ROM) for OneWire_Match_ROM
    ds18b20.o(i.OneWire_Print) refers to ds18b20.o(i.OneWire_Write) for OneWire_Write
    ds18b20.o(i.OneWire_Print) refers to ds18b20.o(i.OneWire_Read) for OneWire_Read
[...]
    ../clib/signal.c                         0x00000000   Number         0  defsig_rtmem_inner.o ABSOLUTE
    ../clib/signal.c                         0x00000000   Number         0  defsig_pvfn_inner.o ABSOLUTE
    ../clib/signal.c                         0x00000000   Number         0  defsig_other.o ABSOLUTE
    ../clib/signal.c                         0x00000000   Number         0  defsig_segv_inner.o ABSOLUTE
    ../clib/signal.c                         0x00000000   Number         0  defsig_cppl_inner.o ABSOLUTE
    ../clib/signal.c                         0x00000000   Number         0  defsig_stak_inner.o ABSOLUTE
    ../clib/signal.c                         0x00000000   Number         0  defsig_rtred_inner.o ABSOLUTE
    ../clib/signal.s                         0x00000000   Number         0  defsig.o ABSOLUTE
    ../clib/stdlib.c                         0x00000000   Number         0  exit.o ABSOLUTE
    ../clib/string.c                         0x00000000   Number         0  strncat.o ABSOLUTE
    ../clib/string.c                         0x00000000   Number         0  strlen.o ABSOLUTE
    ../clib/string.c                         0x00000000   Number         0  strcpy.o ABSOLUTE
    ../clib/string.c                         0x00000000   Number         0  strstr.o ABSOLUTE
    ../clib/string.c                         0x00000000   Number         0  strchr.o ABSOLUTE
    ../fplib/dretinf.s                       0x00000000   Number         0  dretinf.o ABSOLUTE
    ../fplib/f2d.s                           0x00000000   Number         0  f2d.o ABSOLUTE
    ../fplib/faddsub.s                       0x00000000   Number         0  faddsub_clz.o ABSOLUTE
    ../fplib/fdiv.s                          0x00000000   Number         0  fdiv.o ABSOLUTE
    ../fplib/fflt.s                          0x00000000   Number         0  fflt_clz.o ABSOLUTE
    ../fplib/fnaninf.s                       0x00000000   Number         0  fnaninf.o ABSOLUTE
    ../fplib/fpinit.s                        0x00000000   Number         0  fpinit.o ABSOLUTE
    ../fplib/fretinf.s                       0x00000000   Number         0  fretinf.o ABSOLUTE
    ../fplib/istatus.s                       0x00000000   Number         0  istatus.o ABSOLUTE
    ../fplib/printf1.s                       0x00000000   Number         0  printf1.o ABSOLUTE
    ../fplib/usenofp.s                       0x00000000   Number         0  usenofp.o ABSOLUTE
    ../mathlib/fpclassify.c                  0x00000000   Number         0  fpclassify.o ABSOLUTE
    CMSIS\\src\\core_cm3.c                   0x00000000   Number         0  core_cm3.o ABSOLUTE
    CMSIS\src\core_cm3.c                     0x00000000   Number         0  core_cm3.o ABSOLUTE
    CMSIS\src\system_stm32f10x.c             0x00000000   Number         0  system_stm32f10x.o ABSOLUTE
    Code\src\common.c                        0x00000000   Number         0  common.o ABSOLUTE
    Code\src\delay_tim1.c                    0x00000000   Number         0  delay_tim1.o ABSOLUTE
    Code\src\ds18b20.c                       0x00000000   Number         0  ds18b20.o ABSOLUTE
    Code\src\esp8266.c                       0x00000000   Number         0  esp8266.o ABSOLUTE
    Code\src\led.c                           0x00000000   Number         0  led.o ABSOLUTE
    Code\src\main.c                          0x00000000   Number         0  main.o ABSOLUTE
    Code\src\timer.c                         0x00000000   Number         0  timer.o ABSOLUTE
    Code\src\usart.c                         0x00000000   Number         0  usart.o ABSOLUTE
    Startup\startup_stm32f10x_md.s           0x00000000   Number         0  startup_stm32f10x_md.o ABSOLUTE
    dc.s                                     0x00000000   Number         0  dc.o ABSOLUTE
    RESET                                    0x08000000   Section      236  startup_stm32f10x_md.o(RESET)
    !!!main                                  0x080000ec   Section        8  __main.o(!!!main)
    !!!scatter                               0x080000f4   Section       52  __scatter.o(!!!scatter)
    !!handler_copy                           0x08000128   Section       26  __scatter_copy.o(!!handler_copy)
    !!handler_zi                             0x08000144   Section       28  __scatter_zi.o(!!handler_zi)
    .ARM.Collect$$_printf_percent$$00000000  0x08000160   Section        0  _printf_percent.o(.ARM.Collect$$_printf_percent$$00000000)
    .ARM.Collect$$_printf_percent$$00000003  0x08000160   Section        6  _printf_f.o(.ARM.Collect$$_printf_percent$$00000003)
    .ARM.Collect$$_printf_percent$$00000009  0x08000166   Section        6  _printf_d.o(.ARM.Collect$$_printf_percent$$00000009)
    .ARM.Collect$$_printf_percent$$0000000C  0x0800016c   Section        6  _printf_x.o(.ARM.Collect$$_printf_percent$$0000000C)
    .ARM.Collect$$_printf_percent$$00000017  0x08000172   Section        4  _printf_percent_end.o(.ARM.Collect$$_printf_percent$$00000017)
    .ARM.Collect$$libinit$$00000000          0x08000176   Section        2  libinit.o(.ARM.Collect$$libinit$$00000000)
    .ARM.Collect$$libinit$$00000002          0x08000178   Section        0  libinit2.o(.ARM.Collect$$libinit$$00000002)
    .ARM.Collect$$libinit$$00000004          0x08000178   Section        0  libinit2.o(.ARM.Collect$$libinit$$00000004)
    .ARM.Collect$$libinit$$00000005          0x08000178   Section        8  libinit2.o(.ARM.Collect$$libinit$$00000005)
    .ARM.Collect$$libinit$$0000000A          0x08000180   Section        0  libinit2.o(.ARM.Collect$$libinit$$0000000A)
    .ARM.Collect$$libinit$$0000000C          0x08000180   Section        0  libinit2.o(.ARM.Collect$$libinit$$0000000C)
    .ARM.Collect$$libinit$$0000000E          0x08000180   Section        0  libinit2.o(.ARM.Collect$$libinit$$0000000E)
    .ARM.Collect$$libinit$$0000000F          0x08000180   Section        6  libinit2.o(.ARM.Collect$$libinit$$0000000F)
    .ARM.Collect$$libinit$$00000011          0x08000186   Section        0  libinit2.o(.ARM.Collect$$libinit$$00000011)
    .ARM.Collect$$libinit$$00000012          0x08000186   Section       12  libinit2.o(.ARM.Collect$$libinit$$00000012)
    .ARM.Collect$$libinit$$00000013          0x08000192   Section        0  libinit2.o(.ARM.Collect$$libinit$$00000013)
    .ARM.Collect$$libinit$$00000015          0x08000192   Section        0  libinit2.o(.ARM.Collect$$libinit$$00000015)
    .ARM.Collect$$libinit$$00000016          0x08000192   Section       10  libinit2.o(.ARM.Collect$$libinit$$00000016)
    .ARM.Collect$$libinit$$00000017          0x0800019c   Section        0  libinit2.o(.ARM.Collect$$libinit$$00000017)
    .ARM.Collect$$libinit$$00000019          0x0800019c   Section        0  libinit2.o(.ARM.Collect$$libinit$$00000019)
    .ARM.Collect$$libinit$$0000001B          0x0800019c   Section        0  libinit2.o(.ARM.Collect$$libinit$$0000001B)
    .ARM.Collect$$libinit$$0000001D          0x0800019c   Section        0  libinit2.o(.ARM.Collect$$libinit$$0000001D)
    .ARM.Collect$$libinit$$0000001F          0x0800019c   Section        0  libinit2.o(.ARM.Collect$$libinit$$0000001F)
    .ARM.Collect$$libinit$$00000021          0x0800019c   Section        0  libinit2.o(.ARM.Collect$$libinit$$00000021)
    .ARM.Collect$$libinit$$00000023          0x0800019c   Section        0  libinit2.o(.ARM.Collect$$libinit$$00000023)
    .ARM.Collect$$libinit$$00000025          0x0800019c   Section        0  libinit2.o(.ARM.Collect$$libinit$$00000025)
    .ARM.Collect$$libinit$$0000002C          0x0800019c   Section        0  libinit2.o(.ARM.Collect$$libinit$$0000002C)
    .ARM.Collect$$libinit$$0000002E          0x0800019c   Section        0  libinit2.o(.ARM.Collect$$libinit$$0000002E)
    .ARM.Collect$$libinit$$00000030          0x0800019c   Section        0  libinit2.o(.ARM.Collect$$libinit$$00000030)
    .ARM.Collect$$libinit$$00000032          0x0800019c   Section        0  libinit2.o(.ARM.Collect$$libinit$$00000032)
    .ARM.Collect$$libinit$$00000033          0x0800019c   Section        2  libinit2.o(.ARM.Collect$$libinit$$00000033)
    .ARM.Collect$$libshutdown$$00000000      0x0800019e   Section        2  libshutdown.o(.ARM.Collect$$libshutdown$$00000000)
    .ARM.Collect$$libshutdown$$00000002      0x080001a0   Section        0  libshutdown2.o(.ARM.Collect$$libshutdown$$00000002)
    .ARM.Collect$$libshutdown$$00000004      0x080001a0   Section        0  libshutdown2.o(.ARM.Collect$$libshutdown$$00000004)
    .ARM.Collect$$libshutdown$$00000007      0x080001a0   Section        0  libshutdown2.o(.ARM.Collect$$libshutdown$$00000007)
    .ARM.Collect$$libshutdown$$0000000A      0x080001a0   Section        0  libshutdown2.o(.ARM.Collect$$libshutdown$$0000000A)
    .ARM.Collect$$libshutdown$$0000000C      0x080001a0   Section        0  libshutdown2.o(.ARM.Collect$$libshutdown$$0000000C)
    .ARM.Collect$$libshutdown$$0000000F      0x080001a0   Section        0  libshutdown2.o(.ARM.Collect$$libshutdown$$0000000F)
    .ARM.Collect$$libshutdown$$00000010      0x080001a0   Section        2  libshutdown2.o(.ARM.Collect$$libshutdown$$00000010)
    .ARM.Collect$$rtentry$$00000000          0x080001a2   Section        0  __rtentry.o(.ARM.Collect$$rtentry$$00000000)
    .ARM.Collect$$rtentry$$00000002          0x080001a2   Section        0  __rtentry2.o(.ARM.Collect$$rtentry$$00000002)
    .ARM.Collect$$rtentry$$00000004          0x080001a2   Section        6  __rtentry4.o(.ARM.Collect$$rtentry$$00000004)
    .ARM.Collect$$rtentry$$00000009          0x080001a8   Section        0  __rtentry2.o(.ARM.Collect$$rtentry$$00000009)
    .ARM.Collect$$rtentry$$0000000A          0x080001a8   Section        4  __rtentry2.o(.ARM.Collect$$rtentry$$0000000A)
    .ARM.Collect$$rtentry$$0000000C          0x080001ac   Section        0  __rtentry2.o(.ARM.Collect$$rtentry$$0000000C)
    .ARM.Collect$$rtentry$$0000000D          0x080001ac   Section        8  __rtentry2.o(.ARM.Collect$$rtentry$$0000000D)
    .ARM.Collect$$rtexit$$00000000           0x080001b4   Section        2  rtexit.o(.ARM.Collect$$rtexit$$00000000)
    .ARM.Collect$$rtexit$$00000002           0x080001b6   Section        0  rtexit2.o(.ARM.Collect$$rtexit$$00000002)
    .ARM.Collect$$rtexit$$00000003           0x080001b6   Section        4  rtexit2.o(.ARM.Collect$$rtexit$$00000003)
    .ARM.Collect$$rtexit$$00000004           0x080001ba   Section        6  rtexit2.o(.ARM.Collect$$rtexit$$00000004)
    .emb_text                                0x080001c0   Section        0  maybetermalloc1.o(.emb_text)
    .text                                    0x080001c0   Section       64  startup_stm32f10x_md.o(.text)
    .text                                    0x08000200   Section        0  h1_alloc.o(.text)
    .text                                    0x0800025e   Section        0  h1_free.o(.text)
    .text                                    0x080002ac   Section        0  noretval__2sprintf.o(.text)
    .text                                    0x080002d4   Section        0  _printf_pad.o(.text)
    .text                                    0x08000324   Section        0  _printf_dec.o(.text)
    .text                                    0x0800039c   Section        0  _printf_hex_int.o(.text)
    .text                                    0x080003f4   Section        0  __printf_flags_wp.o(.text)
    .text                                    0x0800052c   Section        0  atoi.o(.text)
    .text                                    0x08000546   Section        0  strncat.o(.text)
    .text                                    0x0800056a   Section        0  strstr.o(.text)
    .text                                    0x0800058e   Section        0  strcpy.o(.text)
    .text                                    0x080005d6   Section        0  strlen.o(.text)
    .text                                    0x08000614   Section       78  rt_memclr_w.o(.text)
    .text                                    0x08000664   Section      128  strcmpv7m.o(.text)
    .text                                    0x080006e4   Section        0  heapauxi.o(.text)
    .text                                    0x080006ec   Section        8  rt_heap_descriptor_intlibspace.o(.text)
    .text                                    0x080006f4   Section        8  rt_errno_addr_intlibspace.o(.text)
    .text                                    0x080006fc   Section        0  hguard.o(.text)
    .text                                    0x08000700   Section        0  init_alloc.o(.text)
    .text                                    0x0800078a   Section        0  h1_init.o(.text)
    .text                                    0x08000798   Section        0  _printf_intcommon.o(.text)
    .text                                    0x0800084a   Section        0  _printf_fp_dec.o(.text)
    _fp_digits                               0x0800084d   Thumb Code   432  _printf_fp_dec.o(.text)
    .text                                    0x08000c68   Section        0  _printf_char_common.o(.text)
    _printf_input_char                       0x08000c69   Thumb Code    10  _printf_char_common.o(.text)
    .text                                    0x08000c98   Section        0  _sputc.o(.text)
    .text                                    0x08000ca2   Section        0  strtol.o(.text)
    .text                                    0x08000d14   Section        8  libspace.o(.text)
    .text                                    0x08000d1c   Section       16  rt_ctype_table.o(.text)
    .text                                    0x08000d2c   Section        8  rt_locale_intlibspace.o(.text)
    .text                                    0x08000d34   Section        0  h1_extend.o(.text)
    .text                                    0x08000d68   Section      138  lludiv10.o(.text)
    .text                                    0x08000df4   Section        0  _printf_fp_infnan.o(.text)
    .text                                    0x08000e74   Section        0  _strtoul.o(.text)
    .text                                    0x08000f14   Section        0  bigflt0.o(.text)
    .text                                    0x08000ff8   Section        0  defsig_rtmem_outer.o(.text)
    .text                                    0x08001006   Section        2  use_no_semi.o(.text)
    .text                                    0x08001008   Section        0  indicate_semi.o(.text)
    .text                                    0x08001008   Section       74  sys_stackheap_outer.o(.text)
    .text                                    0x08001052   Section        0  _chval.o(.text)
    .text                                    0x0800106e   Section        0  exit.o(.text)
    .text                                    0x08001080   Section        0  defsig_exit.o(.text)
    .text                                    0x0800108c   Section        0  defsig_rtmem_inner.o(.text)
    .text                                    0x080010dc   Section        0  sys_exit.o(.text)
    .text                                    0x080010e8   Section        0  defsig_general.o(.text)
    .text                                    0x0800111a   Section        0  sys_wrch.o(.text)
    CL$$btod_d2e                             0x08001128   Section       62  btod.o(CL$$btod_d2e)
    CL$$btod_d2e_denorm_low                  0x08001166   Section       70  btod.o(CL$$btod_d2e_denorm_low)
    CL$$btod_d2e_norm_op1                    0x080011ac   Section       96  btod.o(CL$$btod_d2e_norm_op1)
    CL$$btod_div_common                      0x0800120c   Section      824  btod.o(CL$$btod_div_common)
    CL$$btod_e2e                             0x08001544   Section      220  btod.o(CL$$btod_e2e)
    CL$$btod_ediv                            0x08001620   Section       42  btod.o(CL$$btod_ediv)
    CL$$btod_emul                            0x0800164a   Section       42  btod.o(CL$$btod_emul)
    CL$$btod_mult_common                     0x08001674   Section      580  btod.o(CL$$btod_mult_common)
    i.NVIC_EnableIRQ                         0x080018b8   Section        0  timer.o(i.NVIC_EnableIRQ)
    NVIC_EnableIRQ                           0x080018b9   Thumb Code    22  timer.o(i.NVIC_EnableIRQ)
    i.NVIC_EnableIRQ                         0x080018ce   Section        0  usart.o(i.NVIC_EnableIRQ)
    NVIC_EnableIRQ                           0x080018cf   Thumb Code    22  usart.o(i.NVIC_EnableIRQ)
    i.NVIC_SetPriority                       0x080018e4   Section        0  timer.o(i.NVIC_SetPriority)
    NVIC_SetPriority                         0x080018e5   Thumb Code    32  timer.o(i.NVIC_SetPriority)
    i.OneWire_Init                           0x0800190c   Section        0  ds18b20.o(i.OneWire_Init)
    i.OneWire_Match_ROM                      0x08001954   Section        0  ds18b20.o(i.OneWire_Match_ROM)
    i.OneWire_Print                          0x08001978   Section        0  ds18b20.o(i.OneWire_Print)
    i.OneWire_Read                           0x08001a3c   Section        0  ds18b20.o(i.OneWire_Read)
    i.OneWire_Read_ROM                       0x08001a80   Section        0  ds18b20.o(i.OneWire_Read_ROM)
    i.OneWire_Write                          0x08001aa4   Section        0  ds18b20.o(i.OneWire_Write)
    i.SetPinAsInput                          0x08001ae4   Section        0  ds18b20.o(i.SetPinAsInput)
    i.SetPinAsOutput                         0x08001b0c   Section        0  ds18b20.o(i.SetPinAsOutput)
    i.SetSysClock                            0x08001b44   Section        0  system_stm32f10x.o(i.SetSysClock)
    SetSysClock                              0x08001b45   Thumb Code     8  system_stm32f10x.o(i.SetSysClock)
    i.SetSysClockTo72                        0x08001b4c   Section        0  system_stm32f10x.o(i.SetSysClockTo72)
    SetSysClockTo72                          0x08001b4d   Thumb Code   214  system_stm32f10x.o(i.SetSysClockTo72)
    i.SysTick_Handler                        0x08001c2c   Section        0  common.o(i.SysTick_Handler)
    i.SystemInit                             0x08001c3c   Section        0  system_stm32f10x.o(i.SystemInit)
    i.TIM2_IRQHandler                        0x08001c9c   Section        0  main.o(i.TIM2_IRQHandler)
    i.TIM3_IRQHandler                        0x08001cf8   Section        0  main.o(i.TIM3_IRQHandler)
    i.TIM4_IRQHandler                        0x08001da0   Section        0  main.o(i.TIM4_IRQHandler)
    i.USART1_IRQHandler                      0x08001de4   Section        0  esp8266.o(i.USART1_IRQHandler)
    i.USART2_IRQHandler                      0x08001e2c   Section        0  main.o(i.USART2_IRQHandler)
    i.__ARM_fpclassify                       0x08001e48   Section        0  fpclassify.o(i.__ARM_fpclassify)
    i._is_digit                              0x08001e70   Section        0  __printf_wp.o(i._is_digit)
    i.delay_ms                               0x08001e80   Section        0  delay_tim1.o(i.delay_ms)
    i.delay_tim1_init                        0x08001ec8   Section        0  delay_tim1.o(i.delay_tim1_init)
    i.delay_us                               0x08001f08   Section        0  delay_tim1.o(i.delay_us)
    i.esp8266Begin                           0x08001f4c   Section        0  esp8266.o(i.esp8266Begin)
    i.esp8266ClearBuffer                     0x08001f78   Section        0  esp8266.o(i.esp8266ClearBuffer)
    i.esp8266Connect                         0x08001f94   Section        0  esp8266.o(i.esp8266Connect)
    i.esp8266Disconnect                      0x08002188   Section        0  esp8266.o(i.esp8266Disconnect)
    i.esp8266ReadForResponse                 0x080021d8   Section        0  esp8266.o(i.esp8266ReadForResponse)
    i.esp8266ReadForResponses                0x08002206   Section        0  esp8266.o(i.esp8266ReadForResponses)
    i.esp8266Reset                           0x08002250   Section        0  esp8266.o(i.esp8266Reset)
    i.esp8266RxBufferAvailable               0x080022b0   Section        0  esp8266.o(i.esp8266RxBufferAvailable)
    i.esp8266SearchBuffer                    0x080022c4   Section        0  esp8266.o(i.esp8266SearchBuffer)
    i.esp8266SendCommand                     0x08002338   Section        0  esp8266.o(i.esp8266SendCommand)
    i.esp8266SetMode                         0x08002394   Section        0  esp8266.o(i.esp8266SetMode)
    i.esp8266SetMux                          0x080023c8   Section        0  esp8266.o(i.esp8266SetMux)
    i.esp8266TcpClose                        0x08002404   Section        0  esp8266.o(i.esp8266TcpClose)
    i.esp8266TcpConnect                      0x0800242c   Section        0  esp8266.o(i.esp8266TcpConnect)
    i.esp8266TcpSend                         0x080024f0   Section        0  esp8266.o(i.esp8266TcpSend)
    i.esp8266TcpSend_packet                  0x080025d4   Section        0  esp8266.o(i.esp8266TcpSend_packet)
    i.esp8266TcpStatus                       0x08002858   Section        0  esp8266.o(i.esp8266TcpStatus)
    i.esp8266Test                            0x08002a4c   Section        0  esp8266.o(i.esp8266Test)
    i.init_array                             0x08002a80   Section        0  esp8266.o(i.init_array)
    i.led_init                               0x08002ab4   Section        0  led.o(i.led_init)
    i.main                                   0x08002ae0   Section        0  main.o(i.main)
    i.millis                                 0x08002bf8   Section        0  common.o(i.millis)
    i.rcc_init                               0x08002c04   Section        0  main.o(i.rcc_init)
    i.timer2_init                            0x08002cc0   Section        0  timer.o(i.timer2_init)
    i.timer3_init                            0x08002d08   Section        0  timer.o(i.timer3_init)
    i.timer4_init                            0x08002d68   Section        0  timer.o(i.timer4_init)
    i.usart1_init                            0x08002dc8   Section        0  usart.o(i.usart1_init)
    i.usart2_init                            0x08002e84   Section        0  usart.o(i.usart2_init)
    i.usartSendArrar                         0x08002f40   Section        0  usart.o(i.usartSendArrar)
    i.usart_send_data                        0x08002f7e   Section        0  usart.o(i.usart_send_data)
    i.usart_send_string                      0x08002f8e   Section        0  usart.o(i.usart_send_string)
    locale$$code                             0x08002fb0   Section       44  lc_numeric_c.o(locale$$code)
    locale$$code                             0x08002fdc   Section       44  lc_ctype_c.o(locale$$code)
    x$fpl$dretinf                            0x08003008   Section       12  dretinf.o(x$fpl$dretinf)
    x$fpl$f2d                                0x08003014   Section       86  f2d.o(x$fpl$f2d)
    x$fpl$fadd                               0x0800306c   Section      196  faddsub_clz.o(x$fpl$fadd)
    _fadd1                                   0x0800307b   Thumb Code     0  faddsub_clz.o(x$fpl$fadd)
    x$fpl$fdiv                               0x08003130   Section      388  fdiv.o(x$fpl$fdiv)
    _fdiv1                                   0x08003131   Thumb Code     0  fdiv.o(x$fpl$fdiv)
    x$fpl$ffltu                              0x080032b4   Section       38  fflt_clz.o(x$fpl$ffltu)
    x$fpl$fnaninf                            0x080032da   Section      140  fnaninf.o(x$fpl$fnaninf)
    x$fpl$fretinf                            0x08003366   Section       10  fretinf.o(x$fpl$fretinf)
    x$fpl$fsub                               0x08003370   Section      234  faddsub_clz.o(x$fpl$fsub)
    _fsub1                                   0x0800337f   Thumb Code     0  faddsub_clz.o(x$fpl$fsub)
    x$fpl$printf1                            0x0800345a   Section        4  printf1.o(x$fpl$printf1)
    x$fpl$usenofp                            0x0800345e   Section        0  usenofp.o(x$fpl$usenofp)
    .constdata                               0x08003460   Section      262  esp8266.o(.constdata)
    RESPONSE_OK                              0x08003460   Data           5  esp8266.o(.constdata)
    RESPONSE_ERROR                           0x08003465   Data           8  esp8266.o(.constdata)
    RESPONSE_FAIL                            0x0800346d   Data           5  esp8266.o(.constdata)
    RESPONSE_READY                           0x08003472   Data           6  esp8266.o(.constdata)
    RESPONSE_RECEIVED                        0x08003478   Data           6  esp8266.o(.constdata)
    RESPONSE_STATUS                          0x0800347e   Data          11  esp8266.o(.constdata)
    ESP8266_TEST                             0x08003489   Data           1  esp8266.o(.constdata)
    ESP8266_RESET                            0x0800348a   Data           5  esp8266.o(.constdata)
    ESP8266_VERSION                          0x0800348f   Data           5  esp8266.o(.constdata)
    ESP8266_ECHO_ENABLE                      0x08003494   Data           3  esp8266.o(.constdata)
    ESP8266_ECHO_DISABLE                     0x08003497   Data           3  esp8266.o(.constdata)
    ESP8266_UART                             0x0800349a   Data           6  esp8266.o(.constdata)
    ESP8266_WIFI_MODE                        0x080034a0   Data           8  esp8266.o(.constdata)
    ESP8266_CONNECT_AP                       0x080034a8   Data           7  esp8266.o(.constdata)
    ESP8266_LIST_AP                          0x080034af   Data           7  esp8266.o(.constdata)
    ESP8266_DISCONNECT                       0x080034b6   Data           7  esp8266.o(.constdata)
    ESP8266_AP_CONFIG                        0x080034bd   Data           7  esp8266.o(.constdata)
    ESP8266_STATION_IP                       0x080034c4   Data           7  esp8266.o(.constdata)
    ESP8266_GET_STA_MAC                      0x080034cb   Data          11  esp8266.o(.constdata)
    ESP8266_TCP_STATUS                       0x080034d6   Data          11  esp8266.o(.constdata)
    ESP8266_TCP_CONNECT                      0x080034e1   Data          10  esp8266.o(.constdata)
    ESP8266_TCP_SEND                         0x080034eb   Data           9  esp8266.o(.constdata)
    ESP8266_TCP_CLOSE                        0x080034f4   Data          10  esp8266.o(.constdata)
    ESP8266_GET_LOCAL_IP                     0x080034fe   Data           7  esp8266.o(.constdata)
    ESP8266_TCP_MULTIPLE                     0x08003505   Data           8  esp8266.o(.constdata)
    ESP8266_SERVER_CONFIG                    0x0800350d   Data          11  esp8266.o(.constdata)
    ESP8266_TRANSMISSION_MODE                0x08003518   Data           9  esp8266.o(.constdata)
    ESP8266_PING                             0x08003521   Data           6  esp8266.o(.constdata)
    STATUS_CONNECTED                         0x08003527   Data           9  esp8266.o(.constdata)
    STATUS_TCP_CONNECTED                     0x08003530   Data           9  esp8266.o(.constdata)
    STATUS_TCP_DISCONNECT                    0x08003539   Data           9  esp8266.o(.constdata)
    STATUS_DISCONNECT                        0x08003542   Data           9  esp8266.o(.constdata)
    .constdata                               0x08003566   Section       40  _printf_hex_int.o(.constdata)
    uc_hextab                                0x08003566   Data          20  _printf_hex_int.o(.constdata)
    lc_hextab                                0x0800357a   Data          20  _printf_hex_int.o(.constdata)
    .constdata                               0x0800358e   Section       17  __printf_flags_wp.o(.constdata)
    maptable                                 0x0800358e   Data          17  __printf_flags_wp.o(.constdata)
    .constdata                               0x080035a0   Section      148  bigflt0.o(.constdata)
    tenpwrs_x                                0x080035a0   Data          60  bigflt0.o(.constdata)
    tenpwrs_i                                0x080035dc   Data          64  bigflt0.o(.constdata)
    .conststring                             0x08003634   Section      212  main.o(.conststring)
    locale$$data                             0x08003728   Section       28  lc_numeric_c.o(locale$$data)
    __lcnum_c_name                           0x0800372c   Data           2  lc_numeric_c.o(locale$$data)
    __lcnum_c_start                          0x08003734   Data           0  lc_numeric_c.o(locale$$data)
    __lcnum_c_point                          0x08003740   Data           0  lc_numeric_c.o(locale$$data)
    __lcnum_c_thousands                      0x08003742   Data           0  lc_numeric_c.o(locale$$data)
    __lcnum_c_grouping                       0x08003743   Data           0  lc_numeric_c.o(locale$$data)
    locale$$data                             0x08003744   Section      272  lc_ctype_c.o(locale$$data)
    __lcnum_c_end                            0x08003744   Data           0  lc_numeric_c.o(locale$$data)
    __lcctype_c_name                         0x08003748   Data           2  lc_ctype_c.o(locale$$data)
    __lcctype_c_start                        0x08003750   Data           0  lc_ctype_c.o(locale$$data)
    __lcctype_c_end                          0x08003854   Data           0  lc_ctype_c.o(locale$$data)
    .data                                    0x20000000   Section       88  main.o(.data)
    buff                                     0x20000000   Data          24  main.o(.data)
    tp_client                                0x20000018   Data          12  main.o(.data)
    ap_client                                0x20000024   Data           8  main.o(.data)
    .data                                    0x20000058   Section        8  delay_tim1.o(.data)
    .data                                    0x20000060   Section        1  ds18b20.o(.data)
    .data                                    0x20000064   Section       74  esp8266.o(.data)
    buff                                     0x20000064   Data          24  esp8266.o(.data)
    tp_client                                0x2000007c   Data          12  esp8266.o(.data)
    ap_client                                0x20000088   Data           8  esp8266.o(.data)
    .data                                    0x200000b0   Section        4  common.o(.data)
    .data                                    0x200000b4   Section       20  system_stm32f10x.o(.data)
    .bss                                     0x200000c8   Section      100  main.o(.bss)
    .bss                                     0x2000012c   Section      688  esp8266.o(.bss)
    .bss                                     0x200003dc   Section       96  libspace.o(.bss)
    HEAP                                     0x20000440   Section      512  startup_stm32f10x_md.o(HEAP)
    Heap_Mem                                 0x20000440   Data         512  startup_stm32f10x_md.o(HEAP)
    STACK                                    0x20000640   Section     1024  startup_stm32f10x_md.o(STACK)
    Stack_Mem                                0x20000640   Data        1024  startup_stm32f10x_md.o(STACK)
    __initial_sp                             0x20000a40   Data           0  startup_stm32f10x_md.o(STACK)

    Global Symbols

    Symbol Name                              Value     Ov Type        Size  Object(Section)

    BuildAttributes$$THM_ISAv4$P$D$K$B$S$PE$A:L22UL41UL21$X:L11$S22US41US21$IEEE1$IW$USESV6$~STKCKD$USESV7$~SHL$OTIME$ROPI$IEEEJ$EBA8$UX$STANDARDLIB$REQ8$PRES8$EABIv2 0x00000000   Number         0  anon$$obj.o ABSOLUTE
    __ARM_use_no_argv                        0x00000000   Number         0  main.o ABSOLUTE
    _printf_flags                            0x00000000   Number         0  printf_stubs.o ABSOLUTE
    _printf_return_value                     0x00000000   Number         0  printf_stubs.o ABSOLUTE
    _printf_sizespec                         0x00000000   Number         0  printf_stubs.o ABSOLUTE
    _printf_widthprec                        0x00000000   Number         0  printf_stubs.o ABSOLUTE
    __ARM_exceptions_init                     - Undefined Weak Reference
    __alloca_initialize                       - Undefined Weak Reference
    __arm_preinit_                            - Undefined Weak Reference
    __cpp_initialize__aeabi_                  - Undefined Weak Reference
    __cxa_finalize                            - Undefined Weak Reference
    __sigvec_lookup                           - Undefined Weak Reference
    __user_heap_extent                        - Undefined Weak Reference
    _atexit_init                              - Undefined Weak Reference
    _call_atexit_fns                          - Undefined Weak Reference
    _clock_init                               - Undefined Weak Reference
    _fp_trap_init                             - Undefined Weak Reference
    _fp_trap_shutdown                         - Undefined Weak Reference
    _get_lc_collate                           - Undefined Weak Reference
    _get_lc_monetary                          - Undefined Weak Reference
    _get_lc_time                              - Undefined Weak Reference
    _getenv_init                              - Undefined Weak Reference
    _handle_redirection                       - Undefined Weak Reference
    _initio                                   - Undefined Weak Reference
    _mutex_acquire                            - Undefined Weak Reference
    _mutex_free                               - Undefined Weak Reference
    _mutex_release                            - Undefined Weak Reference
    _printf_mbtowc                            - Undefined Weak Reference
    _printf_truncate_signed                   - Undefined Weak Reference
    _printf_truncate_unsigned                 - Undefined Weak Reference
    _rand_init                                - Undefined Weak Reference
    _signal_finish                            - Undefined Weak Reference
    _signal_init                              - Undefined Weak Reference
    _terminateio                              - Undefined Weak Reference
    __Vectors_Size                           0x000000ec   Number         0  startup_stm32f10x_md.o ABSOLUTE
    __Vectors                                0x08000000   Data           4  startup_stm32f10x_md.o(RESET)
    __Vectors_End                            0x080000ec   Data           0  startup_stm32f10x_md.o(RESET)
    __main                                   0x080000ed   Thumb Code     8  __main.o(!!!main)
    __scatterload                            0x080000f5   Thumb Code     0  __scatter.o(!!!scatter)
    __scatterload_rt2                        0x080000f5   Thumb Code    44  __scatter.o(!!!scatter)
    __scatterload_rt2_thumb_only             0x080000f5   Thumb Code     0  __scatter.o(!!!scatter)
    __scatterload_null                       0x08000103   Thumb Code     0  __scatter.o(!!!scatter)
    __scatterload_copy                       0x08000129   Thumb Code    26  __scatter_copy.o(!!handler_copy)
    __scatterload_zeroinit                   0x08000145   Thumb Code    28  __scatter_zi.o(!!handler_zi)
    _printf_f                                0x08000161   Thumb Code     0  _printf_f.o(.ARM.Collect$$_printf_percent$$00000003)
    _printf_percent                          0x08000161   Thumb Code     0  _printf_percent.o(.ARM.Collect$$_printf_percent$$00000000)
    _printf_d                                0x08000167   Thumb Code     0  _printf_d.o(.ARM.Collect$$_printf_percent$$00000009)
    _printf_x                                0x0800016d   Thumb Code     0  _printf_x.o(.ARM.Collect$$_printf_percent$$0000000C)
    _printf_percent_end                      0x08000173   Thumb Code     0  _printf_percent_end.o(.ARM.Collect$$_printf_percent$$00000017)
    __rt_lib_init                            0x08000177   Thumb Code     0  libinit.o(.ARM.Collect$$libinit$$00000000)
    __rt_lib_init_fp_1                       0x08000179   Thumb Code     0  libinit2.o(.ARM.Collect$$libinit$$00000002)
    __rt_lib_init_heap_2                     0x08000179   Thumb Code     0  libinit2.o(.ARM.Collect$$libinit$$00000005)
    __rt_lib_init_preinit_1                  0x08000179   Thumb Code     0  libinit2.o(.ARM.Collect$$libinit$$00000004)
    __rt_lib_init_heap_1                     0x08000181   Thumb Code     0  libinit2.o(.ARM.Collect$$libinit$$0000000A)
    __rt_lib_init_lc_common                  0x08000181   Thumb Code     0  libinit2.o(.ARM.Collect$$libinit$$0000000F)
    __rt_lib_init_rand_1                     0x08000181   Thumb Code     0  libinit2.o(.ARM.Collect$$libinit$$0000000E)
    __rt_lib_init_user_alloc_1               0x08000181   Thumb Code     0  libinit2.o(.ARM.Collect$$libinit$$0000000C)
    __rt_lib_init_lc_collate_1               0x08000187   Thumb Code     0  libinit2.o(.ARM.Collect$$libinit$$00000011)
    __rt_lib_init_lc_ctype_2                 0x08000187   Thumb Code     0  libinit2.o(.ARM.Collect$$libinit$$00000012)
    __rt_lib_init_lc_ctype_1                 0x08000193   Thumb Code     0  libinit2.o(.ARM.Collect$$libinit$$00000013)
    __rt_lib_init_lc_monetary_1              0x08000193   Thumb Code     0  libinit2.o(.ARM.Collect$$libinit$$00000015)
    __rt_lib_init_lc_numeric_2               0x08000193   Thumb Code     0  libinit2.o(.ARM.Collect$$libinit$$00000016)
    __rt_lib_init_alloca_1                   0x0800019d   Thumb Code     0  libinit2.o(.ARM.Collect$$libinit$$0000002E)
    __rt_lib_init_argv_1                     0x0800019d   Thumb Code     0  libinit2.o(.ARM.Collect$$libinit$$0000002C)
    __rt_lib_init_atexit_1                   0x0800019d   Thumb Code     0  libinit2.o(.ARM.Collect$$libinit$$0000001B)
    __rt_lib_init_clock_1                    0x0800019d   Thumb Code     0  libinit2.o(.ARM.Collect$$libinit$$00000021)
    __rt_lib_init_cpp_1                      0x0800019d   Thumb Code     0  libinit2.o(.ARM.Collect$$libinit$$00000032)
    __rt_lib_init_exceptions_1               0x0800019d   Thumb Code     0  libinit2.o(.ARM.Collect$$libinit$$00000030)
    __rt_lib_init_fp_trap_1                  0x0800019d   Thumb Code     0  libinit2.o(.ARM.Collect$$libinit$$0000001F)
    __rt_lib_init_getenv_1                   0x0800019d   Thumb Code     0  libinit2.o(.ARM.Collect$$libinit$$00000023)
    __rt_lib_init_lc_numeric_1               0x0800019d   Thumb Code     0  libinit2.o(.ARM.Collect$$libinit$$00000017)
    __rt_lib_init_lc_time_1                  0x0800019d   Thumb Code     0  libinit2.o(.ARM.Collect$$libinit$$00000019)
    __rt_lib_init_return                     0x0800019d   Thumb Code     0  libinit2.o(.ARM.Collect$$libinit$$00000033)
    __rt_lib_init_signal_1                   0x0800019d   Thumb Code     0  libinit2.o(.ARM.Collect$$libinit$$0000001D)
    __rt_lib_init_stdio_1                    0x0800019d   Thumb Code     0  libinit2.o(.ARM.Collect$$libinit$$00000025)
    __rt_lib_shutdown                        0x0800019f   Thumb Code     0  libshutdown.o(.ARM.Collect$$libshutdown$$00000000)
    __rt_lib_shutdown_cpp_1                  0x080001a1   Thumb Code     0  libshutdown2.o(.ARM.Collect$$libshutdown$$00000002)
    __rt_lib_shutdown_fp_trap_1              0x080001a1   Thumb Code     0  libshutdown2.o(.ARM.Collect$$libshutdown$$00000007)
    __rt_lib_shutdown_heap_1                 0x080001a1   Thumb Code     0  libshutdown2.o(.ARM.Collect$$libshutdown$$0000000F)
    __rt_lib_shutdown_return                 0x080001a1   Thumb Code     0  libshutdown2.o(.ARM.Collect$$libshutdown$$00000010)
    __rt_lib_shutdown_signal_1               0x080001a1   Thumb Code     0  libshutdown2.o(.ARM.Collect$$libshutdown$$0000000A)
    __rt_lib_shutdown_stdio_1                0x080001a1   Thumb Code     0  libshutdown2.o(.ARM.Collect$$libshutdown$$00000004)
    __rt_lib_shutdown_user_alloc_1           0x080001a1   Thumb Code     0  libshutdown2.o(.ARM.Collect$$libshutdown$$0000000C)
    __rt_entry                               0x080001a3   Thumb Code     0  __rtentry.o(.ARM.Collect$$rtentry$$00000000)
    __rt_entry_presh_1                       0x080001a3   Thumb Code     0  __rtentry2.o(.ARM.Collect$$rtentry$$00000002)
    __rt_entry_sh                            0x080001a3   Thumb Code     0  __rtentry4.o(.ARM.Collect$$rtentry$$00000004)
    __rt_entry_li                            0x080001a9   Thumb Code     0  __rtentry2.o(.ARM.Collect$$rtentry$$0000000A)
    __rt_entry_postsh_1                      0x080001a9   Thumb Code     0  __rtentry2.o(.ARM.Collect$$rtentry$$00000009)
    __rt_entry_main                          0x080001ad   Thumb Code     0  __rtentry2.o(.ARM.Collect$$rtentry$$0000000D)
    __rt_entry_postli_1                      0x080001ad   Thumb Code     0  __rtentry2.o(.ARM.Collect$$rtentry$$0000000C)
    __rt_exit                                0x080001b5   Thumb Code     0  rtexit.o(.ARM.Collect$$rtexit$$00000000)
    __rt_exit_ls                             0x080001b7   Thumb Code     0  rtexit2.o(.ARM.Collect$$rtexit$$00000003)
    __rt_exit_prels_1                        0x080001b7   Thumb Code     0  rtexit2.o(.ARM.Collect$$rtexit$$00000002)
    __rt_exit_exit                           0x080001bb   Thumb Code     0  rtexit2.o(.ARM.Collect$$rtexit$$00000004)
    Reset_Handler                            0x080001c1   Thumb Code     8  startup_stm32f10x_md.o(.text)
    _maybe_terminate_alloc                   0x080001c1   Thumb Code     0  maybetermalloc1.o(.emb_text)
    NMI_Handler                              0x080001c9   Thumb Code     2  startup_stm32f10x_md.o(.text)
    HardFault_Handler                        0x080001cb   Thumb Code     2  startup_stm32f10x_md.o(.text)
    MemManage_Handler                        0x080001cd   Thumb Code     2  startup_stm32f10x_md.o(.text)
    BusFault_Handler                         0x080001cf   Thumb Code     2  startup_stm32f10x_md.o(.text)
    UsageFault_Handler                       0x080001d1   Thumb Code     2  startup_stm32f10x_md.o(.text)
    SVC_Handler                              0x080001d3   Thumb Code     2  startup_stm32f10x_md.o(.text)
    DebugMon_Handler                         0x080001d5   Thumb Code     2  startup_stm32f10x_md.o(.text)
    PendSV_Handler                           0x080001d7   Thumb Code     2  startup_stm32f10x_md.o(.text)
    ADC1_2_IRQHandler                        0x080001db   Thumb Code     0  startup_stm32f10x_md.o(.text)
    CAN1_RX1_IRQHandler                      0x080001db   Thumb Code     0  startup_stm32f10x_md.o(.text)
    CAN1_SCE_IRQHandler                      0x080001db   Thumb Code     0  startup_stm32f10x_md.o(.text)
    DMA1_Channel1_IRQHandler                 0x080001db   Thumb Code     0  startup_stm32f10x_md.o(.text)
    DMA1_Channel2_IRQHandler                 0x080001db   Thumb Code     0  startup_stm32f10x_md.o(.text)
    DMA1_Channel3_IRQHandler                 0x080001db   Thumb Code     0  startup_stm32f10x_md.o(.text)
    DMA1_Channel4_IRQHandler                 0x080001db   Thumb Code     0  startup_stm32f10x_md.o(.text)
    DMA1_Channel5_IRQHandler                 0x080001db   Thumb Code     0  startup_stm32f10x_md.o(.text)
    DMA1_Channel6_IRQHandler                 0x080001db   Thumb Code     0  startup_stm32f10x_md.o(.text)
    DMA1_Channel7_IRQHandler                 0x080001db   Thumb Code     0  startup_stm32f10x_md.o(.text)
    EXTI0_IRQHandler                         0x080001db   Thumb Code     0  startup_stm32f10x_md.o(.text)
    EXTI15_10_IRQHandler                     0x080001db   Thumb Code     0  startup_stm32f10x_md.o(.text)
    EXTI1_IRQHandler                         0x080001db   Thumb Code     0  startup_stm32f10x_md.o(.text)
    EXTI2_IRQHandler                         0x080001db   Thumb Code     0  startup_stm32f10x_md.o(.text)
    EXTI3_IRQHandler                         0x080001db   Thumb Code     0  startup_stm32f10x_md.o(.text)
    EXTI4_IRQHandler                         0x080001db   Thumb Code     0  startup_stm32f10x_md.o(.text)
    EXTI9_5_IRQHandler                       0x080001db   Thumb Code     0  startup_stm32f10x_md.o(.text)
    FLASH_IRQHandler                         0x080001db   Thumb Code     0  startup_stm32f10x_md.o(.text)
    I2C1_ER_IRQHandler                       0x080001db   Thumb Code     0  startup_stm32f10x_md.o(.text)
    I2C1_EV_IRQHandler                       0x080001db   Thumb Code     0  startup_stm32f10x_md.o(.text)
    I2C2_ER_IRQHandler                       0x080001db   Thumb Code     0  startup_stm32f10x_md.o(.text)
    I2C2_EV_IRQHandler                       0x080001db   Thumb Code     0  startup_stm32f10x_md.o(.text)
    PVD_IRQHandler                           0x080001db   Thumb Code     0  startup_stm32f10x_md.o(.text)
    RCC_IRQHandler                           0x080001db   Thumb Code     0  startup_stm32f10x_md.o(.text)
    RTCAlarm_IRQHandler                      0x080001db   Thumb Code     0  startup_stm32f10x_md.o(.text)
    RTC_IRQHandler                           0x080001db   Thumb Code     0  startup_stm32f10x_md.o(.text)
    SPI1_IRQHandler                          0x080001db   Thumb Code     0  startup_stm32f10x_md.o(.text)
    SPI2_IRQHandler                          0x080001db   Thumb Code     0  startup_stm32f10x_md.o(.text)
    TAMPER_IRQHandler                        0x080001db   Thumb Code     0  startup_stm32f10x_md.o(.text)
    TIM1_BRK_IRQHandler                      0x080001db   Thumb Code     0  startup_stm32f10x_md.o(.text)
    TIM1_CC_IRQHandler                       0x080001db   Thumb Code     0  startup_stm32f10x_md.o(.text)
    TIM1_TRG_COM_IRQHandler                  0x080001db   Thumb Code     0  startup_stm32f10x_md.o(.text)
    TIM1_UP_IRQHandler                       0x080001db   Thumb Code     0  startup_stm32f10x_md.o(.text)
    USART3_IRQHandler                        0x080001db   Thumb Code     0  startup_stm32f10x_md.o(.text)
    USBWakeUp_IRQHandler                     0x080001db   Thumb Code     0  startup_stm32f10x_md.o(.text)
    USB_HP_CAN1_TX_IRQHandler                0x080001db   Thumb Code     0  startup_stm32f10x_md.o(.text)
    USB_LP_CAN1_RX0_IRQHandler               0x080001db   Thumb Code     0  startup_stm32f10x_md.o(.text)
    WWDG_IRQHandler                          0x080001db   Thumb Code     0  startup_stm32f10x_md.o(.text)
    __user_initial_stackheap                 0x080001dd   Thumb Code     0  startup_stm32f10x_md.o(.text)
    malloc                                   0x08000201   Thumb Code    94  h1_alloc.o(.text)
    free                                     0x0800025f   Thumb Code    78  h1_free.o(.text)
    __2sprintf                               0x080002ad   Thumb Code    34  noretval__2sprintf.o(.text)
    _printf_pre_padding                      0x080002d5   Thumb Code    44  _printf_pad.o(.text)
    _printf_post_padding                     0x08000301   Thumb Code    34  _printf_pad.o(.text)
    _printf_int_dec                          0x08000325   Thumb Code   104  _printf_dec.o(.text)
    _printf_int_hex                          0x0800039d   Thumb Code    84  _printf_hex_int.o(.text)
    _printf_longlong_hex                     0x0800039d   Thumb Code     0  _printf_hex_int.o(.text)
    __printf                                 0x080003f5   Thumb Code   308  __printf_flags_wp.o(.text)
    atoi                                     0x0800052d   Thumb Code    26  atoi.o(.text)
    strncat                                  0x08000547   Thumb Code    36  strncat.o(.text)
    strstr                                   0x0800056b   Thumb Code    36  strstr.o(.text)
    strcpy                                   0x0800058f   Thumb Code    72  strcpy.o(.text)
    strlen                                   0x080005d7   Thumb Code    62  strlen.o(.text)
    __aeabi_memclr4                          0x08000615   Thumb Code     0  rt_memclr_w.o(.text)
    __aeabi_memclr8                          0x08000615   Thumb Code     0  rt_memclr_w.o(.text)
    __rt_memclr_w                            0x08000615   Thumb Code    78  rt_memclr_w.o(.text)
    _memset_w                                0x08000619   Thumb Code     0  rt_memclr_w.o(.text)
    strcmp                                   0x08000665   Thumb Code   128  strcmpv7m.o(.text)
    __use_two_region_memory                  0x080006e5   Thumb Code     2  heapauxi.o(.text)
    __rt_heap_escrow                         0x080006e7   Thumb Code     2  heapauxi.o(.text)
    __rt_heap_expand                         0x080006e9   Thumb Code     2  heapauxi.o(.text)
    __rt_heap_descriptor                     0x080006ed   Thumb Code     8  rt_heap_descriptor_intlibspace.o(.text)
    __aeabi_errno_addr                       0x080006f5   Thumb Code     8  rt_errno_addr_intlibspace.o(.text)
    __errno$intlibspace                      0x080006f5   Thumb Code     0  rt_errno_addr_intlibspace.o(.text)
    __rt_errno_addr$intlibspace              0x080006f5   Thumb Code     0  rt_errno_addr_intlibspace.o(.text)
    __use_no_heap                            0x080006fd   Thumb Code     2  hguard.o(.text)
    __heap$guard                             0x080006ff   Thumb Code     2  hguard.o(.text)
    _terminate_user_alloc                    0x08000701   Thumb Code     2  init_alloc.o(.text)
    _init_user_alloc                         0x08000703   Thumb Code     2  init_alloc.o(.text)
    __Heap_Full                              0x08000705   Thumb Code    34  init_alloc.o(.text)
    __Heap_Broken                            0x08000727   Thumb Code     6  init_alloc.o(.text)
    _init_alloc                              0x0800072d   Thumb Code    94  init_alloc.o(.text)
    __Heap_Initialize                        0x0800078b   Thumb Code    10  h1_init.o(.text)
    __Heap_DescSize                          0x08000795   Thumb Code     4  h1_init.o(.text)
    _printf_int_common                       0x08000799   Thumb Code   178  _printf_intcommon.o(.text)
    __lib_sel_fp_printf                      0x0800084b   Thumb Code     2  _printf_fp_dec.o(.text)
    _printf_fp_dec_real                      0x080009fd   Thumb Code   620  _printf_fp_dec.o(.text)
    _printf_char_common                      0x08000c73   Thumb Code    32  _printf_char_common.o(.text)
    _sputc                                   0x08000c99   Thumb Code    10  _sputc.o(.text)
    strtol                                   0x08000ca3   Thumb Code   112  strtol.o(.text)
    __user_libspace                          0x08000d15   Thumb Code     8  libspace.o(.text)
    __user_perproc_libspace                  0x08000d15   Thumb Code     0  libspace.o(.text)
    __user_perthread_libspace                0x08000d15   Thumb Code     0  libspace.o(.text)
    __rt_ctype_table                         0x08000d1d   Thumb Code    16  rt_ctype_table.o(.text)
    __rt_locale                              0x08000d2d   Thumb Code     8  rt_locale_intlibspace.o(.text)
    __Heap_ProvideMemory                     0x08000d35   Thumb Code    52  h1_extend.o(.text)
    _ll_udiv10                               0x08000d69   Thumb Code   138  lludiv10.o(.text)
    _printf_fp_infnan                        0x08000df5   Thumb Code   112  _printf_fp_infnan.o(.text)
    _strtoul                                 0x08000e75   Thumb Code   158  _strtoul.o(.text)
    _btod_etento                             0x08000f15   Thumb Code   224  bigflt0.o(.text)
    __rt_SIGRTMEM                            0x08000ff9   Thumb Code    14  defsig_rtmem_outer.o(.text)
    __I$use$semihosting                      0x08001007   Thumb Code     0  use_no_semi.o(.text)
    __use_no_semihosting_swi                 0x08001007   Thumb Code     2  use_no_semi.o(.text)
    __semihosting_library_function           0x08001009   Thumb Code     0  indicate_semi.o(.text)
    __user_setup_stackheap                   0x08001009   Thumb Code    74  sys_stackheap_outer.o(.text)
    _chval                                   0x08001053   Thumb Code    28  _chval.o(.text)
    exit                                     0x0800106f   Thumb Code    18  exit.o(.text)
    __sig_exit                               0x08001081   Thumb Code    10  defsig_exit.o(.text)
    __rt_SIGRTMEM_inner                      0x0800108d   Thumb Code    22  defsig_rtmem_inner.o(.text)
    _sys_exit                                0x080010dd   Thumb Code     8  sys_exit.o(.text)
    __default_signal_display                 0x080010e9   Thumb Code    50  defsig_general.o(.text)
    _ttywrch                                 0x0800111b   Thumb Code    14  sys_wrch.o(.text)
    _btod_d2e                                0x08001129   Thumb Code    62  btod.o(CL$$btod_d2e)
    _d2e_denorm_low                          0x08001167   Thumb Code    70  btod.o(CL$$btod_d2e_denorm_low)
    _d2e_norm_op1                            0x080011ad   Thumb Code    96  btod.o(CL$$btod_d2e_norm_op1)
    __btod_div_common                        0x0800120d   Thumb Code   696  btod.o(CL$$btod_div_common)
    _e2e                                     0x08001545   Thumb Code   220  btod.o(CL$$btod_e2e)
    _btod_ediv                               0x08001621   Thumb Code    42  btod.o(CL$$btod_ediv)
    _btod_emul                               0x0800164b   Thumb Code    42  btod.o(CL$$btod_emul)
    __btod_mult_common                       0x08001675   Thumb Code   580  btod.o(CL$$btod_mult_common)
    OneWire_Init                             0x0800190d   Thumb Code    62  ds18b20.o(i.OneWire_Init)
    OneWire_Match_ROM                        0x08001955   Thumb Code    36  ds18b20.o(i.OneWire_Match_ROM)
    OneWire_Print                            0x08001979   Thumb Code   188  ds18b20.o(i.OneWire_Print)
    OneWire_Read                             0x08001a3d   Thumb Code    62  ds18b20.o(i.OneWire_Read)
    OneWire_Read_ROM                         0x08001a81   Thumb Code    36  ds18b20.o(i.OneWire_Read_ROM)
    OneWire_Write                            0x08001aa5   Thumb Code    62  ds18b20.o(i.OneWire_Write)
    SetPinAsInput                            0x08001ae5   Thumb Code    34  ds18b20.o(i.SetPinAsInput)
    SetPinAsOutput                           0x08001b0d   Thumb Code    46  ds18b20.o(i.SetPinAsOutput)
    SysTick_Handler                          0x08001c2d   Thumb Code    12  common.o(i.SysTick_Handler)
    SystemInit                               0x08001c3d   Thumb Code    78  system_stm32f10x.o(i.SystemInit)
    TIM2_IRQHandler                          0x08001c9d   Thumb Code    70  main.o(i.TIM2_IRQHandler)
    TIM3_IRQHandler                          0x08001cf9   Thumb Code   110  main.o(i.TIM3_IRQHandler)
    TIM4_IRQHandler                          0x08001da1   Thumb Code    60  main.o(i.TIM4_IRQHandler)
    USART1_IRQHandler                        0x08001de5   Thumb Code    60  esp8266.o(i.USART1_IRQHandler)
    USART2_IRQHandler                        0x08001e2d   Thumb Code    24  main.o(i.USART2_IRQHandler)
    __ARM_fpclassify                         0x08001e49   Thumb Code    40  fpclassify.o(i.__ARM_fpclassify)
    _is_digit                                0x08001e71   Thumb Code    14  __printf_wp.o(i._is_digit)
    delay_ms                                 0x08001e81   Thumb Code    62  delay_tim1.o(i.delay_ms)
    delay_tim1_init                          0x08001ec9   Thumb Code    44  delay_tim1.o(i.delay_tim1_init)
    delay_us                                 0x08001f09   Thumb Code    60  delay_tim1.o(i.delay_us)
    esp8266Begin                             0x08001f4d   Thumb Code    42  esp8266.o(i.esp8266Begin)
    esp8266ClearBuffer                       0x08001f79   Thumb Code    20  esp8266.o(i.esp8266ClearBuffer)
    esp8266Connect                           0x08001f95   Thumb Code   362  esp8266.o(i.esp8266Connect)
    esp8266Disconnect                        0x08002189   Thumb Code    42  esp8266.o(i.esp8266Disconnect)
    esp8266ReadForResponse                   0x080021d9   Thumb Code    46  esp8266.o(i.esp8266ReadForResponse)
    esp8266ReadForResponses                  0x08002207   Thumb Code    72  esp8266.o(i.esp8266ReadForResponses)
    esp8266Reset                             0x08002251   Thumb Code    62  esp8266.o(i.esp8266Reset)
    esp8266RxBufferAvailable                 0x080022b1   Thumb Code    14  esp8266.o(i.esp8266RxBufferAvailable)
    esp8266SearchBuffer                      0x080022c5   Thumb Code    76  esp8266.o(i.esp8266SearchBuffer)
    esp8266SendCommand                       0x08002339   Thumb Code    70  esp8266.o(i.esp8266SendCommand)
    esp8266SetMode                           0x08002395   Thumb Code    40  esp8266.o(i.esp8266SetMode)
    esp8266SetMux                            0x080023c9   Thumb Code    50  esp8266.o(i.esp8266SetMux)
    esp8266TcpClose                          0x08002405   Thumb Code    30  esp8266.o(i.esp8266TcpClose)
    esp8266TcpConnect                        0x0800242d   Thumb Code   140  esp8266.o(i.esp8266TcpConnect)
    esp8266TcpSend                           0x080024f1   Thumb Code   166  esp8266.o(i.esp8266TcpSend)
    esp8266TcpSend_packet                    0x080025d5   Thumb Code   346  esp8266.o(i.esp8266TcpSend_packet)
    esp8266TcpStatus                         0x08002859   Thumb Code   458  esp8266.o(i.esp8266TcpStatus)
    esp8266Test                              0x08002a4d   Thumb Code    34  esp8266.o(i.esp8266Test)
    init_array                               0x08002a81   Thumb Code    44  esp8266.o(i.init_array)
    led_init                                 0x08002ab5   Thumb Code    36  led.o(i.led_init)
    main                                     0x08002ae1   Thumb Code   162  main.o(i.main)
    millis                                   0x08002bf9   Thumb Code     6  common.o(i.millis)
    rcc_init                                 0x08002c05   Thumb Code   178  main.o(i.rcc_init)
    timer2_init                              0x08002cc1   Thumb Code    66  timer.o(i.timer2_init)
    timer3_init                              0x08002d09   Thumb Code    86  timer.o(i.timer3_init)
    timer4_init                              0x08002d69   Thumb Code    86  timer.o(i.timer4_init)
    usart1_init                              0x08002dc9   Thumb Code   174  usart.o(i.usart1_init)
    usart2_init                              0x08002e85   Thumb Code   174  usart.o(i.usart2_init)
    usartSendArrar                           0x08002f41   Thumb Code    62  usart.o(i.usartSendArrar)
    usart_send_data                          0x08002f7f   Thumb Code    16  usart.o(i.usart_send_data)
    usart_send_string                        0x08002f8f   Thumb Code    32  usart.o(i.usart_send_string)
    _get_lc_numeric                          0x08002fb1   Thumb Code    44  lc_numeric_c.o(locale$$code)
    _get_lc_ctype                            0x08002fdd   Thumb Code    44  lc_ctype_c.o(locale$$code)
    __fpl_dretinf                            0x08003009   Thumb Code    12  dretinf.o(x$fpl$dretinf)
    __aeabi_f2d                              0x08003015   Thumb Code     0  f2d.o(x$fpl$f2d)
    _f2d                                     0x08003015   Thumb Code    86  f2d.o(x$fpl$f2d)
    __aeabi_fadd                             0x0800306d   Thumb Code     0  faddsub_clz.o(x$fpl$fadd)
    _fadd                                    0x0800306d   Thumb Code   196  faddsub_clz.o(x$fpl$fadd)
    __aeabi_fdiv                             0x08003131   Thumb Code     0  fdiv.o(x$fpl$fdiv)
    _fdiv                                    0x08003131   Thumb Code   384  fdiv.o(x$fpl$fdiv)
    __aeabi_ui2f                             0x080032b5   Thumb Code     0  fflt_clz.o(x$fpl$ffltu)
    _ffltu                                   0x080032b5   Thumb Code    38  fflt_clz.o(x$fpl$ffltu)
    __fpl_fnaninf                            0x080032db   Thumb Code   140  fnaninf.o(x$fpl$fnaninf)
    __fpl_fretinf                            0x08003367   Thumb Code    10  fretinf.o(x$fpl$fretinf)
    __aeabi_fsub                             0x08003371   Thumb Code     0  faddsub_clz.o(x$fpl$fsub)
    _fsub                                    0x08003371   Thumb Code   234  faddsub_clz.o(x$fpl$fsub)
    _printf_fp_dec                           0x0800345b   Thumb Code     4  printf1.o(x$fpl$printf1)
    __I$use$fp                               0x0800345e   Number         0  usenofp.o(x$fpl$usenofp)
    Region$$Table$$Base                      0x08003708   Number         0  anon$$obj.o(Region$$Table)
    Region$$Table$$Limit                     0x08003728   Number         0  anon$$obj.o(Region$$Table)
    __ctype                                  0x08003751   Data           0  lc_ctype_c.o(locale$$data)
    temperature                              0x2000002c   Data           4  main.o(.data)
    buffer_ROM                               0x20000030   Data           8  main.o(.data)
    text_temperature                         0x20000038   Data           5  main.o(.data)
    min_count                                0x2000003d   Data           1  main.o(.data)
    current_status                           0x2000003e   Data          26  main.o(.data)
    prescaler_ms                             0x20000058   Data           4  delay_tim1.o(.data)
    prescaler_us                             0x2000005c   Data           4  delay_tim1.o(.data)
    OK_Flag                                  0x20000060   Data           1  ds18b20.o(.data)
    bufferHead                               0x20000090   Data           4  esp8266.o(.data)
    cur_status                               0x20000094   Data          26  esp8266.o(.data)
    millis_number                            0x200000b0   Data           4  common.o(.data)
    SystemCoreClock                          0x200000b4   Data           4  system_stm32f10x.o(.data)
    AHBPrescTable                            0x200000b8   Data          16  system_stm32f10x.o(.data)
    text                                     0x200000c8   Data         100  main.o(.bss)
    esp8266RxBuffer                          0x2000012c   Data         512  esp8266.o(.bss)
    tcpRxBuffer                              0x2000032c   Data         128  esp8266.o(.bss)
    b                                        0x200003ac   Data          48  esp8266.o(.bss)
    __libspace_start                         0x200003dc   Data          96  libspace.o(.bss)
    __temporary_stack_top$libspace           0x2000043c   Data           0  libspace.o(.bss)



==============================================================================

Memory Map of the image

  Image Entry point : 0x080001c1

  Load Region LR_1 (Base: 0x08000000, Size: 0x0000391c, Max: 0xffffffff, ABSOLUTE)

    Execution Region ER_RO (Exec base: 0x08000000, Load base: 0x08000000, Size: 0x00003854, Max: 0xffffffff, ABSOLUTE)

    Exec Addr    Load Addr    Size         Type   Attr      Idx    E Section Name        Object

    0x08000000   0x08000000   0x000000ec   Data   RO          556    RESET               startup_stm32f10x_md.o
    0x080000ec   0x080000ec   0x00000008   Code   RO          705  * !!!main             c_w.l(__main.o)
    0x080000f4   0x080000f4   0x00000034   Code   RO         1003    !!!scatter          c_w.l(__scatter.o)
    0x08000128   0x08000128   0x0000001a   Code   RO         1005    !!handler_copy      c_w.l(__scatter_copy.o)
    0x08000142   0x08000142   0x00000002   PAD
    0x08000144   0x08000144   0x0000001c   Code   RO         1007    !!handler_zi        c_w.l(__scatter_zi.o)
    0x08000160   0x08000160   0x00000000   Code   RO          682    .ARM.Collect$$_printf_percent$$00000000  c_w.l(_printf_percent.o)
    0x08000160   0x08000160   0x00000006   Code   RO          681    .ARM.Collect$$_printf_percent$$00000003  c_w.l(_printf_f.o)
    0x08000166   0x08000166   0x00000006   Code   RO          680    .ARM.Collect$$_printf_percent$$00000009  c_w.l(_printf_d.o)
    0x0800016c   0x0800016c   0x00000006   Code   RO          679    .ARM.Collect$$_printf_percent$$0000000C  c_w.l(_printf_x.o)
    0x08000172   0x08000172   0x00000004   Code   RO          770    .ARM.Collect$$_printf_percent$$00000017  c_w.l(_printf_percent_end.o)
    0x08000176   0x08000176   0x00000002   Code   RO          942    .ARM.Collect$$libinit$$00000000  c_w.l(libinit.o)
    0x08000178   0x08000178   0x00000000   Code   RO          776    .ARM.Collect$$libinit$$00000002  c_w.l(libinit2.o)
    0x08000178   0x08000178   0x00000000   Code   RO          778    .ARM.Collect$$libinit$$00000004  c_w.l(libinit2.o)
    0x08000178   0x08000178   0x00000008   Code   RO          779    .ARM.Collect$$libinit$$00000005  c_w.l(libinit2.o)
    0x08000180   0x08000180   0x00000000   Code   RO          781    .ARM.Collect$$libinit$$0000000A  c_w.l(libinit2.o)
    0x08000180   0x08000180   0x00000000   Code   RO          783    .ARM.Collect$$libinit$$0000000C  c_w.l(libinit2.o)
    0x08000180   0x08000180   0x00000000   Code   RO          785    .ARM.Collect$$libinit$$0000000E  c_w.l(libinit2.o)
    0x08000180   0x08000180   0x00000006   Code   RO          786    .ARM.Collect$$libinit$$0000000F  c_w.l(libinit2.o)
    0x08000186   0x08000186   0x00000000   Code   RO          788    .ARM.Collect$$libinit$$00000011  c_w.l(libinit2.o)
    0x08000186   0x08000186   0x0000000c   Code   RO          789    .ARM.Collect$$libinit$$00000012  c_w.l(libinit2.o)
    0x08000192   0x08000192   0x00000000   Code   RO          790    .ARM.Collect$$libinit$$00000013  c_w.l(libinit2.o)
    0x08000192   0x08000192   0x00000000   Code   RO          792    .ARM.Collect$$libinit$$00000015  c_w.l(libinit2.o)
    0x08000192   0x08000192   0x0000000a   Code   RO          793    .ARM.Collect$$libinit$$00000016  c_w.l(libinit2.o)
    0x0800019c   0x0800019c   0x00000000   Code   RO          794    .ARM.Collect$$libinit$$00000017  c_w.l(libinit2.o)
    0x0800019c   0x0800019c   0x00000000   Code   RO          796    .ARM.Collect$$libinit$$00000019  c_w.l(libinit2.o)
    0x0800019c   0x0800019c   0x00000000   Code   RO          798    .ARM.Collect$$libinit$$0000001B  c_w.l(libinit2.o)
    0x0800019c   0x0800019c   0x00000000   Code   RO          800    .ARM.Collect$$libinit$$0000001D  c_w.l(libinit2.o)
    0x0800019c   0x0800019c   0x00000000   Code   RO          802    .ARM.Collect$$libinit$$0000001F  c_w.l(libinit2.o)
    0x0800019c   0x0800019c   0x00000000   Code   RO          804    .ARM.Collect$$libinit$$00000021  c_w.l(libinit2.o)
    0x0800019c   0x0800019c   0x00000000   Code   RO          806    .ARM.Collect$$libinit$$00000023  c_w.l(libinit2.o)
    0x0800019c   0x0800019c   0x00000000   Code   RO          808    .ARM.Collect$$libinit$$00000025  c_w.l(libinit2.o)
    0x0800019c   0x0800019c   0x00000000   Code   RO          812    .ARM.Collect$$libinit$$0000002C  c_w.l(libinit2.o)
    0x0800019c   0x0800019c   0x00000000   Code   RO          814    .ARM.Collect$$libinit$$0000002E  c_w.l(libinit2.o)
    0x0800019c   0x0800019c   0x00000000   Code   RO          816    .ARM.Collect$$libinit$$00000030  c_w.l(libinit2.o)
    0x0800019c   0x0800019c   0x00000000   Code   RO          818    .ARM.Collect$$libinit$$00000032  c_w.l(libinit2.o)
    0x0800019c   0x0800019c   0x00000002   Code   RO          819    .ARM.Collect$$libinit$$00000033  c_w.l(libinit2.o)
    0x0800019e   0x0800019e   0x00000002   Code   RO         1000    .ARM.Collect$$libshutdown$$00000000  c_w.l(libshutdown.o)
    0x080001a0   0x080001a0   0x00000000   Code   RO          956    .ARM.Collect$$libshutdown$$00000002  c_w.l(libshutdown2.o)
    0x080001a0   0x080001a0   0x00000000   Code   RO          958    .ARM.Collect$$libshutdown$$00000004  c_w.l(libshutdown2.o)
    0x080001a0   0x080001a0   0x00000000   Code   RO          961    .ARM.Collect$$libshutdown$$00000007  c_w.l(libshutdown2.o)
    0x080001a0   0x080001a0   0x00000000   Code   RO          964    .ARM.Collect$$libshutdown$$0000000A  c_w.l(libshutdown2.o)
    0x080001a0   0x080001a0   0x00000000   Code   RO          966    .ARM.Collect$$libshutdown$$0000000C  c_w.l(libshutdown2.o)
    0x080001a0   0x080001a0   0x00000000   Code   RO          969    .ARM.Collect$$libshutdown$$0000000F  c_w.l(libshutdown2.o)
    0x080001a0   0x080001a0   0x00000002   Code   RO          970    .ARM.Collect$$libshutdown$$00000010  c_w.l(libshutdown2.o)
    0x080001a2   0x080001a2   0x00000000   Code   RO          729    .ARM.Collect$$rtentry$$00000000  c_w.l(__rtentry.o)
    0x080001a2   0x080001a2   0x00000000   Code   RO          833    .ARM.Collect$$rtentry$$00000002  c_w.l(__rtentry2.o)
    0x080001a2   0x080001a2   0x00000006   Code   RO          845    .ARM.Collect$$rtentry$$00000004  c_w.l(__rtentry4.o)
    0x080001a8   0x080001a8   0x00000000   Code   RO          835    .ARM.Collect$$rtentry$$00000009  c_w.l(__rtentry2.o)
    0x080001a8   0x080001a8   0x00000004   Code   RO          836    .ARM.Collect$$rtentry$$0000000A  c_w.l(__rtentry2.o)
    0x080001ac   0x080001ac   0x00000000   Code   RO          838    .ARM.Collect$$rtentry$$0000000C  c_w.l(__rtentry2.o)
    0x080001ac   0x080001ac   0x00000008   Code   RO          839    .ARM.Collect$$rtentry$$0000000D  c_w.l(__rtentry2.o)
    0x080001b4   0x080001b4   0x00000002   Code   RO          945    .ARM.Collect$$rtexit$$00000000  c_w.l(rtexit.o)
    0x080001b6   0x080001b6   0x00000000   Code   RO          974    .ARM.Collect$$rtexit$$00000002  c_w.l(rtexit2.o)
    0x080001b6   0x080001b6   0x00000004   Code   RO          975    .ARM.Collect$$rtexit$$00000003  c_w.l(rtexit2.o)
    0x080001ba   0x080001ba   0x00000006   Code   RO          976    .ARM.Collect$$rtexit$$00000004  c_w.l(rtexit2.o)
    0x080001c0   0x080001c0   0x00000000   Code   RO          856    .emb_text           c_w.l(maybetermalloc1.o)
    0x080001c0   0x080001c0   0x00000040   Code   RO          557  * .text               startup_stm32f10x_md.o
    0x08000200   0x08000200   0x0000005e   Code   RO          567    .text               c_w.l(h1_alloc.o)
    0x0800025e   0x0800025e   0x0000004e   Code   RO          569    .text               c_w.l(h1_free.o)
    0x080002ac   0x080002ac   0x00000028   Code   RO          627    .text               c_w.l(noretval__2sprintf.o)
    0x080002d4   0x080002d4   0x0000004e   Code   RO          631    .text               c_w.l(_printf_pad.o)
    0x08000322   0x08000322   0x00000002   PAD
    0x08000324   0x08000324   0x00000078   Code   RO          635    .text               c_w.l(_printf_dec.o)
    0x0800039c   0x0800039c   0x00000058   Code   RO          640    .text               c_w.l(_printf_hex_int.o)
    0x080003f4   0x080003f4   0x00000138   Code   RO          670    .text               c_w.l(__printf_flags_wp.o)
    0x0800052c   0x0800052c   0x0000001a   Code   RO          683    .text               c_w.l(atoi.o)
    0x08000546   0x08000546   0x00000024   Code   RO          687    .text               c_w.l(strncat.o)
    0x0800056a   0x0800056a   0x00000024   Code   RO          689    .text               c_w.l(strstr.o)
    0x0800058e   0x0800058e   0x00000048   Code   RO          691    .text               c_w.l(strcpy.o)
    0x080005d6   0x080005d6   0x0000003e   Code   RO          693    .text               c_w.l(strlen.o)
    0x08000614   0x08000614   0x0000004e   Code   RO          699    .text               c_w.l(rt_memclr_w.o)
    0x08000662   0x08000662   0x00000002   PAD
    0x08000664   0x08000664   0x00000080   Code   RO          701    .text               c_w.l(strcmpv7m.o)
    0x080006e4   0x080006e4   0x00000006   Code   RO          703    .text               c_w.l(heapauxi.o)
    0x080006ea   0x080006ea   0x00000002   PAD
    0x080006ec   0x080006ec   0x00000008   Code   RO          733    .text               c_w.l(rt_heap_descriptor_intlibspace.o)
    0x080006f4   0x080006f4   0x00000008   Code   RO          738    .text               c_w.l(rt_errno_addr_intlibspace.o)
    0x080006fc   0x080006fc   0x00000004   Code   RO          740    .text               c_w.l(hguard.o)
    0x08000700   0x08000700   0x0000008a   Code   RO          742    .text               c_w.l(init_alloc.o)
    0x0800078a   0x0800078a   0x0000000e   Code   RO          746    .text               c_w.l(h1_init.o)
    0x08000798   0x08000798   0x000000b2   Code   RO          760    .text               c_w.l(_printf_intcommon.o)
    0x0800084a   0x0800084a   0x0000041e   Code   RO          762    .text               c_w.l(_printf_fp_dec.o)
    0x08000c68   0x08000c68   0x00000030   Code   RO          764    .text               c_w.l(_printf_char_common.o)
    0x08000c98   0x08000c98   0x0000000a   Code   RO          766    .text               c_w.l(_sputc.o)
    0x08000ca2   0x08000ca2   0x00000070   Code   RO          771    .text               c_w.l(strtol.o)
    0x08000d12   0x08000d12   0x00000002   PAD
    0x08000d14   0x08000d14   0x00000008   Code   RO          829    .text               c_w.l(libspace.o)
    0x08000d1c   0x08000d1c   0x00000010   Code   RO          847    .text               c_w.l(rt_ctype_table.o)
    0x08000d2c   0x08000d2c   0x00000008   Code   RO          852    .text               c_w.l(rt_locale_intlibspace.o)
    0x08000d34   0x08000d34   0x00000034   Code   RO          858    .text               c_w.l(h1_extend.o)
    0x08000d68   0x08000d68   0x0000008a   Code   RO          862    .text               c_w.l(lludiv10.o)
    0x08000df2   0x08000df2   0x00000002   PAD
    0x08000df4   0x08000df4   0x00000080   Code   RO          864    .text               c_w.l(_printf_fp_infnan.o)
    0x08000e74   0x08000e74   0x0000009e   Code   RO          868    .text               c_w.l(_strtoul.o)
    0x08000f12   0x08000f12   0x00000002   PAD
    0x08000f14   0x08000f14   0x000000e4   Code   RO          870    .text               c_w.l(bigflt0.o)
    0x08000ff8   0x08000ff8   0x0000000e   Code   RO          898    .text               c_w.l(defsig_rtmem_outer.o)
    0x08001006   0x08001006   0x00000002   Code   RO          913    .text               c_w.l(use_no_semi.o)
    0x08001008   0x08001008   0x00000000   Code   RO          915    .text               c_w.l(indicate_semi.o)
    0x08001008   0x08001008   0x0000004a   Code   RO          916    .text               c_w.l(sys_stackheap_outer.o)
    0x08001052   0x08001052   0x0000001c   Code   RO          922    .text               c_w.l(_chval.o)
    0x0800106e   0x0800106e   0x00000012   Code   RO          927    .text               c_w.l(exit.o)
    0x08001080   0x08001080   0x0000000a   Code   RO          929    .text               c_w.l(defsig_exit.o)
    0x0800108a   0x0800108a   0x00000002   PAD
    0x0800108c   0x0800108c   0x00000050   Code   RO          931    .text               c_w.l(defsig_rtmem_inner.o)
    0x080010dc   0x080010dc   0x0000000c   Code   RO          943    .text               c_w.l(sys_exit.o)
    0x080010e8   0x080010e8   0x00000032   Code   RO          953    .text               c_w.l(defsig_general.o)
    0x0800111a   0x0800111a   0x0000000e   Code   RO          971    .text               c_w.l(sys_wrch.o)
    0x08001128   0x08001128   0x0000003e   Code   RO          873    CL$$btod_d2e        c_w.l(btod.o)
    0x08001166   0x08001166   0x00000046   Code   RO          875    CL$$btod_d2e_denorm_low  c_w.l(btod.o)
    0x080011ac   0x080011ac   0x00000060   Code   RO          874    CL$$btod_d2e_norm_op1  c_w.l(btod.o)
    0x0800120c   0x0800120c   0x00000338   Code   RO          883    CL$$btod_div_common  c_w.l(btod.o)
    0x08001544   0x08001544   0x000000dc   Code   RO          880    CL$$btod_e2e        c_w.l(btod.o)
    0x08001620   0x08001620   0x0000002a   Code   RO          877    CL$$btod_ediv       c_w.l(btod.o)
    0x0800164a   0x0800164a   0x0000002a   Code   RO          876    CL$$btod_emul       c_w.l(btod.o)
    0x08001674   0x08001674   0x00000244   Code   RO          882    CL$$btod_mult_common  c_w.l(btod.o)
    0x080018b8   0x080018b8   0x00000016   Code   RO          115    i.NVIC_EnableIRQ    timer.o
    0x080018ce   0x080018ce   0x00000016   Code   RO          153    i.NVIC_EnableIRQ    usart.o
    0x080018e4   0x080018e4   0x00000028   Code   RO          116    i.NVIC_SetPriority  timer.o
    0x0800190c   0x0800190c   0x00000048   Code   RO          228    i.OneWire_Init      ds18b20.o
    0x08001954   0x08001954   0x00000024   Code   RO          229    i.OneWire_Match_ROM  ds18b20.o
    0x08001978   0x08001978   0x000000c4   Code   RO          230    i.OneWire_Print     ds18b20.o
    0x08001a3c   0x08001a3c   0x00000044   Code   RO          231    i.OneWire_Read      ds18b20.o
    0x08001a80   0x08001a80   0x00000024   Code   RO          232    i.OneWire_Read_ROM  ds18b20.o
    0x08001aa4   0x08001aa4   0x0000003e   Code   RO          234    i.OneWire_Write     ds18b20.o
    0x08001ae2   0x08001ae2   0x00000002   PAD
    0x08001ae4   0x08001ae4   0x00000028   Code   RO          235    i.SetPinAsInput     ds18b20.o
    0x08001b0c   0x08001b0c   0x00000038   Code   RO          236    i.SetPinAsOutput    ds18b20.o
    0x08001b44   0x08001b44   0x00000008   Code   RO          520    i.SetSysClock       system_stm32f10x.o
    0x08001b4c   0x08001b4c   0x000000e0   Code   RO          521    i.SetSysClockTo72   system_stm32f10x.o
    0x08001c2c   0x08001c2c   0x00000010   Code   RO          472    i.SysTick_Handler   common.o
    0x08001c3c   0x08001c3c   0x00000060   Code   RO          523    i.SystemInit        system_stm32f10x.o
    0x08001c9c   0x08001c9c   0x0000005c   Code   RO           32    i.TIM2_IRQHandler   main.o
    0x08001cf8   0x08001cf8   0x000000a8   Code   RO           33    i.TIM3_IRQHandler   main.o
    0x08001da0   0x08001da0   0x00000044   Code   RO           34    i.TIM4_IRQHandler   main.o
    0x08001de4   0x08001de4   0x00000048   Code   RO          294    i.USART1_IRQHandler  esp8266.o
    0x08001e2c   0x08001e2c   0x0000001c   Code   RO           35    i.USART2_IRQHandler  main.o
    0x08001e48   0x08001e48   0x00000028   Code   RO          911    i.__ARM_fpclassify  m_ws.l(fpclassify.o)
    0x08001e70   0x08001e70   0x0000000e   Code   RO          668    i._is_digit         c_w.l(__printf_wp.o)
    0x08001e7e   0x08001e7e   0x00000002   PAD
    0x08001e80   0x08001e80   0x00000048   Code   RO          201    i.delay_ms          delay_tim1.o
    0x08001ec8   0x08001ec8   0x00000040   Code   RO          202    i.delay_tim1_init   delay_tim1.o
    0x08001f08   0x08001f08   0x00000044   Code   RO          203    i.delay_us          delay_tim1.o
    0x08001f4c   0x08001f4c   0x0000002a   Code   RO          295    i.esp8266Begin      esp8266.o
    0x08001f76   0x08001f76   0x00000002   PAD
    0x08001f78   0x08001f78   0x0000001c   Code   RO          296    i.esp8266ClearBuffer  esp8266.o
    0x08001f94   0x08001f94   0x000001f4   Code   RO          297    i.esp8266Connect    esp8266.o
    0x08002188   0x08002188   0x00000050   Code   RO          298    i.esp8266Disconnect  esp8266.o
    0x080021d8   0x080021d8   0x0000002e   Code   RO          301    i.esp8266ReadForResponse  esp8266.o
    0x08002206   0x08002206   0x00000048   Code   RO          302    i.esp8266ReadForResponses  esp8266.o
    0x0800224e   0x0800224e   0x00000002   PAD
    0x08002250   0x08002250   0x00000060   Code   RO          305    i.esp8266Reset      esp8266.o
    0x080022b0   0x080022b0   0x00000014   Code   RO          306    i.esp8266RxBufferAvailable  esp8266.o
    0x080022c4   0x080022c4   0x00000074   Code   RO          307    i.esp8266SearchBuffer  esp8266.o
    0x08002338   0x08002338   0x0000005c   Code   RO          308    i.esp8266SendCommand  esp8266.o
    0x08002394   0x08002394   0x00000034   Code   RO          309    i.esp8266SetMode    esp8266.o
    0x080023c8   0x080023c8   0x0000003c   Code   RO          310    i.esp8266SetMux     esp8266.o
    0x08002404   0x08002404   0x00000028   Code   RO          312    i.esp8266TcpClose   esp8266.o
    0x0800242c   0x0800242c   0x000000c4   Code   RO          313    i.esp8266TcpConnect  esp8266.o
    0x080024f0   0x080024f0   0x000000e4   Code   RO          314    i.esp8266TcpSend    esp8266.o
    0x080025d4   0x080025d4   0x00000284   Code   RO          315    i.esp8266TcpSend_packet  esp8266.o
    0x08002858   0x08002858   0x000001f4   Code   RO          317    i.esp8266TcpStatus  esp8266.o
    0x08002a4c   0x08002a4c   0x00000034   Code   RO          318    i.esp8266Test       esp8266.o
    0x08002a80   0x08002a80   0x00000034   Code   RO          319    i.init_array        esp8266.o
    0x08002ab4   0x08002ab4   0x0000002c   Code   RO            1    i.led_init          led.o
    0x08002ae0   0x08002ae0   0x00000118   Code   RO           36    i.main              main.o
    0x08002bf8   0x08002bf8   0x0000000c   Code   RO          474    i.millis            common.o
    0x08002c04   0x08002c04   0x000000bc   Code   RO           37    i.rcc_init          main.o
    0x08002cc0   0x08002cc0   0x00000048   Code   RO          117    i.timer2_init       timer.o
    0x08002d08   0x08002d08   0x00000060   Code   RO          118    i.timer3_init       timer.o
    0x08002d68   0x08002d68   0x00000060   Code   RO          119    i.timer4_init       timer.o
    0x08002dc8   0x08002dc8   0x000000bc   Code   RO          154    i.usart1_init       usart.o
    0x08002e84   0x08002e84   0x000000bc   Code   RO          155    i.usart2_init       usart.o
    0x08002f40   0x08002f40   0x0000003e   Code   RO          156    i.usartSendArrar    usart.o
    0x08002f7e   0x08002f7e   0x00000010   Code   RO          157    i.usart_send_data   usart.o
    0x08002f8e   0x08002f8e   0x00000020   Code   RO          158    i.usart_send_string  usart.o
    0x08002fae   0x08002fae   0x00000002   PAD
    0x08002fb0   0x08002fb0   0x0000002c   Code   RO          896    locale$$code        c_w.l(lc_numeric_c.o)
    0x08002fdc   0x08002fdc   0x0000002c   Code   RO          925    locale$$code        c_w.l(lc_ctype_c.o)
    0x08003008   0x08003008   0x0000000c   Code   RO          820    x$fpl$dretinf       fz_ws.l(dretinf.o)
    0x08003014   0x08003014   0x00000056   Code   RO          707    x$fpl$f2d           fz_ws.l(f2d.o)
    0x0800306a   0x0800306a   0x00000002   PAD
    0x0800306c   0x0800306c   0x000000c4   Code   RO          709    x$fpl$fadd          fz_ws.l(faddsub_clz.o)
    0x08003130   0x08003130   0x00000184   Code   RO          716    x$fpl$fdiv          fz_ws.l(fdiv.o)
    0x080032b4   0x080032b4   0x00000026   Code   RO          719    x$fpl$ffltu         fz_ws.l(fflt_clz.o)
    0x080032da   0x080032da   0x0000008c   Code   RO          822    x$fpl$fnaninf       fz_ws.l(fnaninf.o)
    0x08003366   0x08003366   0x0000000a   Code   RO          824    x$fpl$fretinf       fz_ws.l(fretinf.o)
    0x08003370   0x08003370   0x000000ea   Code   RO          711    x$fpl$fsub          fz_ws.l(faddsub_clz.o)
    0x0800345a   0x0800345a   0x00000004   Code   RO          725    x$fpl$printf1       fz_ws.l(printf1.o)
    0x0800345e   0x0800345e   0x00000000   Code   RO          826    x$fpl$usenofp       fz_ws.l(usenofp.o)
    0x0800345e   0x0800345e   0x00000002   PAD
    0x08003460   0x08003460   0x00000106   Data   RO          322    .constdata          esp8266.o
    0x08003566   0x08003566   0x00000028   Data   RO          641    .constdata          c_w.l(_printf_hex_int.o)
    0x0800358e   0x0800358e   0x00000011   Data   RO          671    .constdata          c_w.l(__printf_flags_wp.o)
    0x0800359f   0x0800359f   0x00000001   PAD
    0x080035a0   0x080035a0   0x00000094   Data   RO          871    .constdata          c_w.l(bigflt0.o)
    0x08003634   0x08003634   0x000000d4   Data   RO           40    .conststring        main.o
    0x08003708   0x08003708   0x00000020   Data   RO         1001    Region$$Table       anon$$obj.o
    0x08003728   0x08003728   0x0000001c   Data   RO          895    locale$$data        c_w.l(lc_numeric_c.o)
    0x08003744   0x08003744   0x00000110   Data   RO          924    locale$$data        c_w.l(lc_ctype_c.o)


    Execution Region ER_RW (Exec base: 0x20000000, Load base: 0x08003854, Size: 0x000000c8, Max: 0xffffffff, ABSOLUTE)

    Exec Addr    Load Addr    Size         Type   Attr      Idx    E Section Name        Object

    0x20000000   0x08003854   0x00000058   Data   RW           41    .data               main.o
    0x20000058   0x080038ac   0x00000008   Data   RW          204    .data               delay_tim1.o
    0x20000060   0x080038b4   0x00000001   Data   RW          237    .data               ds18b20.o
    0x20000061   0x080038b5   0x00000003   PAD
    0x20000064   0x080038b8   0x0000004a   Data   RW          324    .data               esp8266.o
    0x200000ae   0x08003902   0x00000002   PAD
    0x200000b0   0x08003904   0x00000004   Data   RW          476    .data               common.o
    0x200000b4   0x08003908   0x00000014   Data   RW          524    .data               system_stm32f10x.o


    Execution Region ER_ZI (Exec base: 0x200000c8, Load base: 0x0800391c, Size: 0x00000978, Max: 0xffffffff, ABSOLUTE)

    Exec Addr    Load Addr    Size         Type   Attr      Idx    E Section Name        Object

    0x200000c8        -       0x00000064   Zero   RW           38    .bss                main.o
    0x2000012c        -       0x000002b0   Zero   RW          321    .bss                esp8266.o
    0x200003dc        -       0x00000060   Zero   RW          830    .bss                c_w.l(libspace.o)
    0x2000043c   0x0800391c   0x00000004   PAD
    0x20000440        -       0x00000200   Zero   RW          555    HEAP                startup_stm32f10x_md.o
    0x20000640        -       0x00000400   Zero   RW          554    STACK               startup_stm32f10x_md.o


==============================================================================

Image component sizes


      Code (inc. data)   RO Data    RW Data    ZI Data      Debug   Object Name

        28         10          0          4          0       1415   common.o
         0          0          0          0          0         32   core_cm3.o
       204         38          0          8          0       1572   delay_tim1.o
       566         40          0          1          0       4444   ds18b20.o
      2988        814        262         74        688      14521   esp8266.o
        44          8          0          0          0     206535   led.o
       824        220        212         88        100      22443   main.o
        64         26        236          0       1536        780   startup_stm32f10x_md.o
       328         28          0         20          0       2173   system_stm32f10x.o
       326         34          0          0          0      17153   timer.o
       508         28          0          0          0      18422   usart.o

    ----------------------------------------------------------------------
      5888       1246        742        200       2324     289490   Object Totals
         0          0         32          0          0          0   (incl. Generated)
         8          0          0          5          0          0   (incl. Padding)

    ----------------------------------------------------------------------

      Code (inc. data)   RO Data    RW Data    ZI Data      Debug   Library Member Name

         8          0          0          0          0         68   __main.o
       312          4         17          0          0         92   __printf_flags_wp.o
        14          0          0          0          0         68   __printf_wp.o
         0          0          0          0          0          0   __rtentry.o
        12          0          0          0          0          0   __rtentry2.o
         6          0          0          0          0          0   __rtentry4.o
        52          8          0          0          0          0   __scatter.o
        26          0          0          0          0          0   __scatter_copy.o
        28          0          0          0          0          0   __scatter_zi.o
        28          0          0          0          0         68   _chval.o
        48          6          0          0          0         96   _printf_char_common.o
         6          0          0          0          0          0   _printf_d.o
       120         16          0          0          0         92   _printf_dec.o
         6          0          0          0          0          0   _printf_f.o
      1054          0          0          0          0        216   _printf_fp_dec.o
       128         16          0          0          0         84   _printf_fp_infnan.o
        88          4         40          0          0         88   _printf_hex_int.o
       178          0          0          0          0         88   _printf_intcommon.o
        78          0          0          0          0        108   _printf_pad.o
         0          0          0          0          0          0   _printf_percent.o
         4          0          0          0          0          0   _printf_percent_end.o
         6          0          0          0          0          0   _printf_x.o
        10          0          0          0          0         68   _sputc.o
       158          0          0          0          0         92   _strtoul.o
        26          0          0          0          0         80   atoi.o
       228          4        148          0          0         96   bigflt0.o
      1936        128          0          0          0        672   btod.o
        10          0          0          0          0         68   defsig_exit.o
        50          0          0          0          0         88   defsig_general.o
        80         58          0          0          0         76   defsig_rtmem_inner.o
        14          0          0          0          0         80   defsig_rtmem_outer.o
        18          0          0          0          0         80   exit.o
        94          0          0          0          0         80   h1_alloc.o
        52          0          0          0          0         68   h1_extend.o
        78          0          0          0          0         80   h1_free.o
        14          0          0          0          0         84   h1_init.o
         6          0          0          0          0        152   heapauxi.o
         4          0          0          0          0        136   hguard.o
         0          0          0          0          0          0   indicate_semi.o
       138          0          0          0          0        168   init_alloc.o
        44         10        272          0          0         76   lc_ctype_c.o
        44         10         28          0          0         76   lc_numeric_c.o
         2          0          0          0          0          0   libinit.o
        38          0          0          0          0          0   libinit2.o
         2          0          0          0          0          0   libshutdown.o
         2          0          0          0          0          0   libshutdown2.o
         8          4          0          0         96         68   libspace.o
       138          0          0          0          0         80   lludiv10.o
         0          0          0          0          0          0   maybetermalloc1.o
        40          6          0          0          0         84   noretval__2sprintf.o
        16          4          0          0          0         76   rt_ctype_table.o
         8          4          0          0          0         68   rt_errno_addr_intlibspace.o
         8          4          0          0          0         68   rt_heap_descriptor_intlibspace.o
         8          4          0          0          0         68   rt_locale_intlibspace.o
        78          0          0          0          0         80   rt_memclr_w.o
         2          0          0          0          0          0   rtexit.o
        10          0          0          0          0          0   rtexit2.o
       128          0          0          0          0         68   strcmpv7m.o
        72          0          0          0          0         80   strcpy.o
        62          0          0          0          0         76   strlen.o
        36          0          0          0          0         76   strncat.o
        36          0          0          0          0         80   strstr.o
       112          0          0          0          0         88   strtol.o
        12          4          0          0          0         68   sys_exit.o
        74          0          0          0          0         80   sys_stackheap_outer.o
        14          0          0          0          0         76   sys_wrch.o
         2          0          0          0          0         68   use_no_semi.o
        12          0          0          0          0         68   dretinf.o
        86          4          0          0          0         84   f2d.o
       430          8          0          0          0        168   faddsub_clz.o
       388         76          0          0          0         96   fdiv.o
        38          0          0          0          0         68   fflt_clz.o
       140          4          0          0          0         84   fnaninf.o
        10          0          0          0          0         68   fretinf.o
         4          0          0          0          0         68   printf1.o
         0          0          0          0          0          0   usenofp.o
        40          0          0          0          0         68   fpclassify.o

    ----------------------------------------------------------------------
      7284        386        506          0        100       5512   Library Totals
        22          0          1          0          4          0   (incl. Padding)

    ----------------------------------------------------------------------

      Code (inc. data)   RO Data    RW Data    ZI Data      Debug   Library Name

      6114        294        505          0         96       4740   c_w.l
      1108         92          0          0          0        704   fz_ws.l
        40          0          0          0          0         68   m_ws.l

    ----------------------------------------------------------------------
      7284        386        506          0        100       5512   Library Totals

    ----------------------------------------------------------------------

==============================================================================


      Code (inc. data)   RO Data    RW Data    ZI Data      Debug   

     13172       1632       1248        200       2424     289122   Grand Totals
     13172       1632       1248        200       2424     289122   ELF Image Totals
     13172       1632       1248        200          0          0   ROM Totals

==============================================================================

    Total RO  Size (Code + RO Data)                14420 (  14.08kB)
    Total RW  Size (RW Data + ZI Data)              2624 (   2.56kB)
    Total ROM Size (Code + RO Data + RW Data)      14620 (  14.28kB)

==============================================================================

