Component: ARM Compiler 5.06 update 6 (build 750) Tool: armlink [4d35ed]

==============================================================================

Section Cross References

    main.o(i.main) refers to _printf_pad.o(.text) for _printf_pre_padding
    main.o(i.main) refers to _printf_percent.o(.ARM.Collect$$_printf_percent$$00000000) for _printf_percent
    main.o(i.main) refers to _printf_x.o(.ARM.Collect$$_printf_percent$$0000000C) for _printf_x
    main.o(i.main) refers to _printf_hex_int.o(.text) for _printf_longlong_hex
    main.o(i.main) refers to main.o(i.rcc_init) for rcc_init
    main.o(i.main) refers to usart.o(i.usart1_init) for usart1_init
    main.o(i.main) refers to usart.o(i.usart2_init) for usart2_init
    main.o(i.main) refers to led.o(i.led_init) for led_init
    main.o(i.main) refers to timer.o(i.timer3_init) for timer3_init
    main.o(i.main) refers to delay_tim1.o(i.delay_tim1_init) for delay_tim1_init
    main.o(i.main) refers to ds18b20.o(i.OneWire_Init) for OneWire_Init
    main.o(i.main) refers to ds18b20.o(i.OneWire_Read_ROM) for OneWire_Read_ROM
    main.o(i.main) refers to noretval__2sprintf.o(.text) for __2sprintf
    main.o(i.main) refers to usart.o(i.usart_send_string) for usart_send_string
    main.o(i.main) refers to esp8266.o(i.esp8266Begin) for esp8266Begin
    main.o(i.main) refers to usart.o(i.usartSendArrar) for usartSendArrar
    main.o(i.main) refers to delay_tim1.o(i.delay_ms) for delay_ms
    main.o(i.main) refers to esp8266.o(i.esp8266Connect) for esp8266Connect
    main.o(i.main) refers to timer.o(i.timer2_init) for timer2_init
    main.o(i.main) refers to esp8266.o(i.esp8266TcpStatus) for esp8266TcpStatus
    main.o(i.main) refers to esp8266.o(i.esp8266TcpSend_packet) for esp8266TcpSend_packet
    main.o(i.main) refers to main.o(.data) for buffer_ROM
    main.o(i.main) refers to main.o(.bss) for text
    main.o(.data) refers to main.o(.conststring) for .conststring
    timer.o(i.timer2_init) refers to timer.o(i.NVIC_EnableIRQ) for NVIC_EnableIRQ
    timer.o(i.timer3_init) refers to timer.o(i.NVIC_EnableIRQ) for NVIC_EnableIRQ
    usart.o(i.usart1_init) refers to usart.o(i.NVIC_EnableIRQ) for NVIC_EnableIRQ
    usart.o(i.usart2_init) refers to usart.o(i.NVIC_EnableIRQ) for NVIC_EnableIRQ
    usart.o(i.usartSendArrar) refers to strlen.o(.text) for strlen
    usart.o(i.usartSendArrar) refers to usart.o(i.usart_send_data) for usart_send_data
    usart.o(i.usart_send_string) refers to usart.o(i.usart_send_data) for usart_send_data
    delay_tim1.o(i.delay_ms) refers to delay_tim1.o(.data) for prescaler_ms
    delay_tim1.o(i.delay_tim1_init) refers to system_stm32f10x.o(.data) for SystemCoreClock
    delay_tim1.o(i.delay_tim1_init) refers to delay_tim1.o(.data) for prescaler_ms
    delay_tim1.o(i.delay_us) refers to delay_tim1.o(.data) for prescaler_us
    ds18b20.o(i.OneWire_Init) refers to ds18b20.o(i.SetPinAsOutput) for SetPinAsOutput
    ds18b20.o(i.OneWire_Init) refers to delay_tim1.o(i.delay_us) for delay_us
    ds18b20.o(i.OneWire_Init) refers to ds18b20.o(i.SetPinAsInput) for SetPinAsInput
    ds18b20.o(i.OneWire_Init) refers to ds18b20.o(.data) for OK_Flag
    ds18b20.o(i.OneWire_Match_ROM) refers to ds18b20.o(i.OneWire_Init) for OneWire_Init
    ds18b20.o(i.OneWire_Match_ROM) refers to ds18b20.o(i.OneWire_Write) for OneWire_Write
    ds18b20.o(i.OneWire_Print) refers to ds18b20.o(i.OneWire_Init) for OneWire_Init
    ds18b20.o(i.OneWire_Print) refers to ds18b20.o(i.OneWire_Match_ROM) for OneWire_Match_ROM
    ds18b20.o(i.OneWire_Print) refers to ds18b20.o(i.OneWire_Write) for OneWire_Write
    ds18b20.o(i.OneWire_Print) refers to ds18b20.o(i.OneWire_Read) for OneWire_Read
    ds18b20.o(i.OneWire_Print) refers to fflt_clz.o(x$fpl$ffltu) for __aeabi_ui2f
    ds18b20.o(i.OneWire_Print) refers to fdiv.o(x$fpl$fdiv) for __aeabi_fdiv
    ds18b20.o(i.OneWire_Print) refers to faddsub_clz.o(x$fpl$fadd) for __aeabi_fadd
    ds18b20.o(i.OneWire_Read) refers to ds18b20.o(i.SetPinAsOutput) for SetPinAsOutput
    ds18b20.o(i.OneWire_Read) refers to delay_tim1.o(i.delay_us) for delay_us
    ds18b20.o(i.OneWire_Read) refers to ds18b20.o(i.SetPinAsInput) for SetPinAsInput
    ds18b20.o(i.OneWire_Read_ROM) refers to ds18b20.o(i.OneWire_Init) for OneWire_Init
    ds18b20.o(i.OneWire_Read_ROM) refers to ds18b20.o(i.OneWire_Write) for OneWire_Write
    ds18b20.o(i.OneWire_Read_ROM) refers to ds18b20.o(i.OneWire_Read) for OneWire_Read
    ds18b20.o(i.OneWire_Search_ROM) refers to ds18b20.o(i.OneWire_Init) for OneWire_Init
    ds18b20.o(i.OneWire_Search_ROM) refers to ds18b20.o(i.OneWire_Write) for OneWire_Write
    ds18b20.o(i.OneWire_Write) refers to ds18b20.o(i.SetPinAsOutput) for SetPinAsOutput
    ds18b20.o(i.OneWire_Write) refers to delay_tim1.o(i.delay_us) for delay_us
    ds18b20.o(i.OneWire_Write) refers to ds18b20.o(i.SetPinAsInput) for SetPinAsInput
    esp8266.o(i.USART1_IRQHandler) refers to esp8266.o(.data) for bufferHead
[...]
    ../clib/angel/kernel.s                   0x00000000   Number         0  __rtentry2.o ABSOLUTE
    ../clib/angel/kernel.s                   0x00000000   Number         0  __rtentry.o ABSOLUTE
    ../clib/angel/kernel.s                   0x00000000   Number         0  rtexit2.o ABSOLUTE
    ../clib/angel/rt.s                       0x00000000   Number         0  rt_ctype_table.o ABSOLUTE
    ../clib/angel/rt.s                       0x00000000   Number         0  rt_locale_intlibspace.o ABSOLUTE
    ../clib/angel/rt.s                       0x00000000   Number         0  rt_locale.o ABSOLUTE
    ../clib/angel/rt.s                       0x00000000   Number         0  rt_raise.o ABSOLUTE
    ../clib/angel/rt.s                       0x00000000   Number         0  rt_heap_descriptor.o ABSOLUTE
    ../clib/angel/rt.s                       0x00000000   Number         0  rt_heap_descriptor_intlibspace.o ABSOLUTE
    ../clib/angel/rt.s                       0x00000000   Number         0  rt_errno_addr.o ABSOLUTE
    ../clib/angel/rt.s                       0x00000000   Number         0  rt_errno_addr_intlibspace.o ABSOLUTE
    ../clib/angel/scatter.s                  0x00000000   Number         0  __scatter.o ABSOLUTE
    ../clib/angel/startup.s                  0x00000000   Number         0  __main.o ABSOLUTE
    ../clib/angel/sys.s                      0x00000000   Number         0  sys_stackheap_outer.o ABSOLUTE
    ../clib/angel/sys.s                      0x00000000   Number         0  mutex_dummy.o ABSOLUTE
    ../clib/angel/sys.s                      0x00000000   Number         0  indicate_semi.o ABSOLUTE
    ../clib/angel/sys.s                      0x00000000   Number         0  use_no_semi.o ABSOLUTE
    ../clib/angel/sys.s                      0x00000000   Number         0  libspace.o ABSOLUTE
    ../clib/angel/sysapp.c                   0x00000000   Number         0  sys_exit.o ABSOLUTE
    ../clib/angel/sysapp.c                   0x00000000   Number         0  sys_command.o ABSOLUTE
    ../clib/angel/sysapp.c                   0x00000000   Number         0  sys_wrch.o ABSOLUTE
    ../clib/armsys.c                         0x00000000   Number         0  no_argv.o ABSOLUTE
    ../clib/armsys.c                         0x00000000   Number         0  argv_veneer.o ABSOLUTE
    ../clib/armsys.c                         0x00000000   Number         0  argv_veneer.o ABSOLUTE
    ../clib/armsys.c                         0x00000000   Number         0  _get_argv_nomalloc.o ABSOLUTE
    ../clib/armsys.c                         0x00000000   Number         0  _get_argv.o ABSOLUTE
    ../clib/heap1.c                          0x00000000   Number         0  h1_init_mt.o ABSOLUTE
    ../clib/heap1.c                          0x00000000   Number         0  h1_init.o ABSOLUTE
    ../clib/heap1.c                          0x00000000   Number         0  h1_extend.o ABSOLUTE
    ../clib/heap1.c                          0x00000000   Number         0  h1_extend_mt.o ABSOLUTE
    ../clib/heap1.c                          0x00000000   Number         0  h1_alloc.o ABSOLUTE
    ../clib/heap1.c                          0x00000000   Number         0  h1_final.o ABSOLUTE
    ../clib/heap1.c                          0x00000000   Number         0  h1_free.o ABSOLUTE
    ../clib/heap1.c                          0x00000000   Number         0  h1_alloc_mt.o ABSOLUTE
    ../clib/heap1.c                          0x00000000   Number         0  h1_free_mt.o ABSOLUTE
    ../clib/heap1.c                          0x00000000   Number         0  h1_final_mt.o ABSOLUTE
    ../clib/heap2.c                          0x00000000   Number         0  fdtree.o ABSOLUTE
    ../clib/heap2.c                          0x00000000   Number         0  heap2.o ABSOLUTE
    ../clib/heap2.c                          0x00000000   Number         0  heap2mt.o ABSOLUTE
    ../clib/heapalloc.c                      0x00000000   Number         0  heapstubs.o ABSOLUTE
    ../clib/heapalloc.c                      0x00000000   Number         0  init_alloc.o ABSOLUTE
    ../clib/heapalloc.c                      0x00000000   Number         0  hguard.o ABSOLUTE
    ../clib/heapalloc.c                      0x00000000   Number         0  maybetermalloc1.o ABSOLUTE
    ../clib/heapalloc.c                      0x00000000   Number         0  maybetermalloc2.o ABSOLUTE
    ../clib/heapalloc.c                      0x00000000   Number         0  maybetermalloc1.o ABSOLUTE
    ../clib/heapalloc.c                      0x00000000   Number         0  term_alloc.o ABSOLUTE
    ../clib/heapalloc.c                      0x00000000   Number         0  malloc.o ABSOLUTE
    ../clib/heapalloc.c                      0x00000000   Number         0  free.o ABSOLUTE
    ../clib/heapalloc.c                      0x00000000   Number         0  maybetermalloc2.o ABSOLUTE
    ../clib/heapalloc.c                      0x00000000   Number         0  hrguard.o ABSOLUTE
    ../clib/heapaux.c                        0x00000000   Number         0  heapauxa.o ABSOLUTE
    ../clib/heapaux.c                        0x00000000   Number         0  heapauxi.o ABSOLUTE
    ../clib/libinit.s                        0x00000000   Number         0  libinit2.o ABSOLUTE
    ../clib/libinit.s                        0x00000000   Number         0  libshutdown2.o ABSOLUTE
    ../clib/libinit.s                        0x00000000   Number         0  libinit.o ABSOLUTE
    ../clib/libinit.s                        0x00000000   Number         0  libshutdown.o ABSOLUTE
    ../clib/locale.s                         0x00000000   Number         0  lc_ctype_c.o ABSOLUTE
    ../clib/memcpset.s                       0x00000000   Number         0  rt_memclr.o ABSOLUTE
    ../clib/memcpset.s                       0x00000000   Number         0  rt_memclr_w.o ABSOLUTE
    ../clib/memcpset.s                       0x00000000   Number         0  strcmpv7m.o ABSOLUTE
    ../clib/memcpset.s                       0x00000000   Number         0  rt_memcpy_v6.o ABSOLUTE
    ../clib/memcpset.s                       0x00000000   Number         0  rt_memcpy_w.o ABSOLUTE
    ../clib/misc.s                           0x00000000   Number         0  printf_stubs.o ABSOLUTE
    ../clib/printf.c                         0x00000000   Number         0  _printf_hex_ll.o ABSOLUTE
    ../clib/printf.c                         0x00000000   Number         0  __printf_flags_wp.o ABSOLUTE
    ../clib/printf.c                         0x00000000   Number         0  _printf_char_common.o ABSOLUTE
    ../clib/printf.c                         0x00000000   Number         0  _printf_intcommon.o ABSOLUTE
    ../clib/printf.c                         0x00000000   Number         0  __printf_ss_wp.o ABSOLUTE
    ../clib/printf.c                         0x00000000   Number         0  __printf_flags_ss_wp.o ABSOLUTE
    ../clib/printf.c                         0x00000000   Number         0  _printf_dec.o ABSOLUTE
    ../clib/printf.c                         0x00000000   Number         0  _sputc.o ABSOLUTE
    ../clib/printf.c                         0x00000000   Number         0  __2sprintf.o ABSOLUTE
    ../clib/printf.c                         0x00000000   Number         0  _printf_char.o ABSOLUTE
    ../clib/printf.c                         0x00000000   Number         0  _printf_hex_int.o ABSOLUTE
    ../clib/printf.c                         0x00000000   Number         0  _printf_hex_int_ptr.o ABSOLUTE
    ../clib/printf.c                         0x00000000   Number         0  _printf_str.o ABSOLUTE
    ../clib/printf.c                         0x00000000   Number         0  __printf.o ABSOLUTE
    ../clib/printf.c                         0x00000000   Number         0  _printf_hex_int_ll.o ABSOLUTE
    ../clib/printf.c                         0x00000000   Number         0  _printf_hex_ptr.o ABSOLUTE
    ../clib/printf.c                         0x00000000   Number         0  _printf_hex_ll_ptr.o ABSOLUTE
    ../clib/printf.c                         0x00000000   Number         0  noretval__2sprintf.o ABSOLUTE
    ../clib/printf.c                         0x00000000   Number         0  _printf_hex_int_ll_ptr.o ABSOLUTE
    ../clib/printf.c                         0x00000000   Number         0  __printf_flags.o ABSOLUTE
    ../clib/printf.c                         0x00000000   Number         0  __printf_ss.o ABSOLUTE
    ../clib/printf.c                         0x00000000   Number         0  __printf_flags_ss.o ABSOLUTE
    ../clib/printf.c                         0x00000000   Number         0  _printf_pad.o ABSOLUTE
    ../clib/printf.c                         0x00000000   Number         0  __printf_wp.o ABSOLUTE
    ../clib/printf.c                         0x00000000   Number         0  __printf_nopercent.o ABSOLUTE
    ../clib/printf_percent.s                 0x00000000   Number         0  _printf_percent.o ABSOLUTE
    ../clib/printf_percent.s                 0x00000000   Number         0  _printf_d.o ABSOLUTE
    ../clib/printf_percent.s                 0x00000000   Number         0  _printf_percent_end.o ABSOLUTE
    ../clib/printf_percent.s                 0x00000000   Number         0  _printf_x.o ABSOLUTE
    ../clib/printf_percent.s                 0x00000000   Number         0  _printf_s.o ABSOLUTE
    ../clib/scanf.c                          0x00000000   Number         0  strtol.o ABSOLUTE
    ../clib/scanf.c                          0x00000000   Number         0  _strtoul.o ABSOLUTE
    ../clib/scanf.c                          0x00000000   Number         0  atoi.o ABSOLUTE
    ../clib/scanf.c                          0x00000000   Number         0  _chval.o ABSOLUTE
    ../clib/signal.c                         0x00000000   Number         0  defsig_pvfn_inner.o ABSOLUTE
    ../clib/signal.c                         0x00000000   Number         0  defsig_stak_inner.o ABSOLUTE
    ../clib/signal.c                         0x00000000   Number         0  defsig_rtred_inner.o ABSOLUTE
    ../clib/signal.c                         0x00000000   Number         0  defsig_fpe_inner.o ABSOLUTE
    ../clib/signal.c                         0x00000000   Number         0  defsig_abrt_inner.o ABSOLUTE
    ../clib/signal.c                         0x00000000   Number         0  defsig_rtmem_formal.o ABSOLUTE
    ../clib/signal.c                         0x00000000   Number         0  defsig_rtmem_outer.o ABSOLUTE
    ../clib/signal.c                         0x00000000   Number         0  defsig_rtmem_inner.o ABSOLUTE
    ../clib/signal.c                         0x00000000   Number         0  defsig_exit.o ABSOLUTE
    ../clib/signal.c                         0x00000000   Number         0  defsig_other.o ABSOLUTE
    ../clib/signal.c                         0x00000000   Number         0  defsig_segv_inner.o ABSOLUTE
    ../clib/signal.c                         0x00000000   Number         0  defsig_general.o ABSOLUTE
    ../clib/signal.c                         0x00000000   Number         0  __raise.o ABSOLUTE
    ../clib/signal.c                         0x00000000   Number         0  defsig_cppl_inner.o ABSOLUTE
    ../clib/signal.s                         0x00000000   Number         0  defsig.o ABSOLUTE
    ../clib/stdlib.c                         0x00000000   Number         0  exit.o ABSOLUTE
    ../clib/string.c                         0x00000000   Number         0  strstr.o ABSOLUTE
    ../clib/string.c                         0x00000000   Number         0  strlen.o ABSOLUTE
    ../clib/string.c                         0x00000000   Number         0  strchr.o ABSOLUTE
    ../clib/string.c                         0x00000000   Number         0  strcpy.o ABSOLUTE
    ../clib/string.c                         0x00000000   Number         0  strncat.o ABSOLUTE
    ../fplib/faddsub.s                       0x00000000   Number         0  faddsub_clz.o ABSOLUTE
    ../fplib/fdiv.s                          0x00000000   Number         0  fdiv.o ABSOLUTE
    ../fplib/fflt.s                          0x00000000   Number         0  fflt_clz.o ABSOLUTE
    ../fplib/fnaninf.s                       0x00000000   Number         0  fnaninf.o ABSOLUTE
    ../fplib/fpinit.s                        0x00000000   Number         0  fpinit.o ABSOLUTE
    ../fplib/fretinf.s                       0x00000000   Number         0  fretinf.o ABSOLUTE
    ../fplib/usenofp.s                       0x00000000   Number         0  usenofp.o ABSOLUTE
    CMSIS\\src\\core_cm3.c                   0x00000000   Number         0  core_cm3.o ABSOLUTE
    CMSIS\src\core_cm3.c                     0x00000000   Number         0  core_cm3.o ABSOLUTE
    CMSIS\src\system_stm32f10x.c             0x00000000   Number         0  system_stm32f10x.o ABSOLUTE
    Code\src\common.c                        0x00000000   Number         0  common.o ABSOLUTE
    Code\src\delay_tim1.c                    0x00000000   Number         0  delay_tim1.o ABSOLUTE
    Code\src\ds18b20.c                       0x00000000   Number         0  ds18b20.o ABSOLUTE
    Code\src\esp8266.c                       0x00000000   Number         0  esp8266.o ABSOLUTE
    Code\src\led.c                           0x00000000   Number         0  led.o ABSOLUTE
    Code\src\main.c                          0x00000000   Number         0  main.o ABSOLUTE
    Code\src\timer.c                         0x00000000   Number         0  timer.o ABSOLUTE
    Code\src\usart.c                         0x00000000   Number         0  usart.o ABSOLUTE
    Startup\startup_stm32f10x_md.s           0x00000000   Number         0  startup_stm32f10x_md.o ABSOLUTE
    dc.s                                     0x00000000   Number         0  dc.o ABSOLUTE
    RESET                                    0x08000000   Section      236  startup_stm32f10x_md.o(RESET)
    !!!main                                  0x080000ec   Section        8  __main.o(!!!main)
    !!!scatter                               0x080000f4   Section       52  __scatter.o(!!!scatter)
    !!handler_copy                           0x08000128   Section       26  __scatter_copy.o(!!handler_copy)
    !!handler_zi                             0x08000144   Section       28  __scatter_zi.o(!!handler_zi)
    .ARM.Collect$$_printf_percent$$00000000  0x08000160   Section        0  _printf_percent.o(.ARM.Collect$$_printf_percent$$00000000)
    .ARM.Collect$$_printf_percent$$00000009  0x08000160   Section        6  _printf_d.o(.ARM.Collect$$_printf_percent$$00000009)
    .ARM.Collect$$_printf_percent$$0000000C  0x08000166   Section        6  _printf_x.o(.ARM.Collect$$_printf_percent$$0000000C)
    .ARM.Collect$$_printf_percent$$00000014  0x0800016c   Section        6  _printf_s.o(.ARM.Collect$$_printf_percent$$00000014)
    .ARM.Collect$$_printf_percent$$00000017  0x08000172   Section        4  _printf_percent_end.o(.ARM.Collect$$_printf_percent$$00000017)
    .ARM.Collect$$libinit$$00000000          0x08000176   Section        2  libinit.o(.ARM.Collect$$libinit$$00000000)
    .ARM.Collect$$libinit$$00000002          0x08000178   Section        0  libinit2.o(.ARM.Collect$$libinit$$00000002)
    .ARM.Collect$$libinit$$00000004          0x08000178   Section        0  libinit2.o(.ARM.Collect$$libinit$$00000004)
    .ARM.Collect$$libinit$$00000005          0x08000178   Section        8  libinit2.o(.ARM.Collect$$libinit$$00000005)
    .ARM.Collect$$libinit$$0000000A          0x08000180   Section        0  libinit2.o(.ARM.Collect$$libinit$$0000000A)
    .ARM.Collect$$libinit$$0000000C          0x08000180   Section        0  libinit2.o(.ARM.Collect$$libinit$$0000000C)
    .ARM.Collect$$libinit$$0000000E          0x08000180   Section        0  libinit2.o(.ARM.Collect$$libinit$$0000000E)
    .ARM.Collect$$libinit$$0000000F          0x08000180   Section        6  libinit2.o(.ARM.Collect$$libinit$$0000000F)
    .ARM.Collect$$libinit$$00000011          0x08000186   Section        0  libinit2.o(.ARM.Collect$$libinit$$00000011)
    .ARM.Collect$$libinit$$00000012          0x08000186   Section       12  libinit2.o(.ARM.Collect$$libinit$$00000012)
    .ARM.Collect$$libinit$$00000013          0x08000192   Section        0  libinit2.o(.ARM.Collect$$libinit$$00000013)
    .ARM.Collect$$libinit$$00000015          0x08000192   Section        0  libinit2.o(.ARM.Collect$$libinit$$00000015)
    .ARM.Collect$$libinit$$00000017          0x08000192   Section        0  libinit2.o(.ARM.Collect$$libinit$$00000017)
    .ARM.Collect$$libinit$$00000019          0x08000192   Section        0  libinit2.o(.ARM.Collect$$libinit$$00000019)
    .ARM.Collect$$libinit$$0000001B          0x08000192   Section        0  libinit2.o(.ARM.Collect$$libinit$$0000001B)
    .ARM.Collect$$libinit$$0000001D          0x08000192   Section        0  libinit2.o(.ARM.Collect$$libinit$$0000001D)
    .ARM.Collect$$libinit$$0000001F          0x08000192   Section        0  libinit2.o(.ARM.Collect$$libinit$$0000001F)
    .ARM.Collect$$libinit$$00000021          0x08000192   Section        0  libinit2.o(.ARM.Collect$$libinit$$00000021)
    .ARM.Collect$$libinit$$00000023          0x08000192   Section        0  libinit2.o(.ARM.Collect$$libinit$$00000023)
    .ARM.Collect$$libinit$$00000025          0x08000192   Section        0  libinit2.o(.ARM.Collect$$libinit$$00000025)
    .ARM.Collect$$libinit$$0000002C          0x08000192   Section        0  libinit2.o(.ARM.Collect$$libinit$$0000002C)
    .ARM.Collect$$libinit$$0000002E          0x08000192   Section        0  libinit2.o(.ARM.Collect$$libinit$$0000002E)
    .ARM.Collect$$libinit$$00000030          0x08000192   Section        0  libinit2.o(.ARM.Collect$$libinit$$00000030)
    .ARM.Collect$$libinit$$00000032          0x08000192   Section        0  libinit2.o(.ARM.Collect$$libinit$$00000032)
    .ARM.Collect$$libinit$$00000033          0x08000192   Section        2  libinit2.o(.ARM.Collect$$libinit$$00000033)
    .ARM.Collect$$libshutdown$$00000000      0x08000194   Section        2  libshutdown.o(.ARM.Collect$$libshutdown$$00000000)
    .ARM.Collect$$libshutdown$$00000002      0x08000196   Section        0  libshutdown2.o(.ARM.Collect$$libshutdown$$00000002)
    .ARM.Collect$$libshutdown$$00000004      0x08000196   Section        0  libshutdown2.o(.ARM.Collect$$libshutdown$$00000004)
    .ARM.Collect$$libshutdown$$00000007      0x08000196   Section        0  libshutdown2.o(.ARM.Collect$$libshutdown$$00000007)
    .ARM.Collect$$libshutdown$$0000000A      0x08000196   Section        0  libshutdown2.o(.ARM.Collect$$libshutdown$$0000000A)
    .ARM.Collect$$libshutdown$$0000000C      0x08000196   Section        0  libshutdown2.o(.ARM.Collect$$libshutdown$$0000000C)
    .ARM.Collect$$libshutdown$$0000000F      0x08000196   Section        0  libshutdown2.o(.ARM.Collect$$libshutdown$$0000000F)
    .ARM.Collect$$libshutdown$$00000010      0x08000196   Section        2  libshutdown2.o(.ARM.Collect$$libshutdown$$00000010)
    .ARM.Collect$$rtentry$$00000000          0x08000198   Section        0  __rtentry.o(.ARM.Collect$$rtentry$$00000000)
    .ARM.Collect$$rtentry$$00000002          0x08000198   Section        0  __rtentry2.o(.ARM.Collect$$rtentry$$00000002)
    .ARM.Collect$$rtentry$$00000004          0x08000198   Section        6  __rtentry4.o(.ARM.Collect$$rtentry$$00000004)
    .ARM.Collect$$rtentry$$00000009          0x0800019e   Section        0  __rtentry2.o(.ARM.Collect$$rtentry$$00000009)
    .ARM.Collect$$rtentry$$0000000A          0x0800019e   Section        4  __rtentry2.o(.ARM.Collect$$rtentry$$0000000A)
    .ARM.Collect$$rtentry$$0000000C          0x080001a2   Section        0  __rtentry2.o(.ARM.Collect$$rtentry$$0000000C)
    .ARM.Collect$$rtentry$$0000000D          0x080001a2   Section        8  __rtentry2.o(.ARM.Collect$$rtentry$$0000000D)
    .ARM.Collect$$rtexit$$00000000           0x080001aa   Section        2  rtexit.o(.ARM.Collect$$rtexit$$00000000)
    .ARM.Collect$$rtexit$$00000002           0x080001ac   Section        0  rtexit2.o(.ARM.Collect$$rtexit$$00000002)
    .ARM.Collect$$rtexit$$00000003           0x080001ac   Section        4  rtexit2.o(.ARM.Collect$$rtexit$$00000003)
    .ARM.Collect$$rtexit$$00000004           0x080001b0   Section        6  rtexit2.o(.ARM.Collect$$rtexit$$00000004)
    .emb_text                                0x080001b8   Section        0  maybetermalloc1.o(.emb_text)
    .text                                    0x080001b8   Section       64  startup_stm32f10x_md.o(.text)
    .text                                    0x080001f8   Section        0  h1_alloc.o(.text)
    .text                                    0x08000256   Section        0  h1_free.o(.text)
    .text                                    0x080002a4   Section        0  noretval__2sprintf.o(.text)
    .text                                    0x080002cc   Section        0  _printf_pad.o(.text)
    .text                                    0x0800031a   Section        0  _printf_str.o(.text)
    .text                                    0x0800036c   Section        0  _printf_dec.o(.text)
    .text                                    0x080003e4   Section        0  _printf_hex_int.o(.text)
    .text                                    0x0800043c   Section        0  __printf_flags_wp.o(.text)
    .text                                    0x08000574   Section        0  atoi.o(.text)
    .text                                    0x0800058e   Section        0  strncat.o(.text)
    .text                                    0x080005b2   Section        0  strstr.o(.text)
    .text                                    0x080005d6   Section        0  strcpy.o(.text)
    .text                                    0x0800061e   Section        0  strlen.o(.text)
    .text                                    0x0800065c   Section      138  rt_memcpy_v6.o(.text)
    .text                                    0x080006e6   Section      100  rt_memcpy_w.o(.text)
    .text                                    0x0800074a   Section       68  rt_memclr.o(.text)
    .text                                    0x0800078e   Section       78  rt_memclr_w.o(.text)
    .text                                    0x080007dc   Section      128  strcmpv7m.o(.text)
    .text                                    0x0800085c   Section        0  heapauxi.o(.text)
    .text                                    0x08000864   Section        8  rt_heap_descriptor_intlibspace.o(.text)
    .text                                    0x0800086c   Section        8  rt_errno_addr_intlibspace.o(.text)
    .text                                    0x08000874   Section        0  hguard.o(.text)
    .text                                    0x08000878   Section        0  init_alloc.o(.text)
    .text                                    0x08000902   Section        0  h1_init.o(.text)
    .text                                    0x08000910   Section        0  _printf_intcommon.o(.text)
    .text                                    0x080009c4   Section        0  _printf_char_common.o(.text)
    _printf_input_char                       0x080009c5   Thumb Code    10  _printf_char_common.o(.text)
    .text                                    0x080009f4   Section        0  _sputc.o(.text)
    .text                                    0x080009fe   Section        0  _printf_char.o(.text)
    .text                                    0x08000a2a   Section        0  strtol.o(.text)
    .text                                    0x08000a9c   Section        8  libspace.o(.text)
    .text                                    0x08000aa4   Section       16  rt_ctype_table.o(.text)
    .text                                    0x08000ab4   Section        0  h1_extend.o(.text)
    .text                                    0x08000ae8   Section        0  _strtoul.o(.text)
    .text                                    0x08000b86   Section        0  defsig_rtmem_outer.o(.text)
    .text                                    0x08000b94   Section        2  use_no_semi.o(.text)
    .text                                    0x08000b96   Section        0  indicate_semi.o(.text)
    .text                                    0x08000b96   Section       74  sys_stackheap_outer.o(.text)
    .text                                    0x08000be0   Section        8  rt_locale_intlibspace.o(.text)
    .text                                    0x08000be8   Section        0  _chval.o(.text)
    .text                                    0x08000c04   Section        0  exit.o(.text)
    .text                                    0x08000c16   Section        0  defsig_exit.o(.text)
    .text                                    0x08000c20   Section        0  defsig_rtmem_inner.o(.text)
    .text                                    0x08000c70   Section        0  sys_exit.o(.text)
    .text                                    0x08000c7c   Section        0  defsig_general.o(.text)
    .text                                    0x08000cae   Section        0  sys_wrch.o(.text)
    i.NVIC_EnableIRQ                         0x08000cbc   Section        0  timer.o(i.NVIC_EnableIRQ)
    NVIC_EnableIRQ                           0x08000cbd   Thumb Code    22  timer.o(i.NVIC_EnableIRQ)
    i.NVIC_EnableIRQ                         0x08000cd2   Section        0  usart.o(i.NVIC_EnableIRQ)
    NVIC_EnableIRQ                           0x08000cd3   Thumb Code    22  usart.o(i.NVIC_EnableIRQ)
    i.OneWire_Init                           0x08000ce8   Section        0  ds18b20.o(i.OneWire_Init)
    i.OneWire_Read                           0x08000d30   Section        0  ds18b20.o(i.OneWire_Read)
    i.OneWire_Read_ROM                       0x08000d74   Section        0  ds18b20.o(i.OneWire_Read_ROM)
    i.OneWire_Write                          0x08000d98   Section        0  ds18b20.o(i.OneWire_Write)
    i.SetPinAsInput                          0x08000dd8   Section        0  ds18b20.o(i.SetPinAsInput)
    i.SetPinAsOutput                         0x08000e00   Section        0  ds18b20.o(i.SetPinAsOutput)
    i.SetSysClock                            0x08000e38   Section        0  system_stm32f10x.o(i.SetSysClock)
    SetSysClock                              0x08000e39   Thumb Code     8  system_stm32f10x.o(i.SetSysClock)
    i.SetSysClockTo72                        0x08000e40   Section        0  system_stm32f10x.o(i.SetSysClockTo72)
    SetSysClockTo72                          0x08000e41   Thumb Code   214  system_stm32f10x.o(i.SetSysClockTo72)
    i.SysTick_Handler                        0x08000f20   Section        0  common.o(i.SysTick_Handler)
    i.SystemInit                             0x08000f30   Section        0  system_stm32f10x.o(i.SystemInit)
    i.TIM2_IRQHandler                        0x08000f90   Section        0  main.o(i.TIM2_IRQHandler)
    i.TIM3_IRQHandler                        0x08000fb0   Section        0  main.o(i.TIM3_IRQHandler)
    i.USART1_IRQHandler                      0x08000ff4   Section        0  esp8266.o(i.USART1_IRQHandler)
    i.USART2_IRQHandler                      0x0800103c   Section        0  main.o(i.USART2_IRQHandler)
    i._is_digit                              0x08001058   Section        0  __printf_wp.o(i._is_digit)
    i.delay_ms                               0x08001068   Section        0  delay_tim1.o(i.delay_ms)
    i.delay_tim1_init                        0x080010ac   Section        0  delay_tim1.o(i.delay_tim1_init)
    i.delay_us                               0x080010ec   Section        0  delay_tim1.o(i.delay_us)
    i.esp8266Begin                           0x08001130   Section        0  esp8266.o(i.esp8266Begin)
    i.esp8266ClearBuffer                     0x0800115c   Section        0  esp8266.o(i.esp8266ClearBuffer)
    i.esp8266Connect                         0x08001178   Section        0  esp8266.o(i.esp8266Connect)
    i.esp8266Disconnect                      0x08001368   Section        0  esp8266.o(i.esp8266Disconnect)
    i.esp8266ReadForResponse                 0x080013b8   Section        0  esp8266.o(i.esp8266ReadForResponse)
    i.esp8266ReadForResponses                0x080013e6   Section        0  esp8266.o(i.esp8266ReadForResponses)
    i.esp8266Reset                           0x08001430   Section        0  esp8266.o(i.esp8266Reset)
    i.esp8266RxBufferAvailable               0x08001490   Section        0  esp8266.o(i.esp8266RxBufferAvailable)
    i.esp8266SearchBuffer                    0x080014a4   Section        0  esp8266.o(i.esp8266SearchBuffer)
    i.esp8266SendCommand                     0x080014ec   Section        0  esp8266.o(i.esp8266SendCommand)
    i.esp8266SetMode                         0x08001548   Section        0  esp8266.o(i.esp8266SetMode)
    i.esp8266SetMux                          0x0800157c   Section        0  esp8266.o(i.esp8266SetMux)
    i.esp8266StatusPrint                     0x080015b8   Section        0  esp8266.o(i.esp8266StatusPrint)
    i.esp8266TcpClose                        0x08001750   Section        0  esp8266.o(i.esp8266TcpClose)
    i.esp8266TcpConnect                      0x08001778   Section        0  esp8266.o(i.esp8266TcpConnect)
    i.esp8266TcpSend                         0x0800183c   Section        0  esp8266.o(i.esp8266TcpSend)
    i.esp8266TcpSend_packet                  0x080018f4   Section        0  esp8266.o(i.esp8266TcpSend_packet)
    i.esp8266TcpStatus                       0x08001b30   Section        0  esp8266.o(i.esp8266TcpStatus)
    i.esp8266Test                            0x08001d24   Section        0  esp8266.o(i.esp8266Test)
    i.led_init                               0x08001d58   Section        0  led.o(i.led_init)
    i.main                                   0x08001d84   Section        0  main.o(i.main)
    i.millis                                 0x08001ef8   Section        0  common.o(i.millis)
    i.rcc_init                               0x08001f04   Section        0  main.o(i.rcc_init)
    i.timer2_init                            0x08001fc0   Section        0  timer.o(i.timer2_init)
    i.timer3_init                            0x08002000   Section        0  timer.o(i.timer3_init)
    i.usart1_init                            0x08002058   Section        0  usart.o(i.usart1_init)
    i.usart2_init                            0x08002114   Section        0  usart.o(i.usart2_init)
    i.usartSendArrar                         0x080021d0   Section        0  usart.o(i.usartSendArrar)
    i.usart_send_data                        0x0800220e   Section        0  usart.o(i.usart_send_data)
    i.usart_send_string                      0x0800221e   Section        0  usart.o(i.usart_send_string)
    locale$$code                             0x08002240   Section       44  lc_ctype_c.o(locale$$code)
    .constdata                               0x0800226c   Section      262  esp8266.o(.constdata)
    RESPONSE_OK                              0x0800226c   Data           5  esp8266.o(.constdata)
    RESPONSE_ERROR                           0x08002271   Data           8  esp8266.o(.constdata)
    RESPONSE_FAIL                            0x08002279   Data           5  esp8266.o(.constdata)
    RESPONSE_READY                           0x0800227e   Data           6  esp8266.o(.constdata)
    RESPONSE_RECEIVED                        0x08002284   Data           6  esp8266.o(.constdata)
    RESPONSE_STATUS                          0x0800228a   Data          11  esp8266.o(.constdata)
    ESP8266_TEST                             0x08002295   Data           1  esp8266.o(.constdata)
    ESP8266_RESET                            0x08002296   Data           5  esp8266.o(.constdata)
    ESP8266_VERSION                          0x0800229b   Data           5  esp8266.o(.constdata)
    ESP8266_ECHO_ENABLE                      0x080022a0   Data           3  esp8266.o(.constdata)
    ESP8266_ECHO_DISABLE                     0x080022a3   Data           3  esp8266.o(.constdata)
    ESP8266_UART                             0x080022a6   Data           6  esp8266.o(.constdata)
    ESP8266_WIFI_MODE                        0x080022ac   Data           8  esp8266.o(.constdata)
    ESP8266_CONNECT_AP                       0x080022b4   Data           7  esp8266.o(.constdata)
    ESP8266_LIST_AP                          0x080022bb   Data           7  esp8266.o(.constdata)
    ESP8266_DISCONNECT                       0x080022c2   Data           7  esp8266.o(.constdata)
    ESP8266_AP_CONFIG                        0x080022c9   Data           7  esp8266.o(.constdata)
    ESP8266_STATION_IP                       0x080022d0   Data           7  esp8266.o(.constdata)
    ESP8266_GET_STA_MAC                      0x080022d7   Data          11  esp8266.o(.constdata)
    ESP8266_TCP_STATUS                       0x080022e2   Data          11  esp8266.o(.constdata)
    ESP8266_TCP_CONNECT                      0x080022ed   Data          10  esp8266.o(.constdata)
    ESP8266_TCP_SEND                         0x080022f7   Data           9  esp8266.o(.constdata)
    ESP8266_TCP_CLOSE                        0x08002300   Data          10  esp8266.o(.constdata)
    ESP8266_GET_LOCAL_IP                     0x0800230a   Data           7  esp8266.o(.constdata)
    ESP8266_TCP_MULTIPLE                     0x08002311   Data           8  esp8266.o(.constdata)
    ESP8266_SERVER_CONFIG                    0x08002319   Data          11  esp8266.o(.constdata)
    ESP8266_TRANSMISSION_MODE                0x08002324   Data           9  esp8266.o(.constdata)
    ESP8266_PING                             0x0800232d   Data           6  esp8266.o(.constdata)
    STATUS_CONNECTED                         0x08002333   Data           9  esp8266.o(.constdata)
    STATUS_TCP_CONNECTED                     0x0800233c   Data           9  esp8266.o(.constdata)
    STATUS_TCP_DISCONNECT                    0x08002345   Data           9  esp8266.o(.constdata)
    STATUS_DISCONNECT                        0x0800234e   Data           9  esp8266.o(.constdata)
    .constdata                               0x08002372   Section       40  _printf_hex_int.o(.constdata)
    uc_hextab                                0x08002372   Data          20  _printf_hex_int.o(.constdata)
    lc_hextab                                0x08002386   Data          20  _printf_hex_int.o(.constdata)
    .constdata                               0x0800239a   Section       17  __printf_flags_wp.o(.constdata)
    maptable                                 0x0800239a   Data          17  __printf_flags_wp.o(.constdata)
    .conststring                             0x080023ac   Section       40  main.o(.conststring)
    locale$$data                             0x080023f4   Section      272  lc_ctype_c.o(locale$$data)
    __lcctype_c_name                         0x080023f8   Data           2  lc_ctype_c.o(locale$$data)
    __lcctype_c_start                        0x08002400   Data           0  lc_ctype_c.o(locale$$data)
    __lcctype_c_end                          0x08002504   Data           0  lc_ctype_c.o(locale$$data)
    .data                                    0x20000000   Section       60  main.o(.data)
    .data                                    0x2000003c   Section        8  delay_tim1.o(.data)
    .data                                    0x20000044   Section        1  ds18b20.o(.data)
    .data                                    0x20000048   Section      122  esp8266.o(.data)
    .data                                    0x200000c4   Section        4  common.o(.data)
    .data                                    0x200000c8   Section       20  system_stm32f10x.o(.data)
    .bss                                     0x200000dc   Section      200  main.o(.bss)
    .bss                                     0x200001a4   Section      650  esp8266.o(.bss)
    .bss                                     0x20000430   Section       96  libspace.o(.bss)
    HEAP                                     0x20000490   Section      512  startup_stm32f10x_md.o(HEAP)
    Heap_Mem                                 0x20000490   Data         512  startup_stm32f10x_md.o(HEAP)
    STACK                                    0x20000690   Section     1024  startup_stm32f10x_md.o(STACK)
    Stack_Mem                                0x20000690   Data        1024  startup_stm32f10x_md.o(STACK)
    __initial_sp                             0x20000a90   Data           0  startup_stm32f10x_md.o(STACK)

    Global Symbols

    Symbol Name                              Value     Ov Type        Size  Object(Section)

    BuildAttributes$$THM_ISAv4$P$D$K$B$S$PE$A:L22UL41UL21$X:L11$S22US41US21$IEEE1$IW$USESV6$~STKCKD$USESV7$~SHL$OTIME$ROPI$EBA8$UX$STANDARDLIB$REQ8$PRES8$EABIv2 0x00000000   Number         0  anon$$obj.o ABSOLUTE
    __ARM_use_no_argv                        0x00000000   Number         0  main.o ABSOLUTE
    _printf_flags                            0x00000000   Number         0  printf_stubs.o ABSOLUTE
    _printf_return_value                     0x00000000   Number         0  printf_stubs.o ABSOLUTE
    _printf_sizespec                         0x00000000   Number         0  printf_stubs.o ABSOLUTE
    _printf_widthprec                        0x00000000   Number         0  printf_stubs.o ABSOLUTE
    __ARM_exceptions_init                     - Undefined Weak Reference
    __alloca_initialize                       - Undefined Weak Reference
    __arm_preinit_                            - Undefined Weak Reference
    __cpp_initialize__aeabi_                  - Undefined Weak Reference
    __cxa_finalize                            - Undefined Weak Reference
    __sigvec_lookup                           - Undefined Weak Reference
    __user_heap_extent                        - Undefined Weak Reference
    _atexit_init                              - Undefined Weak Reference
    _call_atexit_fns                          - Undefined Weak Reference
    _clock_init                               - Undefined Weak Reference
    _fp_trap_init                             - Undefined Weak Reference
    _fp_trap_shutdown                         - Undefined Weak Reference
    _get_lc_collate                           - Undefined Weak Reference
    _get_lc_monetary                          - Undefined Weak Reference
    _get_lc_numeric                           - Undefined Weak Reference
    _get_lc_time                              - Undefined Weak Reference
    _getenv_init                              - Undefined Weak Reference
    _handle_redirection                       - Undefined Weak Reference
    _initio                                   - Undefined Weak Reference
    _mutex_acquire                            - Undefined Weak Reference
    _mutex_free                               - Undefined Weak Reference
    _mutex_release                            - Undefined Weak Reference
    _printf_mbtowc                            - Undefined Weak Reference
    _printf_truncate_signed                   - Undefined Weak Reference
    _printf_truncate_unsigned                 - Undefined Weak Reference
    _rand_init                                - Undefined Weak Reference
    _signal_finish                            - Undefined Weak Reference
    _signal_init                              - Undefined Weak Reference
    _terminateio                              - Undefined Weak Reference
    __Vectors_Size                           0x000000ec   Number         0  startup_stm32f10x_md.o ABSOLUTE
    __Vectors                                0x08000000   Data           4  startup_stm32f10x_md.o(RESET)
    __Vectors_End                            0x080000ec   Data           0  startup_stm32f10x_md.o(RESET)
    __main                                   0x080000ed   Thumb Code     8  __main.o(!!!main)
    __scatterload                            0x080000f5   Thumb Code     0  __scatter.o(!!!scatter)
    __scatterload_rt2                        0x080000f5   Thumb Code    44  __scatter.o(!!!scatter)
    __scatterload_rt2_thumb_only             0x080000f5   Thumb Code     0  __scatter.o(!!!scatter)
    __scatterload_null                       0x08000103   Thumb Code     0  __scatter.o(!!!scatter)
    __scatterload_copy                       0x08000129   Thumb Code    26  __scatter_copy.o(!!handler_copy)
    __scatterload_zeroinit                   0x08000145   Thumb Code    28  __scatter_zi.o(!!handler_zi)
    _printf_d                                0x08000161   Thumb Code     0  _printf_d.o(.ARM.Collect$$_printf_percent$$00000009)
    _printf_percent                          0x08000161   Thumb Code     0  _printf_percent.o(.ARM.Collect$$_printf_percent$$00000000)
    _printf_x                                0x08000167   Thumb Code     0  _printf_x.o(.ARM.Collect$$_printf_percent$$0000000C)
    _printf_s                                0x0800016d   Thumb Code     0  _printf_s.o(.ARM.Collect$$_printf_percent$$00000014)
    _printf_percent_end                      0x08000173   Thumb Code     0  _printf_percent_end.o(.ARM.Collect$$_printf_percent$$00000017)
    __rt_lib_init                            0x08000177   Thumb Code     0  libinit.o(.ARM.Collect$$libinit$$00000000)
    __rt_lib_init_fp_1                       0x08000179   Thumb Code     0  libinit2.o(.ARM.Collect$$libinit$$00000002)
    __rt_lib_init_heap_2                     0x08000179   Thumb Code     0  libinit2.o(.ARM.Collect$$libinit$$00000005)
    __rt_lib_init_preinit_1                  0x08000179   Thumb Code     0  libinit2.o(.ARM.Collect$$libinit$$00000004)
    __rt_lib_init_heap_1                     0x08000181   Thumb Code     0  libinit2.o(.ARM.Collect$$libinit$$0000000A)
    __rt_lib_init_lc_common                  0x08000181   Thumb Code     0  libinit2.o(.ARM.Collect$$libinit$$0000000F)
    __rt_lib_init_rand_1                     0x08000181   Thumb Code     0  libinit2.o(.ARM.Collect$$libinit$$0000000E)
    __rt_lib_init_user_alloc_1               0x08000181   Thumb Code     0  libinit2.o(.ARM.Collect$$libinit$$0000000C)
    __rt_lib_init_lc_collate_1               0x08000187   Thumb Code     0  libinit2.o(.ARM.Collect$$libinit$$00000011)
    __rt_lib_init_lc_ctype_2                 0x08000187   Thumb Code     0  libinit2.o(.ARM.Collect$$libinit$$00000012)
    __rt_lib_init_alloca_1                   0x08000193   Thumb Code     0  libinit2.o(.ARM.Collect$$libinit$$0000002E)
    __rt_lib_init_argv_1                     0x08000193   Thumb Code     0  libinit2.o(.ARM.Collect$$libinit$$0000002C)
    __rt_lib_init_atexit_1                   0x08000193   Thumb Code     0  libinit2.o(.ARM.Collect$$libinit$$0000001B)
    __rt_lib_init_clock_1                    0x08000193   Thumb Code     0  libinit2.o(.ARM.Collect$$libinit$$00000021)
    __rt_lib_init_cpp_1                      0x08000193   Thumb Code     0  libinit2.o(.ARM.Collect$$libinit$$00000032)
    __rt_lib_init_exceptions_1               0x08000193   Thumb Code     0  libinit2.o(.ARM.Collect$$libinit$$00000030)
    __rt_lib_init_fp_trap_1                  0x08000193   Thumb Code     0  libinit2.o(.ARM.Collect$$libinit$$0000001F)
    __rt_lib_init_getenv_1                   0x08000193   Thumb Code     0  libinit2.o(.ARM.Collect$$libinit$$00000023)
    __rt_lib_init_lc_ctype_1                 0x08000193   Thumb Code     0  libinit2.o(.ARM.Collect$$libinit$$00000013)
    __rt_lib_init_lc_monetary_1              0x08000193   Thumb Code     0  libinit2.o(.ARM.Collect$$libinit$$00000015)
    __rt_lib_init_lc_numeric_1               0x08000193   Thumb Code     0  libinit2.o(.ARM.Collect$$libinit$$00000017)
    __rt_lib_init_lc_time_1                  0x08000193   Thumb Code     0  libinit2.o(.ARM.Collect$$libinit$$00000019)
    __rt_lib_init_return                     0x08000193   Thumb Code     0  libinit2.o(.ARM.Collect$$libinit$$00000033)
    __rt_lib_init_signal_1                   0x08000193   Thumb Code     0  libinit2.o(.ARM.Collect$$libinit$$0000001D)
    __rt_lib_init_stdio_1                    0x08000193   Thumb Code     0  libinit2.o(.ARM.Collect$$libinit$$00000025)
    __rt_lib_shutdown                        0x08000195   Thumb Code     0  libshutdown.o(.ARM.Collect$$libshutdown$$00000000)
    __rt_lib_shutdown_cpp_1                  0x08000197   Thumb Code     0  libshutdown2.o(.ARM.Collect$$libshutdown$$00000002)
    __rt_lib_shutdown_fp_trap_1              0x08000197   Thumb Code     0  libshutdown2.o(.ARM.Collect$$libshutdown$$00000007)
    __rt_lib_shutdown_heap_1                 0x08000197   Thumb Code     0  libshutdown2.o(.ARM.Collect$$libshutdown$$0000000F)
    __rt_lib_shutdown_return                 0x08000197   Thumb Code     0  libshutdown2.o(.ARM.Collect$$libshutdown$$00000010)
    __rt_lib_shutdown_signal_1               0x08000197   Thumb Code     0  libshutdown2.o(.ARM.Collect$$libshutdown$$0000000A)
    __rt_lib_shutdown_stdio_1                0x08000197   Thumb Code     0  libshutdown2.o(.ARM.Collect$$libshutdown$$00000004)
    __rt_lib_shutdown_user_alloc_1           0x08000197   Thumb Code     0  libshutdown2.o(.ARM.Collect$$libshutdown$$0000000C)
    __rt_entry                               0x08000199   Thumb Code     0  __rtentry.o(.ARM.Collect$$rtentry$$00000000)
    __rt_entry_presh_1                       0x08000199   Thumb Code     0  __rtentry2.o(.ARM.Collect$$rtentry$$00000002)
    __rt_entry_sh                            0x08000199   Thumb Code     0  __rtentry4.o(.ARM.Collect$$rtentry$$00000004)
    __rt_entry_li                            0x0800019f   Thumb Code     0  __rtentry2.o(.ARM.Collect$$rtentry$$0000000A)
    __rt_entry_postsh_1                      0x0800019f   Thumb Code     0  __rtentry2.o(.ARM.Collect$$rtentry$$00000009)
    __rt_entry_main                          0x080001a3   Thumb Code     0  __rtentry2.o(.ARM.Collect$$rtentry$$0000000D)
    __rt_entry_postli_1                      0x080001a3   Thumb Code     0  __rtentry2.o(.ARM.Collect$$rtentry$$0000000C)
    __rt_exit                                0x080001ab   Thumb Code     0  rtexit.o(.ARM.Collect$$rtexit$$00000000)
    __rt_exit_ls                             0x080001ad   Thumb Code     0  rtexit2.o(.ARM.Collect$$rtexit$$00000003)
    __rt_exit_prels_1                        0x080001ad   Thumb Code     0  rtexit2.o(.ARM.Collect$$rtexit$$00000002)
    __rt_exit_exit                           0x080001b1   Thumb Code     0  rtexit2.o(.ARM.Collect$$rtexit$$00000004)
    Reset_Handler                            0x080001b9   Thumb Code     8  startup_stm32f10x_md.o(.text)
    _maybe_terminate_alloc                   0x080001b9   Thumb Code     0  maybetermalloc1.o(.emb_text)
    NMI_Handler                              0x080001c1   Thumb Code     2  startup_stm32f10x_md.o(.text)
    HardFault_Handler                        0x080001c3   Thumb Code     2  startup_stm32f10x_md.o(.text)
    MemManage_Handler                        0x080001c5   Thumb Code     2  startup_stm32f10x_md.o(.text)
    BusFault_Handler                         0x080001c7   Thumb Code     2  startup_stm32f10x_md.o(.text)
    UsageFault_Handler                       0x080001c9   Thumb Code     2  startup_stm32f10x_md.o(.text)
    SVC_Handler                              0x080001cb   Thumb Code     2  startup_stm32f10x_md.o(.text)
    DebugMon_Handler                         0x080001cd   Thumb Code     2  startup_stm32f10x_md.o(.text)
    PendSV_Handler                           0x080001cf   Thumb Code     2  startup_stm32f10x_md.o(.text)
    ADC1_2_IRQHandler                        0x080001d3   Thumb Code     0  startup_stm32f10x_md.o(.text)
    CAN1_RX1_IRQHandler                      0x080001d3   Thumb Code     0  startup_stm32f10x_md.o(.text)
    CAN1_SCE_IRQHandler                      0x080001d3   Thumb Code     0  startup_stm32f10x_md.o(.text)
    DMA1_Channel1_IRQHandler                 0x080001d3   Thumb Code     0  startup_stm32f10x_md.o(.text)
    DMA1_Channel2_IRQHandler                 0x080001d3   Thumb Code     0  startup_stm32f10x_md.o(.text)
    DMA1_Channel3_IRQHandler                 0x080001d3   Thumb Code     0  startup_stm32f10x_md.o(.text)
    DMA1_Channel4_IRQHandler                 0x080001d3   Thumb Code     0  startup_stm32f10x_md.o(.text)
    DMA1_Channel5_IRQHandler                 0x080001d3   Thumb Code     0  startup_stm32f10x_md.o(.text)
    DMA1_Channel6_IRQHandler                 0x080001d3   Thumb Code     0  startup_stm32f10x_md.o(.text)
    DMA1_Channel7_IRQHandler                 0x080001d3   Thumb Code     0  startup_stm32f10x_md.o(.text)
    EXTI0_IRQHandler                         0x080001d3   Thumb Code     0  startup_stm32f10x_md.o(.text)
    EXTI15_10_IRQHandler                     0x080001d3   Thumb Code     0  startup_stm32f10x_md.o(.text)
    EXTI1_IRQHandler                         0x080001d3   Thumb Code     0  startup_stm32f10x_md.o(.text)
    EXTI2_IRQHandler                         0x080001d3   Thumb Code     0  startup_stm32f10x_md.o(.text)
    EXTI3_IRQHandler                         0x080001d3   Thumb Code     0  startup_stm32f10x_md.o(.text)
    EXTI4_IRQHandler                         0x080001d3   Thumb Code     0  startup_stm32f10x_md.o(.text)
    EXTI9_5_IRQHandler                       0x080001d3   Thumb Code     0  startup_stm32f10x_md.o(.text)
    FLASH_IRQHandler                         0x080001d3   Thumb Code     0  startup_stm32f10x_md.o(.text)
    I2C1_ER_IRQHandler                       0x080001d3   Thumb Code     0  startup_stm32f10x_md.o(.text)
    I2C1_EV_IRQHandler                       0x080001d3   Thumb Code     0  startup_stm32f10x_md.o(.text)
    I2C2_ER_IRQHandler                       0x080001d3   Thumb Code     0  startup_stm32f10x_md.o(.text)
    I2C2_EV_IRQHandler                       0x080001d3   Thumb Code     0  startup_stm32f10x_md.o(.text)
    PVD_IRQHandler                           0x080001d3   Thumb Code     0  startup_stm32f10x_md.o(.text)
    RCC_IRQHandler                           0x080001d3   Thumb Code     0  startup_stm32f10x_md.o(.text)
    RTCAlarm_IRQHandler                      0x080001d3   Thumb Code     0  startup_stm32f10x_md.o(.text)
    RTC_IRQHandler                           0x080001d3   Thumb Code     0  startup_stm32f10x_md.o(.text)
    SPI1_IRQHandler                          0x080001d3   Thumb Code     0  startup_stm32f10x_md.o(.text)
    SPI2_IRQHandler                          0x080001d3   Thumb Code     0  startup_stm32f10x_md.o(.text)
    TAMPER_IRQHandler                        0x080001d3   Thumb Code     0  startup_stm32f10x_md.o(.text)
    TIM1_BRK_IRQHandler                      0x080001d3   Thumb Code     0  startup_stm32f10x_md.o(.text)
    TIM1_CC_IRQHandler                       0x080001d3   Thumb Code     0  startup_stm32f10x_md.o(.text)
    TIM1_TRG_COM_IRQHandler                  0x080001d3   Thumb Code     0  startup_stm32f10x_md.o(.text)
    TIM1_UP_IRQHandler                       0x080001d3   Thumb Code     0  startup_stm32f10x_md.o(.text)
    TIM4_IRQHandler                          0x080001d3   Thumb Code     0  startup_stm32f10x_md.o(.text)
    USART3_IRQHandler                        0x080001d3   Thumb Code     0  startup_stm32f10x_md.o(.text)
    USBWakeUp_IRQHandler                     0x080001d3   Thumb Code     0  startup_stm32f10x_md.o(.text)
    USB_HP_CAN1_TX_IRQHandler                0x080001d3   Thumb Code     0  startup_stm32f10x_md.o(.text)
    USB_LP_CAN1_RX0_IRQHandler               0x080001d3   Thumb Code     0  startup_stm32f10x_md.o(.text)
    WWDG_IRQHandler                          0x080001d3   Thumb Code     0  startup_stm32f10x_md.o(.text)
    __user_initial_stackheap                 0x080001d5   Thumb Code     0  startup_stm32f10x_md.o(.text)
    malloc                                   0x080001f9   Thumb Code    94  h1_alloc.o(.text)
    free                                     0x08000257   Thumb Code    78  h1_free.o(.text)
    __2sprintf                               0x080002a5   Thumb Code    34  noretval__2sprintf.o(.text)
    _printf_pre_padding                      0x080002cd   Thumb Code    44  _printf_pad.o(.text)
    _printf_post_padding                     0x080002f9   Thumb Code    34  _printf_pad.o(.text)
    _printf_str                              0x0800031b   Thumb Code    82  _printf_str.o(.text)
    _printf_int_dec                          0x0800036d   Thumb Code   104  _printf_dec.o(.text)
    _printf_int_hex                          0x080003e5   Thumb Code    84  _printf_hex_int.o(.text)
    _printf_longlong_hex                     0x080003e5   Thumb Code     0  _printf_hex_int.o(.text)
    __printf                                 0x0800043d   Thumb Code   308  __printf_flags_wp.o(.text)
    atoi                                     0x08000575   Thumb Code    26  atoi.o(.text)
    strncat                                  0x0800058f   Thumb Code    36  strncat.o(.text)
    strstr                                   0x080005b3   Thumb Code    36  strstr.o(.text)
    strcpy                                   0x080005d7   Thumb Code    72  strcpy.o(.text)
    strlen                                   0x0800061f   Thumb Code    62  strlen.o(.text)
    __aeabi_memcpy                           0x0800065d   Thumb Code     0  rt_memcpy_v6.o(.text)
    __rt_memcpy                              0x0800065d   Thumb Code   138  rt_memcpy_v6.o(.text)
    _memcpy_lastbytes                        0x080006c3   Thumb Code     0  rt_memcpy_v6.o(.text)
    __aeabi_memcpy4                          0x080006e7   Thumb Code     0  rt_memcpy_w.o(.text)
    __aeabi_memcpy8                          0x080006e7   Thumb Code     0  rt_memcpy_w.o(.text)
    __rt_memcpy_w                            0x080006e7   Thumb Code   100  rt_memcpy_w.o(.text)
    _memcpy_lastbytes_aligned                0x0800072f   Thumb Code     0  rt_memcpy_w.o(.text)
    __aeabi_memclr                           0x0800074b   Thumb Code     0  rt_memclr.o(.text)
    __rt_memclr                              0x0800074b   Thumb Code    68  rt_memclr.o(.text)
    _memset                                  0x0800074f   Thumb Code     0  rt_memclr.o(.text)
    __aeabi_memclr4                          0x0800078f   Thumb Code     0  rt_memclr_w.o(.text)
    __aeabi_memclr8                          0x0800078f   Thumb Code     0  rt_memclr_w.o(.text)
    __rt_memclr_w                            0x0800078f   Thumb Code    78  rt_memclr_w.o(.text)
    _memset_w                                0x08000793   Thumb Code     0  rt_memclr_w.o(.text)
    strcmp                                   0x080007dd   Thumb Code   128  strcmpv7m.o(.text)
    __use_two_region_memory                  0x0800085d   Thumb Code     2  heapauxi.o(.text)
    __rt_heap_escrow                         0x0800085f   Thumb Code     2  heapauxi.o(.text)
    __rt_heap_expand                         0x08000861   Thumb Code     2  heapauxi.o(.text)
    __rt_heap_descriptor                     0x08000865   Thumb Code     8  rt_heap_descriptor_intlibspace.o(.text)
    __aeabi_errno_addr                       0x0800086d   Thumb Code     8  rt_errno_addr_intlibspace.o(.text)
    __errno$intlibspace                      0x0800086d   Thumb Code     0  rt_errno_addr_intlibspace.o(.text)
    __rt_errno_addr$intlibspace              0x0800086d   Thumb Code     0  rt_errno_addr_intlibspace.o(.text)
    __use_no_heap                            0x08000875   Thumb Code     2  hguard.o(.text)
    __heap$guard                             0x08000877   Thumb Code     2  hguard.o(.text)
    _terminate_user_alloc                    0x08000879   Thumb Code     2  init_alloc.o(.text)
    _init_user_alloc                         0x0800087b   Thumb Code     2  init_alloc.o(.text)
    __Heap_Full                              0x0800087d   Thumb Code    34  init_alloc.o(.text)
    __Heap_Broken                            0x0800089f   Thumb Code     6  init_alloc.o(.text)
    _init_alloc                              0x080008a5   Thumb Code    94  init_alloc.o(.text)
    __Heap_Initialize                        0x08000903   Thumb Code    10  h1_init.o(.text)
    __Heap_DescSize                          0x0800090d   Thumb Code     4  h1_init.o(.text)
    _printf_int_common                       0x08000911   Thumb Code   178  _printf_intcommon.o(.text)
    _printf_char_common                      0x080009cf   Thumb Code    32  _printf_char_common.o(.text)
    _sputc                                   0x080009f5   Thumb Code    10  _sputc.o(.text)
    _printf_cs_common                        0x080009ff   Thumb Code    20  _printf_char.o(.text)
    _printf_char                             0x08000a13   Thumb Code    16  _printf_char.o(.text)
    _printf_string                           0x08000a23   Thumb Code     8  _printf_char.o(.text)
    strtol                                   0x08000a2b   Thumb Code   112  strtol.o(.text)
    __user_libspace                          0x08000a9d   Thumb Code     8  libspace.o(.text)
    __user_perproc_libspace                  0x08000a9d   Thumb Code     0  libspace.o(.text)
    __user_perthread_libspace                0x08000a9d   Thumb Code     0  libspace.o(.text)
    __rt_ctype_table                         0x08000aa5   Thumb Code    16  rt_ctype_table.o(.text)
    __Heap_ProvideMemory                     0x08000ab5   Thumb Code    52  h1_extend.o(.text)
    _strtoul                                 0x08000ae9   Thumb Code   158  _strtoul.o(.text)
    __rt_SIGRTMEM                            0x08000b87   Thumb Code    14  defsig_rtmem_outer.o(.text)
    __I$use$semihosting                      0x08000b95   Thumb Code     0  use_no_semi.o(.text)
    __use_no_semihosting_swi                 0x08000b95   Thumb Code     2  use_no_semi.o(.text)
    __semihosting_library_function           0x08000b97   Thumb Code     0  indicate_semi.o(.text)
    __user_setup_stackheap                   0x08000b97   Thumb Code    74  sys_stackheap_outer.o(.text)
    __rt_locale                              0x08000be1   Thumb Code     8  rt_locale_intlibspace.o(.text)
    _chval                                   0x08000be9   Thumb Code    28  _chval.o(.text)
    exit                                     0x08000c05   Thumb Code    18  exit.o(.text)
    __sig_exit                               0x08000c17   Thumb Code    10  defsig_exit.o(.text)
    __rt_SIGRTMEM_inner                      0x08000c21   Thumb Code    22  defsig_rtmem_inner.o(.text)
    _sys_exit                                0x08000c71   Thumb Code     8  sys_exit.o(.text)
    __default_signal_display                 0x08000c7d   Thumb Code    50  defsig_general.o(.text)
    _ttywrch                                 0x08000caf   Thumb Code    14  sys_wrch.o(.text)
    OneWire_Init                             0x08000ce9   Thumb Code    62  ds18b20.o(i.OneWire_Init)
    OneWire_Read                             0x08000d31   Thumb Code    62  ds18b20.o(i.OneWire_Read)
    OneWire_Read_ROM                         0x08000d75   Thumb Code    36  ds18b20.o(i.OneWire_Read_ROM)
    OneWire_Write                            0x08000d99   Thumb Code    62  ds18b20.o(i.OneWire_Write)
    SetPinAsInput                            0x08000dd9   Thumb Code    34  ds18b20.o(i.SetPinAsInput)
    SetPinAsOutput                           0x08000e01   Thumb Code    46  ds18b20.o(i.SetPinAsOutput)
    SysTick_Handler                          0x08000f21   Thumb Code    12  common.o(i.SysTick_Handler)
    SystemInit                               0x08000f31   Thumb Code    78  system_stm32f10x.o(i.SystemInit)
    TIM2_IRQHandler                          0x08000f91   Thumb Code    30  main.o(i.TIM2_IRQHandler)
    TIM3_IRQHandler                          0x08000fb1   Thumb Code    60  main.o(i.TIM3_IRQHandler)
    USART1_IRQHandler                        0x08000ff5   Thumb Code    60  esp8266.o(i.USART1_IRQHandler)
    USART2_IRQHandler                        0x0800103d   Thumb Code    24  main.o(i.USART2_IRQHandler)
    _is_digit                                0x08001059   Thumb Code    14  __printf_wp.o(i._is_digit)
    delay_ms                                 0x08001069   Thumb Code    60  delay_tim1.o(i.delay_ms)
    delay_tim1_init                          0x080010ad   Thumb Code    44  delay_tim1.o(i.delay_tim1_init)
    delay_us                                 0x080010ed   Thumb Code    60  delay_tim1.o(i.delay_us)
    esp8266Begin                             0x08001131   Thumb Code    42  esp8266.o(i.esp8266Begin)
    esp8266ClearBuffer                       0x0800115d   Thumb Code    20  esp8266.o(i.esp8266ClearBuffer)
    esp8266Connect                           0x08001179   Thumb Code   358  esp8266.o(i.esp8266Connect)
    esp8266Disconnect                        0x08001369   Thumb Code    42  esp8266.o(i.esp8266Disconnect)
    esp8266ReadForResponse                   0x080013b9   Thumb Code    46  esp8266.o(i.esp8266ReadForResponse)
    esp8266ReadForResponses                  0x080013e7   Thumb Code    72  esp8266.o(i.esp8266ReadForResponses)
    esp8266Reset                             0x08001431   Thumb Code    62  esp8266.o(i.esp8266Reset)
    esp8266RxBufferAvailable                 0x08001491   Thumb Code    14  esp8266.o(i.esp8266RxBufferAvailable)
    esp8266SearchBuffer                      0x080014a5   Thumb Code    68  esp8266.o(i.esp8266SearchBuffer)
    esp8266SendCommand                       0x080014ed   Thumb Code    70  esp8266.o(i.esp8266SendCommand)
    esp8266SetMode                           0x08001549   Thumb Code    40  esp8266.o(i.esp8266SetMode)
    esp8266SetMux                            0x0800157d   Thumb Code    50  esp8266.o(i.esp8266SetMux)
    esp8266StatusPrint                       0x080015b9   Thumb Code   260  esp8266.o(i.esp8266StatusPrint)
    esp8266TcpClose                          0x08001751   Thumb Code    30  esp8266.o(i.esp8266TcpClose)
    esp8266TcpConnect                        0x08001779   Thumb Code   140  esp8266.o(i.esp8266TcpConnect)
    esp8266TcpSend                           0x0800183d   Thumb Code   130  esp8266.o(i.esp8266TcpSend)
    esp8266TcpSend_packet                    0x080018f5   Thumb Code   390  esp8266.o(i.esp8266TcpSend_packet)
    esp8266TcpStatus                         0x08001b31   Thumb Code   458  esp8266.o(i.esp8266TcpStatus)
    esp8266Test                              0x08001d25   Thumb Code    34  esp8266.o(i.esp8266Test)
    led_init                                 0x08001d59   Thumb Code    36  led.o(i.led_init)
    main                                     0x08001d85   Thumb Code   210  main.o(i.main)
    millis                                   0x08001ef9   Thumb Code     6  common.o(i.millis)
    rcc_init                                 0x08001f05   Thumb Code   178  main.o(i.rcc_init)
    timer2_init                              0x08001fc1   Thumb Code    58  timer.o(i.timer2_init)
    timer3_init                              0x08002001   Thumb Code    78  timer.o(i.timer3_init)
    usart1_init                              0x08002059   Thumb Code   174  usart.o(i.usart1_init)
    usart2_init                              0x08002115   Thumb Code   174  usart.o(i.usart2_init)
    usartSendArrar                           0x080021d1   Thumb Code    62  usart.o(i.usartSendArrar)
    usart_send_data                          0x0800220f   Thumb Code    16  usart.o(i.usart_send_data)
    usart_send_string                        0x0800221f   Thumb Code    32  usart.o(i.usart_send_string)
    _get_lc_ctype                            0x08002241   Thumb Code    44  lc_ctype_c.o(locale$$code)
    Region$$Table$$Base                      0x080023d4   Number         0  anon$$obj.o(Region$$Table)
    Region$$Table$$Limit                     0x080023f4   Number         0  anon$$obj.o(Region$$Table)
    __ctype                                  0x08002401   Data           0  lc_ctype_c.o(locale$$data)
    temperature                              0x20000000   Data           4  main.o(.data)
    buffer_ROM                               0x20000004   Data           8  main.o(.data)
    count_packet                             0x2000000c   Data           1  main.o(.data)
    count_error                              0x2000000d   Data           1  main.o(.data)
    current_status                           0x2000000e   Data          26  main.o(.data)
    tp_client                                0x20000028   Data          12  main.o(.data)
    ap_client                                0x20000034   Data           8  main.o(.data)
    prescaler_ms                             0x2000003c   Data           4  delay_tim1.o(.data)
    prescaler_us                             0x20000040   Data           4  delay_tim1.o(.data)
    OK_Flag                                  0x20000044   Data           1  ds18b20.o(.data)
    bufferHead                               0x20000048   Data           4  esp8266.o(.data)
    tcpBufferHead                            0x2000004c   Data           4  esp8266.o(.data)
    buffering                                0x20000050   Data           1  esp8266.o(.data)
    receiveState                             0x20000051   Data           1  esp8266.o(.data)
    buffer2                                  0x20000052   Data          27  esp8266.o(.data)
    buffer3                                  0x2000006d   Data          14  esp8266.o(.data)
    buffer4                                  0x2000007b   Data          68  esp8266.o(.data)
    buffer5                                  0x200000bf   Data           3  esp8266.o(.data)
    millis_number                            0x200000c4   Data           4  common.o(.data)
    SystemCoreClock                          0x200000c8   Data           4  system_stm32f10x.o(.data)
    AHBPrescTable                            0x200000cc   Data          16  system_stm32f10x.o(.data)
    text_temperature                         0x200000dc   Data         100  main.o(.bss)
    text                                     0x20000140   Data         100  main.o(.bss)
    esp8266RxBuffer                          0x200001a4   Data         512  esp8266.o(.bss)
    tcpRxBuffer                              0x200003a4   Data         128  esp8266.o(.bss)
    text_error                               0x20000424   Data          10  esp8266.o(.bss)
    __libspace_start                         0x20000430   Data          96  libspace.o(.bss)
    __temporary_stack_top$libspace           0x20000490   Data           0  libspace.o(.bss)



==============================================================================

Memory Map of the image

  Image Entry point : 0x080001b9

  Load Region LR_1 (Base: 0x08000000, Size: 0x000025e0, Max: 0xffffffff, ABSOLUTE)

    Execution Region ER_RO (Exec base: 0x08000000, Load base: 0x08000000, Size: 0x00002504, Max: 0xffffffff, ABSOLUTE)

    Exec Addr    Load Addr    Size         Type   Attr      Idx    E Section Name        Object

    0x08000000   0x08000000   0x000000ec   Data   RO          525    RESET               startup_stm32f10x_md.o
    0x080000ec   0x080000ec   0x00000008   Code   RO          675  * !!!main             c_w.l(__main.o)
    0x080000f4   0x080000f4   0x00000034   Code   RO          929    !!!scatter          c_w.l(__scatter.o)
    0x08000128   0x08000128   0x0000001a   Code   RO          931    !!handler_copy      c_w.l(__scatter_copy.o)
    0x08000142   0x08000142   0x00000002   PAD
    0x08000144   0x08000144   0x0000001c   Code   RO          933    !!handler_zi        c_w.l(__scatter_zi.o)
    0x08000160   0x08000160   0x00000000   Code   RO          650    .ARM.Collect$$_printf_percent$$00000000  c_w.l(_printf_percent.o)
    0x08000160   0x08000160   0x00000006   Code   RO          649    .ARM.Collect$$_printf_percent$$00000009  c_w.l(_printf_d.o)
    0x08000166   0x08000166   0x00000006   Code   RO          648    .ARM.Collect$$_printf_percent$$0000000C  c_w.l(_printf_x.o)
    0x0800016c   0x0800016c   0x00000006   Code   RO          647    .ARM.Collect$$_printf_percent$$00000014  c_w.l(_printf_s.o)
    0x08000172   0x08000172   0x00000004   Code   RO          734    .ARM.Collect$$_printf_percent$$00000017  c_w.l(_printf_percent_end.o)
    0x08000176   0x08000176   0x00000002   Code   RO          868    .ARM.Collect$$libinit$$00000000  c_w.l(libinit.o)
    0x08000178   0x08000178   0x00000000   Code   RO          740    .ARM.Collect$$libinit$$00000002  c_w.l(libinit2.o)
    0x08000178   0x08000178   0x00000000   Code   RO          742    .ARM.Collect$$libinit$$00000004  c_w.l(libinit2.o)
    0x08000178   0x08000178   0x00000008   Code   RO          743    .ARM.Collect$$libinit$$00000005  c_w.l(libinit2.o)
    0x08000180   0x08000180   0x00000000   Code   RO          745    .ARM.Collect$$libinit$$0000000A  c_w.l(libinit2.o)
    0x08000180   0x08000180   0x00000000   Code   RO          747    .ARM.Collect$$libinit$$0000000C  c_w.l(libinit2.o)
    0x08000180   0x08000180   0x00000000   Code   RO          749    .ARM.Collect$$libinit$$0000000E  c_w.l(libinit2.o)
    0x08000180   0x08000180   0x00000006   Code   RO          750    .ARM.Collect$$libinit$$0000000F  c_w.l(libinit2.o)
    0x08000186   0x08000186   0x00000000   Code   RO          752    .ARM.Collect$$libinit$$00000011  c_w.l(libinit2.o)
    0x08000186   0x08000186   0x0000000c   Code   RO          753    .ARM.Collect$$libinit$$00000012  c_w.l(libinit2.o)
    0x08000192   0x08000192   0x00000000   Code   RO          754    .ARM.Collect$$libinit$$00000013  c_w.l(libinit2.o)
    0x08000192   0x08000192   0x00000000   Code   RO          756    .ARM.Collect$$libinit$$00000015  c_w.l(libinit2.o)
    0x08000192   0x08000192   0x00000000   Code   RO          758    .ARM.Collect$$libinit$$00000017  c_w.l(libinit2.o)
    0x08000192   0x08000192   0x00000000   Code   RO          760    .ARM.Collect$$libinit$$00000019  c_w.l(libinit2.o)
    0x08000192   0x08000192   0x00000000   Code   RO          762    .ARM.Collect$$libinit$$0000001B  c_w.l(libinit2.o)
    0x08000192   0x08000192   0x00000000   Code   RO          764    .ARM.Collect$$libinit$$0000001D  c_w.l(libinit2.o)
    0x08000192   0x08000192   0x00000000   Code   RO          766    .ARM.Collect$$libinit$$0000001F  c_w.l(libinit2.o)
    0x08000192   0x08000192   0x00000000   Code   RO          768    .ARM.Collect$$libinit$$00000021  c_w.l(libinit2.o)
    0x08000192   0x08000192   0x00000000   Code   RO          770    .ARM.Collect$$libinit$$00000023  c_w.l(libinit2.o)
    0x08000192   0x08000192   0x00000000   Code   RO          772    .ARM.Collect$$libinit$$00000025  c_w.l(libinit2.o)
    0x08000192   0x08000192   0x00000000   Code   RO          776    .ARM.Collect$$libinit$$0000002C  c_w.l(libinit2.o)
    0x08000192   0x08000192   0x00000000   Code   RO          778    .ARM.Collect$$libinit$$0000002E  c_w.l(libinit2.o)
    0x08000192   0x08000192   0x00000000   Code   RO          780    .ARM.Collect$$libinit$$00000030  c_w.l(libinit2.o)
    0x08000192   0x08000192   0x00000000   Code   RO          782    .ARM.Collect$$libinit$$00000032  c_w.l(libinit2.o)
    0x08000192   0x08000192   0x00000002   Code   RO          783    .ARM.Collect$$libinit$$00000033  c_w.l(libinit2.o)
    0x08000194   0x08000194   0x00000002   Code   RO          926    .ARM.Collect$$libshutdown$$00000000  c_w.l(libshutdown.o)
    0x08000196   0x08000196   0x00000000   Code   RO          882    .ARM.Collect$$libshutdown$$00000002  c_w.l(libshutdown2.o)
    0x08000196   0x08000196   0x00000000   Code   RO          884    .ARM.Collect$$libshutdown$$00000004  c_w.l(libshutdown2.o)
    0x08000196   0x08000196   0x00000000   Code   RO          887    .ARM.Collect$$libshutdown$$00000007  c_w.l(libshutdown2.o)
    0x08000196   0x08000196   0x00000000   Code   RO          890    .ARM.Collect$$libshutdown$$0000000A  c_w.l(libshutdown2.o)
    0x08000196   0x08000196   0x00000000   Code   RO          892    .ARM.Collect$$libshutdown$$0000000C  c_w.l(libshutdown2.o)
    0x08000196   0x08000196   0x00000000   Code   RO          895    .ARM.Collect$$libshutdown$$0000000F  c_w.l(libshutdown2.o)
    0x08000196   0x08000196   0x00000002   Code   RO          896    .ARM.Collect$$libshutdown$$00000010  c_w.l(libshutdown2.o)
    0x08000198   0x08000198   0x00000000   Code   RO          695    .ARM.Collect$$rtentry$$00000000  c_w.l(__rtentry.o)
    0x08000198   0x08000198   0x00000000   Code   RO          795    .ARM.Collect$$rtentry$$00000002  c_w.l(__rtentry2.o)
    0x08000198   0x08000198   0x00000006   Code   RO          807    .ARM.Collect$$rtentry$$00000004  c_w.l(__rtentry4.o)
    0x0800019e   0x0800019e   0x00000000   Code   RO          797    .ARM.Collect$$rtentry$$00000009  c_w.l(__rtentry2.o)
    0x0800019e   0x0800019e   0x00000004   Code   RO          798    .ARM.Collect$$rtentry$$0000000A  c_w.l(__rtentry2.o)
    0x080001a2   0x080001a2   0x00000000   Code   RO          800    .ARM.Collect$$rtentry$$0000000C  c_w.l(__rtentry2.o)
    0x080001a2   0x080001a2   0x00000008   Code   RO          801    .ARM.Collect$$rtentry$$0000000D  c_w.l(__rtentry2.o)
    0x080001aa   0x080001aa   0x00000002   Code   RO          871    .ARM.Collect$$rtexit$$00000000  c_w.l(rtexit.o)
    0x080001ac   0x080001ac   0x00000000   Code   RO          900    .ARM.Collect$$rtexit$$00000002  c_w.l(rtexit2.o)
    0x080001ac   0x080001ac   0x00000004   Code   RO          901    .ARM.Collect$$rtexit$$00000003  c_w.l(rtexit2.o)
    0x080001b0   0x080001b0   0x00000006   Code   RO          902    .ARM.Collect$$rtexit$$00000004  c_w.l(rtexit2.o)
    0x080001b6   0x080001b6   0x00000002   PAD
    0x080001b8   0x080001b8   0x00000000   Code   RO          813    .emb_text           c_w.l(maybetermalloc1.o)
    0x080001b8   0x080001b8   0x00000040   Code   RO          526  * .text               startup_stm32f10x_md.o
    0x080001f8   0x080001f8   0x0000005e   Code   RO          536    .text               c_w.l(h1_alloc.o)
    0x08000256   0x08000256   0x0000004e   Code   RO          538    .text               c_w.l(h1_free.o)
    0x080002a4   0x080002a4   0x00000028   Code   RO          596    .text               c_w.l(noretval__2sprintf.o)
    0x080002cc   0x080002cc   0x0000004e   Code   RO          600    .text               c_w.l(_printf_pad.o)
    0x0800031a   0x0800031a   0x00000052   Code   RO          602    .text               c_w.l(_printf_str.o)
    0x0800036c   0x0800036c   0x00000078   Code   RO          604    .text               c_w.l(_printf_dec.o)
    0x080003e4   0x080003e4   0x00000058   Code   RO          609    .text               c_w.l(_printf_hex_int.o)
    0x0800043c   0x0800043c   0x00000138   Code   RO          639    .text               c_w.l(__printf_flags_wp.o)
    0x08000574   0x08000574   0x0000001a   Code   RO          651    .text               c_w.l(atoi.o)
    0x0800058e   0x0800058e   0x00000024   Code   RO          655    .text               c_w.l(strncat.o)
    0x080005b2   0x080005b2   0x00000024   Code   RO          657    .text               c_w.l(strstr.o)
    0x080005d6   0x080005d6   0x00000048   Code   RO          659    .text               c_w.l(strcpy.o)
    0x0800061e   0x0800061e   0x0000003e   Code   RO          661    .text               c_w.l(strlen.o)
    0x0800065c   0x0800065c   0x0000008a   Code   RO          663    .text               c_w.l(rt_memcpy_v6.o)
    0x080006e6   0x080006e6   0x00000064   Code   RO          665    .text               c_w.l(rt_memcpy_w.o)
    0x0800074a   0x0800074a   0x00000044   Code   RO          667    .text               c_w.l(rt_memclr.o)
    0x0800078e   0x0800078e   0x0000004e   Code   RO          669    .text               c_w.l(rt_memclr_w.o)
    0x080007dc   0x080007dc   0x00000080   Code   RO          671    .text               c_w.l(strcmpv7m.o)
    0x0800085c   0x0800085c   0x00000006   Code   RO          673    .text               c_w.l(heapauxi.o)
    0x08000862   0x08000862   0x00000002   PAD
    0x08000864   0x08000864   0x00000008   Code   RO          699    .text               c_w.l(rt_heap_descriptor_intlibspace.o)
    0x0800086c   0x0800086c   0x00000008   Code   RO          704    .text               c_w.l(rt_errno_addr_intlibspace.o)
    0x08000874   0x08000874   0x00000004   Code   RO          706    .text               c_w.l(hguard.o)
    0x08000878   0x08000878   0x0000008a   Code   RO          708    .text               c_w.l(init_alloc.o)
    0x08000902   0x08000902   0x0000000e   Code   RO          712    .text               c_w.l(h1_init.o)
    0x08000910   0x08000910   0x000000b2   Code   RO          726    .text               c_w.l(_printf_intcommon.o)
    0x080009c2   0x080009c2   0x00000002   PAD
    0x080009c4   0x080009c4   0x00000030   Code   RO          728    .text               c_w.l(_printf_char_common.o)
    0x080009f4   0x080009f4   0x0000000a   Code   RO          730    .text               c_w.l(_sputc.o)
    0x080009fe   0x080009fe   0x0000002c   Code   RO          732    .text               c_w.l(_printf_char.o)
    0x08000a2a   0x08000a2a   0x00000070   Code   RO          735    .text               c_w.l(strtol.o)
    0x08000a9a   0x08000a9a   0x00000002   PAD
    0x08000a9c   0x08000a9c   0x00000008   Code   RO          791    .text               c_w.l(libspace.o)
    0x08000aa4   0x08000aa4   0x00000010   Code   RO          809    .text               c_w.l(rt_ctype_table.o)
    0x08000ab4   0x08000ab4   0x00000034   Code   RO          815    .text               c_w.l(h1_extend.o)
    0x08000ae8   0x08000ae8   0x0000009e   Code   RO          821    .text               c_w.l(_strtoul.o)
    0x08000b86   0x08000b86   0x0000000e   Code   RO          823    .text               c_w.l(defsig_rtmem_outer.o)
    0x08000b94   0x08000b94   0x00000002   Code   RO          834    .text               c_w.l(use_no_semi.o)
    0x08000b96   0x08000b96   0x00000000   Code   RO          836    .text               c_w.l(indicate_semi.o)
    0x08000b96   0x08000b96   0x0000004a   Code   RO          837    .text               c_w.l(sys_stackheap_outer.o)
    0x08000be0   0x08000be0   0x00000008   Code   RO          844    .text               c_w.l(rt_locale_intlibspace.o)
    0x08000be8   0x08000be8   0x0000001c   Code   RO          848    .text               c_w.l(_chval.o)
    0x08000c04   0x08000c04   0x00000012   Code   RO          853    .text               c_w.l(exit.o)
    0x08000c16   0x08000c16   0x0000000a   Code   RO          855    .text               c_w.l(defsig_exit.o)
    0x08000c20   0x08000c20   0x00000050   Code   RO          857    .text               c_w.l(defsig_rtmem_inner.o)
    0x08000c70   0x08000c70   0x0000000c   Code   RO          869    .text               c_w.l(sys_exit.o)
    0x08000c7c   0x08000c7c   0x00000032   Code   RO          879    .text               c_w.l(defsig_general.o)
    0x08000cae   0x08000cae   0x0000000e   Code   RO          897    .text               c_w.l(sys_wrch.o)
    0x08000cbc   0x08000cbc   0x00000016   Code   RO          105    i.NVIC_EnableIRQ    timer.o
    0x08000cd2   0x08000cd2   0x00000016   Code   RO          132    i.NVIC_EnableIRQ    usart.o
    0x08000ce8   0x08000ce8   0x00000048   Code   RO          203    i.OneWire_Init      ds18b20.o
    0x08000d30   0x08000d30   0x00000044   Code   RO          206    i.OneWire_Read      ds18b20.o
    0x08000d74   0x08000d74   0x00000024   Code   RO          207    i.OneWire_Read_ROM  ds18b20.o
    0x08000d98   0x08000d98   0x0000003e   Code   RO          209    i.OneWire_Write     ds18b20.o
    0x08000dd6   0x08000dd6   0x00000002   PAD
    0x08000dd8   0x08000dd8   0x00000028   Code   RO          210    i.SetPinAsInput     ds18b20.o
    0x08000e00   0x08000e00   0x00000038   Code   RO          211    i.SetPinAsOutput    ds18b20.o
    0x08000e38   0x08000e38   0x00000008   Code   RO          489    i.SetSysClock       system_stm32f10x.o
    0x08000e40   0x08000e40   0x000000e0   Code   RO          490    i.SetSysClockTo72   system_stm32f10x.o
    0x08000f20   0x08000f20   0x00000010   Code   RO          441    i.SysTick_Handler   common.o
    0x08000f30   0x08000f30   0x00000060   Code   RO          492    i.SystemInit        system_stm32f10x.o
    0x08000f90   0x08000f90   0x0000001e   Code   RO           32    i.TIM2_IRQHandler   main.o
    0x08000fae   0x08000fae   0x00000002   PAD
    0x08000fb0   0x08000fb0   0x00000044   Code   RO           33    i.TIM3_IRQHandler   main.o
    0x08000ff4   0x08000ff4   0x00000048   Code   RO          269    i.USART1_IRQHandler  esp8266.o
    0x0800103c   0x0800103c   0x0000001c   Code   RO           34    i.USART2_IRQHandler  main.o
    0x08001058   0x08001058   0x0000000e   Code   RO          637    i._is_digit         c_w.l(__printf_wp.o)
    0x08001066   0x08001066   0x00000002   PAD
    0x08001068   0x08001068   0x00000044   Code   RO          176    i.delay_ms          delay_tim1.o
    0x080010ac   0x080010ac   0x00000040   Code   RO          177    i.delay_tim1_init   delay_tim1.o
    0x080010ec   0x080010ec   0x00000044   Code   RO          178    i.delay_us          delay_tim1.o
    0x08001130   0x08001130   0x0000002a   Code   RO          270    i.esp8266Begin      esp8266.o
    0x0800115a   0x0800115a   0x00000002   PAD
    0x0800115c   0x0800115c   0x0000001c   Code   RO          271    i.esp8266ClearBuffer  esp8266.o
    0x08001178   0x08001178   0x000001f0   Code   RO          272    i.esp8266Connect    esp8266.o
    0x08001368   0x08001368   0x00000050   Code   RO          273    i.esp8266Disconnect  esp8266.o
    0x080013b8   0x080013b8   0x0000002e   Code   RO          276    i.esp8266ReadForResponse  esp8266.o
    0x080013e6   0x080013e6   0x00000048   Code   RO          277    i.esp8266ReadForResponses  esp8266.o
    0x0800142e   0x0800142e   0x00000002   PAD
    0x08001430   0x08001430   0x00000060   Code   RO          280    i.esp8266Reset      esp8266.o
    0x08001490   0x08001490   0x00000014   Code   RO          281    i.esp8266RxBufferAvailable  esp8266.o
    0x080014a4   0x080014a4   0x00000048   Code   RO          282    i.esp8266SearchBuffer  esp8266.o
    0x080014ec   0x080014ec   0x0000005c   Code   RO          283    i.esp8266SendCommand  esp8266.o
    0x08001548   0x08001548   0x00000034   Code   RO          284    i.esp8266SetMode    esp8266.o
    0x0800157c   0x0800157c   0x0000003c   Code   RO          285    i.esp8266SetMux     esp8266.o
    0x080015b8   0x080015b8   0x00000198   Code   RO          286    i.esp8266StatusPrint  esp8266.o
    0x08001750   0x08001750   0x00000028   Code   RO          287    i.esp8266TcpClose   esp8266.o
    0x08001778   0x08001778   0x000000c4   Code   RO          288    i.esp8266TcpConnect  esp8266.o
    0x0800183c   0x0800183c   0x000000b8   Code   RO          289    i.esp8266TcpSend    esp8266.o
    0x080018f4   0x080018f4   0x0000023c   Code   RO          290    i.esp8266TcpSend_packet  esp8266.o
    0x08001b30   0x08001b30   0x000001f4   Code   RO          292    i.esp8266TcpStatus  esp8266.o
    0x08001d24   0x08001d24   0x00000034   Code   RO          293    i.esp8266Test       esp8266.o
    0x08001d58   0x08001d58   0x0000002c   Code   RO            1    i.led_init          led.o
    0x08001d84   0x08001d84   0x00000174   Code   RO           35    i.main              main.o
    0x08001ef8   0x08001ef8   0x0000000c   Code   RO          443    i.millis            common.o
    0x08001f04   0x08001f04   0x000000bc   Code   RO           36    i.rcc_init          main.o
    0x08001fc0   0x08001fc0   0x00000040   Code   RO          106    i.timer2_init       timer.o
    0x08002000   0x08002000   0x00000058   Code   RO          107    i.timer3_init       timer.o
    0x08002058   0x08002058   0x000000bc   Code   RO          133    i.usart1_init       usart.o
    0x08002114   0x08002114   0x000000bc   Code   RO          134    i.usart2_init       usart.o
    0x080021d0   0x080021d0   0x0000003e   Code   RO          135    i.usartSendArrar    usart.o
    0x0800220e   0x0800220e   0x00000010   Code   RO          136    i.usart_send_data   usart.o
    0x0800221e   0x0800221e   0x00000020   Code   RO          137    i.usart_send_string  usart.o
    0x0800223e   0x0800223e   0x00000002   PAD
    0x08002240   0x08002240   0x0000002c   Code   RO          851    locale$$code        c_w.l(lc_ctype_c.o)
    0x0800226c   0x0800226c   0x00000106   Data   RO          296    .constdata          esp8266.o
    0x08002372   0x08002372   0x00000028   Data   RO          610    .constdata          c_w.l(_printf_hex_int.o)
    0x0800239a   0x0800239a   0x00000011   Data   RO          640    .constdata          c_w.l(__printf_flags_wp.o)
    0x080023ab   0x080023ab   0x00000001   PAD
    0x080023ac   0x080023ac   0x00000028   Data   RO           39    .conststring        main.o
    0x080023d4   0x080023d4   0x00000020   Data   RO          927    Region$$Table       anon$$obj.o
    0x080023f4   0x080023f4   0x00000110   Data   RO          850    locale$$data        c_w.l(lc_ctype_c.o)


    Execution Region ER_RW (Exec base: 0x20000000, Load base: 0x08002504, Size: 0x000000dc, Max: 0xffffffff, ABSOLUTE)

    Exec Addr    Load Addr    Size         Type   Attr      Idx    E Section Name        Object

    0x20000000   0x08002504   0x0000003c   Data   RW           40    .data               main.o
    0x2000003c   0x08002540   0x00000008   Data   RW          179    .data               delay_tim1.o
    0x20000044   0x08002548   0x00000001   Data   RW          212    .data               ds18b20.o
    0x20000045   0x08002549   0x00000003   PAD
    0x20000048   0x0800254c   0x0000007a   Data   RW          297    .data               esp8266.o
    0x200000c2   0x080025c6   0x00000002   PAD
    0x200000c4   0x080025c8   0x00000004   Data   RW          445    .data               common.o
    0x200000c8   0x080025cc   0x00000014   Data   RW          493    .data               system_stm32f10x.o


    Execution Region ER_ZI (Exec base: 0x200000dc, Load base: 0x080025e0, Size: 0x000009b4, Max: 0xffffffff, ABSOLUTE)

    Exec Addr    Load Addr    Size         Type   Attr      Idx    E Section Name        Object

    0x200000dc        -       0x000000c8   Zero   RW           37    .bss                main.o
    0x200001a4        -       0x0000028a   Zero   RW          295    .bss                esp8266.o
    0x2000042e   0x080025e0   0x00000002   PAD
    0x20000430        -       0x00000060   Zero   RW          792    .bss                c_w.l(libspace.o)
    0x20000490        -       0x00000200   Zero   RW          524    HEAP                startup_stm32f10x_md.o
    0x20000690        -       0x00000400   Zero   RW          523    STACK               startup_stm32f10x_md.o


==============================================================================

Image component sizes


      Code (inc. data)   RO Data    RW Data    ZI Data      Debug   Object Name

        28         10          0          4          0       1415   common.o
         0          0          0          0          0         32   core_cm3.o
       200         36          0          8          0       1572   delay_tim1.o
       334         32          0          1          0       3152   ds18b20.o
      3180        794        262        122        650      15414   esp8266.o
        44          8          0          0          0     206535   led.o
       686        184         40         60        200       6725   main.o
        64         26        236          0       1536        780   startup_stm32f10x_md.o
       328         28          0         20          0       2173   system_stm32f10x.o
       174         16          0          0          0      16287   timer.o
       508         28          0          0          0       3383   usart.o

    ----------------------------------------------------------------------
      5556       1162        570        220       2388     257468   Object Totals
         0          0         32          0          0          0   (incl. Generated)
        10          0          0          5          2          0   (incl. Padding)

    ----------------------------------------------------------------------

      Code (inc. data)   RO Data    RW Data    ZI Data      Debug   Library Member Name

         8          0          0          0          0         68   __main.o
       312          4         17          0          0         92   __printf_flags_wp.o
        14          0          0          0          0         68   __printf_wp.o
         0          0          0          0          0          0   __rtentry.o
        12          0          0          0          0          0   __rtentry2.o
         6          0          0          0          0          0   __rtentry4.o
        52          8          0          0          0          0   __scatter.o
        26          0          0          0          0          0   __scatter_copy.o
        28          0          0          0          0          0   __scatter_zi.o
        28          0          0          0          0         68   _chval.o
        44          0          0          0          0        108   _printf_char.o
        48          6          0          0          0         96   _printf_char_common.o
         6          0          0          0          0          0   _printf_d.o
       120         16          0          0          0         92   _printf_dec.o
        88          4         40          0          0         88   _printf_hex_int.o
       178          0          0          0          0         88   _printf_intcommon.o
        78          0          0          0          0        108   _printf_pad.o
         0          0          0          0          0          0   _printf_percent.o
         4          0          0          0          0          0   _printf_percent_end.o
         6          0          0          0          0          0   _printf_s.o
        82          0          0          0          0         80   _printf_str.o
         6          0          0          0          0          0   _printf_x.o
        10          0          0          0          0         68   _sputc.o
       158          0          0          0          0         92   _strtoul.o
        26          0          0          0          0         80   atoi.o
        10          0          0          0          0         68   defsig_exit.o
        50          0          0          0          0         88   defsig_general.o
        80         58          0          0          0         76   defsig_rtmem_inner.o
        14          0          0          0          0         80   defsig_rtmem_outer.o
        18          0          0          0          0         80   exit.o
        94          0          0          0          0         80   h1_alloc.o
        52          0          0          0          0         68   h1_extend.o
        78          0          0          0          0         80   h1_free.o
        14          0          0          0          0         84   h1_init.o
         6          0          0          0          0        152   heapauxi.o
         4          0          0          0          0        136   hguard.o
         0          0          0          0          0          0   indicate_semi.o
       138          0          0          0          0        168   init_alloc.o
        44         10        272          0          0         76   lc_ctype_c.o
         2          0          0          0          0          0   libinit.o
        28          0          0          0          0          0   libinit2.o
         2          0          0          0          0          0   libshutdown.o
         2          0          0          0          0          0   libshutdown2.o
         8          4          0          0         96         68   libspace.o
         0          0          0          0          0          0   maybetermalloc1.o
        40          6          0          0          0         84   noretval__2sprintf.o
        16          4          0          0          0         76   rt_ctype_table.o
         8          4          0          0          0         68   rt_errno_addr_intlibspace.o
         8          4          0          0          0         68   rt_heap_descriptor_intlibspace.o
         8          4          0          0          0         68   rt_locale_intlibspace.o
        68          0          0          0          0         68   rt_memclr.o
        78          0          0          0          0         80   rt_memclr_w.o
       138          0          0          0          0         68   rt_memcpy_v6.o
       100          0          0          0          0         80   rt_memcpy_w.o
         2          0          0          0          0          0   rtexit.o
        10          0          0          0          0          0   rtexit2.o
       128          0          0          0          0         68   strcmpv7m.o
        72          0          0          0          0         80   strcpy.o
        62          0          0          0          0         76   strlen.o
        36          0          0          0          0         76   strncat.o
        36          0          0          0          0         80   strstr.o
       112          0          0          0          0         88   strtol.o
        12          4          0          0          0         68   sys_exit.o
        74          0          0          0          0         80   sys_stackheap_outer.o
        14          0          0          0          0         76   sys_wrch.o
         2          0          0          0          0         68   use_no_semi.o

    ----------------------------------------------------------------------
      3020        136        330          0         96       3920   Library Totals
        12          0          1          0          0          0   (incl. Padding)

    ----------------------------------------------------------------------

      Code (inc. data)   RO Data    RW Data    ZI Data      Debug   Library Name

      3008        136        329          0         96       3920   c_w.l

    ----------------------------------------------------------------------
      3020        136        330          0         96       3920   Library Totals

    ----------------------------------------------------------------------

==============================================================================


      Code (inc. data)   RO Data    RW Data    ZI Data      Debug   

      8576       1298        900        220       2484     256756   Grand Totals
      8576       1298        900        220       2484     256756   ELF Image Totals
      8576       1298        900        220          0          0   ROM Totals

==============================================================================

    Total RO  Size (Code + RO Data)                 9476 (   9.25kB)
    Total RW  Size (RW Data + ZI Data)              2704 (   2.64kB)
    Total ROM Size (Code + RO Data + RW Data)       9696 (   9.47kB)

==============================================================================

